Starting isolated test stack and running tests...
 Image yt-diff:stabilization-final-v1 Building 
 Image tests-test-runner Building 
#1 [internal] load local bake definitions
#1 reading from stdin 1.12kB done
#1 DONE 0.0s

#2 [yt-diff-test internal] load build definition from Dockerfile
#2 transferring dockerfile: 6.21kB done
#2 DONE 0.0s

#3 [test-runner internal] load build definition from Dockerfile
#3 transferring dockerfile: 354B done
#3 DONE 0.0s

#4 [auth] denoland/deno:pull token for registry-1.docker.io
#4 DONE 0.0s

#5 [auth] library/debian:pull token for registry-1.docker.io
#5 DONE 0.0s

#6 [auth] library/node:pull token for registry-1.docker.io
#6 DONE 0.0s

#7 [yt-diff-test internal] load metadata for docker.io/library/node:22.20.0-slim
#7 DONE 1.2s

#8 [yt-diff-test internal] load metadata for docker.io/library/debian:stable-slim
#8 ...

#9 [test-runner internal] load metadata for docker.io/denoland/deno:alpine
#9 DONE 1.3s

#10 [test-runner internal] load .dockerignore
#10 transferring context: 2B done
#10 DONE 0.0s

#11 [test-runner 1/3] FROM docker.io/denoland/deno:alpine@sha256:6fa741b10c9519dc8305f115356b0c7dc2782a8ec8fa1d14579dd2e9d1385721
#11 DONE 0.0s

#12 [test-runner internal] load build context
#12 transferring context: 34.81kB 0.0s done
#12 DONE 0.1s

#13 [test-runner 2/3] WORKDIR /app
#13 CACHED

#14 [test-runner 3/3] COPY api_test_e2e.ts .
#14 DONE 0.1s

#15 [test-runner] exporting to image
#15 exporting layers 0.0s done
#15 writing image sha256:890a0f1a75c52c56e984eb3ab457759d7da3f7ec4f31bd8bc04212af6ad88c2b done
#15 naming to docker.io/library/tests-test-runner done
#15 DONE 0.1s

#16 [test-runner] resolving provenance for metadata file
#16 DONE 0.0s

#8 [yt-diff-test internal] load metadata for docker.io/library/debian:stable-slim
#8 DONE 1.7s

#17 [yt-diff-test internal] load .dockerignore
#17 transferring context: 191B done
#17 DONE 0.0s

#18 [yt-diff-test frontend-builder 1/6] FROM docker.io/library/node:22.20.0-slim@sha256:b21fe589dfbe5cc39365d0544b9be3f1f33f55f3c86c87a76ff65a02f8f5848e
#18 DONE 0.0s

#19 [yt-diff-test prebuilt-binaries-builder 1/2] FROM docker.io/library/debian:stable-slim@sha256:8f0c555de6a2f9c2bda1b170b67479d11f7f5e3b66bb4a7a1d8843361c9dd3ff
#19 DONE 0.0s

#20 [yt-diff-test internal] load build context
#20 transferring context: 4.60MB 3.4s done
#20 DONE 3.5s

#21 [yt-diff-test final  8/12] COPY deno.lock ./
#21 CACHED

#22 [yt-diff-test frontend-builder 5/6] RUN npm install
#22 CACHED

#23 [yt-diff-test final  4/12] RUN DEBIAN_FRONTEND=noninteractive apt-get update &&     apt-get -y upgrade &&     apt-get install -y ca-certificates curl tini python3 python3-pip python3-venv --no-install-recommends &&     echo "DEBUG: Creating Python virtual environment at /opt/venv" &&     python3 -m venv /opt/venv &&     echo "DEBUG: Upgrading pip inside venv" &&     /opt/venv/bin/pip install --no-cache-dir --upgrade pip &&     echo "DEBUG: Installing yt-dlp, ejs, and curl_cffi into venv" &&     /opt/venv/bin/pip install --no-cache-dir 'yt-dlp[default,curl-cffi]' yt-dlp-ejs &&     echo "DEBUG: Checking yt-dlp version:" &&     /opt/venv/bin/yt-dlp --version &&     apt-get autoremove -y --purge &&     rm -rf /var/lib/apt/lists/*
#23 CACHED

#24 [yt-diff-test final 11/12] COPY src ./src
#24 CACHED

#25 [yt-diff-test frontend-builder 4/6] WORKDIR /app/frontend_src
#25 CACHED

#26 [yt-diff-test frontend-builder 6/6] RUN npm run build
#26 CACHED

#27 [yt-diff-test final  5/12] COPY --from=prebuilt-binaries-builder /dist/bin/* /usr/local/bin/
#27 CACHED

#28 [yt-diff-test prebuilt-binaries-builder 2/2] RUN echo 'APT::Get::Install-Recommends "false";     APT::Get::Install-Suggests "false";' > /etc/apt/apt.conf.d/00-no-extras &&     DEBIAN_FRONTEND=noninteractive apt-get update &&     apt-get -y upgrade &&     apt-get install -y curl ca-certificates xz-utils bzip2 unzip --no-install-recommends &&     mkdir -p /dist/bin &&     cd /tmp &&     echo "DEBUG: Downloading and extracting FFMPEG binaries" &&     FFMPEG_ARCH_SUFFIX="linux64" &&     if [ "amd64" = "arm64" ];     then FFMPEG_ARCH_SUFFIX="linuxarm64"; fi &&     curl -L "https://github.com/yt-dlp/FFmpeg-Builds/releases/download/latest/ffmpeg-master-latest-${FFMPEG_ARCH_SUFFIX}-gpl.tar.xz" -o "ffmpeg.tar.xz" &&     tar -xf ffmpeg.tar.xz &&     mv ffmpeg-master-latest-${FFMPEG_ARCH_SUFFIX}-gpl/bin/ffmpeg ffmpeg-master-latest-${FFMPEG_ARCH_SUFFIX}-gpl/bin/ffprobe ffmpeg-master-latest-${FFMPEG_ARCH_SUFFIX}-gpl/bin/ffplay /dist/bin/ &&     echo "DEBUG: Checking ffmpeg version:" &&     /dist/bin/ffmpeg -version &&         echo "DEBUG: Downloading and extracting PhantomJS binary" &&     if [ "amd64" = "amd64" ];     then     curl -L "https://bitbucket.org/ariya/phantomjs/downloads/phantomjs-2.1.1-linux-x86_64.tar.bz2" -o "phantomjs.tar.bz2" &&     tar -xf phantomjs.tar.bz2 &&     mv phantomjs-2.1.1-linux-x86_64/bin/phantomjs /dist/bin/phantomjs;     else     echo "INFO: Skipping PhantomJS for amd64 as only x86_64 binary is available from the script's original source.";     fi &&     echo "DEBUG: Installing Deno" &&     DENO_ARCH="" &&     if [ "amd64" = "amd64" ]; then DENO_ARCH="x86_64-unknown-linux-gnu";     elif [ "amd64" = "arm64" ]; then DENO_ARCH="aarch64-unknown-linux-gnu";     else echo "ERROR: Unsupported TARGETARCH for Deno: amd64"; exit 1; fi &&     curl -L "https://github.com/denoland/deno/releases/latest/download/deno-${DENO_ARCH}.zip" -o deno.zip &&     unzip -d /dist/bin/ deno.zip &&     rm deno.zip &&     echo "DEBUG: Checking Deno version:" &&     /dist/bin/deno --version &&     cd / && rm -rf /tmp/* &&     apt-get purge -y curl xz-utils bzip2 unzip &&     apt-get autoremove -y --purge &&     rm -rf /var/lib/apt/lists/*
#28 CACHED

#29 [yt-diff-test final  2/12] WORKDIR /app
#29 CACHED

#30 [yt-diff-test final  6/12] COPY --from=frontend-builder /app/dist ./dist
#30 CACHED

#31 [yt-diff-test final 10/12] COPY index.ts ./
#31 CACHED

#32 [yt-diff-test final  9/12] COPY deno.json ./
#32 CACHED

#33 [yt-diff-test final  7/12] COPY package.json ./
#33 CACHED

#34 [yt-diff-test frontend-builder 3/6] COPY frontend/ ./frontend_src/
#34 CACHED

#35 [yt-diff-test final  3/12] RUN echo 'APT::Get::Install-Recommends "false"; APT::Get::Install-Suggests "false";' > /etc/apt/apt.conf.d/00-no-extras
#35 CACHED

#36 [yt-diff-test frontend-builder 2/6] WORKDIR /app
#36 CACHED

#37 [yt-diff-test final 12/12] RUN groupadd ytdiff --gid=1000 &&     useradd --system --shell /bin/false --gid 1000 --uid 1000 --home /home/ytdiff ytdiff &&     mkdir -p /home/ytdiff/.cache/yt-dlp &&     chown -R ytdiff:ytdiff /home/ytdiff &&     mkdir -p /app && chown -R ytdiff:ytdiff /app &&     deno install
#37 CACHED

#38 [yt-diff-test] exporting to image
#38 exporting layers done
#38 writing image sha256:26222e492ad830dd5b57b3bf5c493748488e6bfafe9d1fb41de9b6315c4cf972 done
#38 naming to docker.io/library/yt-diff:stabilization-final-v1 done
#38 DONE 0.0s

#39 [yt-diff-test] resolving provenance for metadata file
#39 DONE 0.0s
 Image tests-test-runner Built 
 Image yt-diff:stabilization-final-v1 Built 
 Network tests_default Creating 
 Network tests_default Created 
 Container mock-tube Creating 
 Container yt-db-test Creating 
 Container valkey-test Creating 
 Container mock-tube Created 
 Container valkey-test Created 
 Container yt-db-test Created 
 Container yt-diff-test Creating 
 Container yt-diff-test Created 
 Container yt-diff-test-runner Creating 
 Container yt-diff-test-runner Created 
Attaching to mock-tube, valkey-test, yt-db-test, yt-diff-test, yt-diff-test-runner
 Container valkey-test Starting 
 Container mock-tube Starting 
 Container yt-db-test Starting 
 Container mock-tube Started 
mock-tube  | /docker-entrypoint.sh: /docker-entrypoint.d/ is not empty, will attempt to perform configuration
mock-tube  | /docker-entrypoint.sh: Looking for shell scripts in /docker-entrypoint.d/
mock-tube  | /docker-entrypoint.sh: Launching /docker-entrypoint.d/10-listen-on-ipv6-by-default.sh
 Container valkey-test Started 
mock-tube  | 10-listen-on-ipv6-by-default.sh: info: Getting the checksum of /etc/nginx/conf.d/default.conf
 Container yt-db-test Started 
 Container yt-db-test Waiting 
 Container valkey-test Waiting 
valkey-test  | 1:M 25 Apr 2026 10:55:58.076 # WARNING Memory overcommit must be enabled! Without it, a background save or replication may fail under low memory condition. Being disabled, it can also cause failures without low memory condition, see https://github.com/jemalloc/jemalloc/issues/1328. To fix this issue add 'vm.overcommit_memory = 1' to /etc/sysctl.conf and then reboot or run the command 'sysctl vm.overcommit_memory=1' for this to take effect.
valkey-test  | 1:M 25 Apr 2026 10:55:58.077 * oO0OoO0OoO0Oo Valkey is starting oO0OoO0OoO0Oo
valkey-test  | 1:M 25 Apr 2026 10:55:58.077 * Valkey version=8.1.6, bits=64, commit=00000000, modified=0, pid=1, just started
valkey-test  | 1:M 25 Apr 2026 10:55:58.077 # Warning: no config file specified, using the default config. In order to specify a config file use valkey-server /path/to/valkey.conf
valkey-test  | 1:M 25 Apr 2026 10:55:58.078 * Increased maximum number of open files to 10032 (it was originally set to 1024).
valkey-test  | 1:M 25 Apr 2026 10:55:58.078 * monotonic clock: POSIX clock_gettime
valkey-test  | 1:M 25 Apr 2026 10:55:58.079 * Running mode=standalone, port=6379.
valkey-test  | 1:M 25 Apr 2026 10:55:58.080 * Server initialized
valkey-test  | 1:M 25 Apr 2026 10:55:58.080 * Ready to accept connections tcp
mock-tube    | 10-listen-on-ipv6-by-default.sh: info: Enabled listen on IPv6 in /etc/nginx/conf.d/default.conf
mock-tube    | /docker-entrypoint.sh: Sourcing /docker-entrypoint.d/15-local-resolvers.envsh
mock-tube    | /docker-entrypoint.sh: Launching /docker-entrypoint.d/20-envsubst-on-templates.sh
mock-tube    | /docker-entrypoint.sh: Launching /docker-entrypoint.d/30-tune-worker-processes.sh
mock-tube    | /docker-entrypoint.sh: Configuration complete; ready for start up
yt-db-test   | The files belonging to this database system will be owned by user "postgres".
yt-db-test   | This user must also own the server process.
yt-db-test   | 
mock-tube    | 2026/04/25 10:55:58 [notice] 1#1: using the "epoll" event method
mock-tube    | 2026/04/25 10:55:58 [notice] 1#1: nginx/1.29.8
mock-tube    | 2026/04/25 10:55:58 [notice] 1#1: built by gcc 15.2.0 (Alpine 15.2.0) 
mock-tube    | 2026/04/25 10:55:58 [notice] 1#1: OS: Linux 5.15.0-176-generic
mock-tube    | 2026/04/25 10:55:58 [notice] 1#1: getrlimit(RLIMIT_NOFILE): 1024:524288
mock-tube    | 2026/04/25 10:55:58 [notice] 1#1: start worker processes
mock-tube    | 2026/04/25 10:55:58 [notice] 1#1: start worker process 30
mock-tube    | 2026/04/25 10:55:58 [notice] 1#1: start worker process 31
mock-tube    | 2026/04/25 10:55:58 [notice] 1#1: start worker process 32
mock-tube    | 2026/04/25 10:55:58 [notice] 1#1: start worker process 33
yt-db-test   | The database cluster will be initialized with locale "en_US.utf8".
yt-db-test   | The default database encoding has accordingly been set to "UTF8".
yt-db-test   | The default text search configuration will be set to "english".
yt-db-test   | 
yt-db-test   | Data page checksums are disabled.
yt-db-test   | 
yt-db-test   | fixing permissions on existing directory /var/lib/postgresql/data ... ok
yt-db-test   | creating subdirectories ... ok
yt-db-test   | selecting dynamic shared memory implementation ... posix
yt-db-test   | selecting default max_connections ... 100
yt-db-test   | selecting default shared_buffers ... 128MB
yt-db-test   | selecting default time zone ... UTC
yt-db-test   | creating configuration files ... ok
yt-db-test   | running bootstrap script ... ok
yt-db-test   | sh: locale: not found
yt-db-test   | 2026-04-25 10:55:59.437 UTC [31] WARNING:  no usable system locales were found
yt-db-test   | performing post-bootstrap initialization ... ok
yt-db-test   | initdb: warning: enabling "trust" authentication for local connections
yt-db-test   | initdb: hint: You can change this by editing pg_hba.conf or using the option -A, or --auth-local and --auth-host, the next time you run initdb.
yt-db-test   | syncing data to disk ... ok
yt-db-test   | 
yt-db-test   | 
yt-db-test   | Success. You can now start the database server using:
yt-db-test   | 
yt-db-test   |     pg_ctl -D /var/lib/postgresql/data -l logfile start
yt-db-test   | 
yt-db-test   | waiting for server to start....2026-04-25 10:56:00.431 UTC [37] LOG:  starting PostgreSQL 16.2 on x86_64-pc-linux-musl, compiled by gcc (Alpine 13.2.1_git20231014) 13.2.1 20231014, 64-bit
yt-db-test   | 2026-04-25 10:56:00.439 UTC [37] LOG:  listening on Unix socket "/var/run/postgresql/.s.PGSQL.5432"
yt-db-test   | 2026-04-25 10:56:00.442 UTC [40] LOG:  database system was shut down at 2026-04-25 10:56:00 UTC
yt-db-test   | 2026-04-25 10:56:00.448 UTC [37] LOG:  database system is ready to accept connections
yt-db-test   |  done
yt-db-test   | server started
yt-db-test   | CREATE DATABASE
yt-db-test   | 
yt-db-test   | 
yt-db-test   | /usr/local/bin/docker-entrypoint.sh: ignoring /docker-entrypoint-initdb.d/*
yt-db-test   | 
yt-db-test   | waiting for server to shut down...2026-04-25 10:56:00.593 UTC [37] LOG:  received fast shutdown request
yt-db-test   | 2026-04-25 10:56:00.593 UTC [37] LOG:  aborting any active transactions
yt-db-test   | .2026-04-25 10:56:00.598 UTC [37] LOG:  background worker "logical replication launcher" (PID 43) exited with exit code 1
yt-db-test   | 2026-04-25 10:56:00.601 UTC [38] LOG:  shutting down
yt-db-test   | 2026-04-25 10:56:00.601 UTC [38] LOG:  checkpoint starting: shutdown immediate
yt-db-test   | 2026-04-25 10:56:00.612 UTC [38] LOG:  checkpoint complete: wrote 925 buffers (5.6%); 0 WAL file(s) added, 0 removed, 0 recycled; write=0.010 s, sync=0.001 s, total=0.011 s; sync files=301, longest=0.001 s, average=0.001 s; distance=4269 kB, estimate=4269 kB; lsn=0/191BA28, redo lsn=0/191BA28
yt-db-test   | 2026-04-25 10:56:00.625 UTC [37] LOG:  database system is shut down
yt-db-test   |  done
yt-db-test   | server stopped
yt-db-test   | 
yt-db-test   | PostgreSQL init process complete; ready for start up.
yt-db-test   | 
yt-db-test   | 2026-04-25 10:56:00.727 UTC [1] LOG:  starting PostgreSQL 16.2 on x86_64-pc-linux-musl, compiled by gcc (Alpine 13.2.1_git20231014) 13.2.1 20231014, 64-bit
yt-db-test   | 2026-04-25 10:56:00.727 UTC [1] LOG:  listening on IPv4 address "0.0.0.0", port 5432
yt-db-test   | 2026-04-25 10:56:00.727 UTC [1] LOG:  listening on IPv6 address "::", port 5432
yt-db-test   | 2026-04-25 10:56:00.735 UTC [1] LOG:  listening on Unix socket "/var/run/postgresql/.s.PGSQL.5432"
yt-db-test   | 2026-04-25 10:56:00.738 UTC [53] LOG:  database system was shut down at 2026-04-25 10:56:00 UTC
yt-db-test   | 2026-04-25 10:56:00.744 UTC [1] LOG:  database system is ready to accept connections
mock-tube    | ::1 - - [25/Apr/2026:10:56:03 +0000] "GET / HTTP/1.1" 200 3 "-" "curl/8.17.0" "-"
mock-tube    | ::1 - - [25/Apr/2026:10:56:08 +0000] "GET / HTTP/1.1" 200 3 "-" "curl/8.17.0" "-"
 Container valkey-test Healthy 
 Container yt-db-test Healthy 
 Container yt-diff-test Starting 
 Container yt-diff-test Started 
 Container mock-tube Waiting 
 Container yt-diff-test Waiting 
 Container mock-tube Healthy 
yt-diff-test  | level=info msg="Logger initialized" ts=2026-04-25T10:56:09.842Z logLevel="trace"
yt-diff-test  | level=info msg="Starting server in HTTP mode" ts=2026-04-25T10:56:09.862Z
yt-diff-test  | level=info msg="Server listening on http://localhost:8888/ytdiff" ts=2026-04-25T10:56:09.939Z
yt-diff-test  | level=trace msg="Sleeping for 3 seconds" ts=2026-04-25T10:56:09.940Z
yt-diff-test  | level=info msg="Connected to Redis" ts=2026-04-25T10:56:09.946Z
yt-diff-test  | level=info msg="Connection to database has been established successfully" ts=2026-04-25T10:56:10.051Z host="yt-db-test" database="vidlist"
yt-diff-test  | level=info msg="tables exist or are created successfully" ts=2026-04-25T10:56:10.115Z host="yt-db-test" database="vidlist" tables="[\"video_metadata\",\"playlist_metadata\",\"playlist_video_mapping\"]"
yt-diff-test  | level=info msg="Trigram indexes checked/created successfully" ts=2026-04-25T10:56:10.134Z
yt-diff-test  | level=info msg="Unlisted playlist created successfully" ts=2026-04-25T10:56:10.154Z host="yt-db-test" database="vidlist" tables="[null]"
yt-diff-test  | level=warn msg="No users exist in the database. Please create a user account." ts=2026-04-25T10:56:10.156Z setup_required=true
yt-diff-test  | level=trace msg="Sleep completed after 3.002 seconds" ts=2026-04-25T10:56:12.942Z
yt-diff-test  | level=info msg="Sleep duration: 3.002 seconds" ts=2026-04-25T10:56:12.942Z
yt-diff-test  | level=debug msg="Download Options: yt-dlp --progress --embed-metadata --embed-chapters --write-subs --write-auto-subs --write-description --write-comments --write-thumbnail --restrict-filenames -P temp:/tmp -o %(id)s.%(ext)s --print before_dl:title:%(title)s [%(id)s] --print post_process:\"fileName:%(id)s.%(ext)s\" --progress-template download-title:%(info.id)s-%(progress.eta)s --paths \"/app/downloads/{playlist_dir}\" \"{url}\"" ts=2026-04-25T10:56:12.942Z
yt-diff-test  | level=debug msg="List Options: yt-dlp --playlist-start {start_num} --playlist-end {stop_num} --dump-json --no-download {bodyUrl}" ts=2026-04-25T10:56:12.942Z
yt-diff-test  | level=info msg="Started cleanup job" ts=2026-04-25T10:56:12.950Z schedule="* * * * *" nextRun="Sat, Apr 25, 04:27 PM"
yt-diff-test  | level=info msg="Started update job" ts=2026-04-25T10:56:12.954Z schedule="* * * * *" nextRun="Sat, Apr 25, 04:27 PM"
yt-diff-test  | level=info msg="Started prune job" ts=2026-04-25T10:56:12.956Z schedule="* * * * *" nextRun="Sat, Apr 25, 04:27 PM"
mock-tube     | ::1 - - [25/Apr/2026:10:56:13 +0000] "GET / HTTP/1.1" 200 3 "-" "curl/8.17.0" "-"
yt-diff-test  | level=trace msg="Request Received" ts=2026-04-25T10:56:14.054Z url="/ytdiff/ping" method="GET" encoding=""
 Container yt-diff-test Healthy 
 Container yt-diff-test-runner Starting 
 Container yt-diff-test-runner Started 
yt-diff-test-runner  | [0m[32mDownload[0m https://deno.land/std@0.224.0/assert/mod.ts
yt-diff-test-runner  | [0m[32mDownload[0m https://deno.land/std@0.224.0/assert/assert_almost_equals.ts
yt-diff-test-runner  | [0m[32mDownload[0m https://deno.land/std@0.224.0/assert/assert_array_includes.ts
yt-diff-test-runner  | [0m[32mDownload[0m https://deno.land/std@0.224.0/assert/assert_equals.ts
yt-diff-test-runner  | [0m[32mDownload[0m https://deno.land/std@0.224.0/assert/assert_exists.ts
yt-diff-test-runner  | [0m[32mDownload[0m https://deno.land/std@0.224.0/assert/assert_false.ts
yt-diff-test-runner  | [0m[32mDownload[0m https://deno.land/std@0.224.0/assert/assert_greater_or_equal.ts
yt-diff-test-runner  | [0m[32mDownload[0m https://deno.land/std@0.224.0/assert/assert_greater.ts
yt-diff-test-runner  | [0m[32mDownload[0m https://deno.land/std@0.224.0/assert/assert_instance_of.ts
yt-diff-test-runner  | [0m[32mDownload[0m https://deno.land/std@0.224.0/assert/assert_is_error.ts
yt-diff-test-runner  | [0m[32mDownload[0m https://deno.land/std@0.224.0/assert/assert_less_or_equal.ts
yt-diff-test-runner  | [0m[32mDownload[0m https://deno.land/std@0.224.0/assert/assert_less.ts
yt-diff-test-runner  | [0m[32mDownload[0m https://deno.land/std@0.224.0/assert/assert_match.ts
yt-diff-test-runner  | [0m[32mDownload[0m https://deno.land/std@0.224.0/assert/assert_not_equals.ts
yt-diff-test-runner  | [0m[32mDownload[0m https://deno.land/std@0.224.0/assert/assert_not_instance_of.ts
yt-diff-test-runner  | [0m[32mDownload[0m https://deno.land/std@0.224.0/assert/assert_not_match.ts
yt-diff-test-runner  | [0m[32mDownload[0m https://deno.land/std@0.224.0/assert/assert_not_strict_equals.ts
yt-diff-test-runner  | [0m[32mDownload[0m https://deno.land/std@0.224.0/assert/assert_object_match.ts
yt-diff-test-runner  | [0m[32mDownload[0m https://deno.land/std@0.224.0/assert/assert_rejects.ts
yt-diff-test-runner  | [0m[32mDownload[0m https://deno.land/std@0.224.0/assert/assert_strict_equals.ts
yt-diff-test-runner  | [0m[32mDownload[0m https://deno.land/std@0.224.0/assert/assert_string_includes.ts
yt-diff-test-runner  | [0m[32mDownload[0m https://deno.land/std@0.224.0/assert/assert_throws.ts
yt-diff-test-runner  | [0m[32mDownload[0m https://deno.land/std@0.224.0/assert/assert.ts
yt-diff-test-runner  | [0m[32mDownload[0m https://deno.land/std@0.224.0/assert/assertion_error.ts
yt-diff-test-runner  | [0m[32mDownload[0m https://deno.land/std@0.224.0/assert/equal.ts
yt-diff-test-runner  | [0m[32mDownload[0m https://deno.land/std@0.224.0/assert/fail.ts
yt-diff-test-runner  | [0m[32mDownload[0m https://deno.land/std@0.224.0/assert/unimplemented.ts
yt-diff-test-runner  | [0m[32mDownload[0m https://deno.land/std@0.224.0/assert/unreachable.ts
yt-diff-test-runner  | [0m[32mDownload[0m https://deno.land/std@0.224.0/internal/format.ts
yt-diff-test-runner  | [0m[32mDownload[0m https://deno.land/std@0.224.0/internal/mod.ts
yt-diff-test-runner  | [0m[32mDownload[0m https://deno.land/std@0.224.0/fmt/colors.ts
yt-diff-test-runner  | [0m[32mDownload[0m https://deno.land/std@0.224.0/assert/_constants.ts
yt-diff-test-runner  | [0m[32mDownload[0m https://deno.land/std@0.224.0/internal/diff.ts
yt-diff-test-runner  | [0m[32mCheck[0m api_test_e2e.ts
mock-tube            | ::1 - - [25/Apr/2026:10:56:18 +0000] "GET / HTTP/1.1" 200 3 "-" "curl/8.17.0" "-"
yt-diff-test         | level=trace msg="Request Received" ts=2026-04-25T10:56:19.200Z url="/ytdiff/ping" method="GET" encoding=""
yt-diff-test-runner  | [0m[38;5;245mrunning 63 tests from ./api_test_e2e.ts[0m
yt-diff-test         | level=trace msg="Rate limit check for IP 172.22.0.6" ts=2026-04-25T10:56:19.706Z
yt-diff-test         | level=debug msg="Rate limiting disabled (maxRequestsPerWindow is 0)" ts=2026-04-25T10:56:19.706Z
yt-diff-test-runner  | User Registration Check ... [0m[32mok[0m [0m[38;5;245m(12ms)[0m
yt-diff-test         | level=trace msg="Rate limit check for IP 172.22.0.6" ts=2026-04-25T10:56:19.719Z
yt-diff-test         | level=debug msg="Rate limiting disabled (maxRequestsPerWindow is 0)" ts=2026-04-25T10:56:19.719Z
yt-diff-test-runner  | User Registration ... [0m[32mok[0m [0m[38;5;245m(183ms)[0m
yt-diff-test         | level=trace msg="Rate limit check for IP 172.22.0.6" ts=2026-04-25T10:56:19.901Z
yt-diff-test         | level=debug msg="Rate limiting disabled (maxRequestsPerWindow is 0)" ts=2026-04-25T10:56:19.901Z
yt-diff-test         | level=info msg="Authentication successful for user testuser_123" ts=2026-04-25T10:56:20.023Z
yt-diff-test-runner  | User Login ... [0m[32mok[0m [0m[38;5;245m(125ms)[0m
yt-diff-test         | level=debug msg="Fetching user data for ID b215b025-7486-4d55-8392-be0682b01b1a" ts=2026-04-25T10:56:20.032Z
yt-diff-test         | level=trace msg="Fetching playlists for display" ts=2026-04-25T10:56:20.036Z startIndex=0 pageSize=10 sortBy="sortOrder" sortDirection="ASC" searchQuery=""
yt-diff-test-runner  | TC-0.1 — Initial playlist list is empty ... [0m[32mok[0m [0m[38;5;245m(18ms)[0m
yt-diff-test         | level=trace msg="Fetching playlist videos" ts=2026-04-25T10:56:20.049Z startIndex=0 endIndex=10 searchQuery="" sortBy="positionInPlaylist" sortDirection="ASC" playlistUrl="None"
yt-diff-test-runner  | TC-0.2 — 'None' playlist sublist is empty ... [0m[32mok[0m [0m[38;5;245m(23ms)[0m
yt-diff-test         | level=trace msg="Rate limit check for IP 172.22.0.6" ts=2026-04-25T10:56:20.068Z
yt-diff-test         | level=debug msg="Rate limiting disabled (maxRequestsPerWindow is 0)" ts=2026-04-25T10:56:20.068Z
yt-diff-test         | level=trace msg="Processing URL list" ts=2026-04-25T10:56:20.072Z urlCount=1 chunkSize=10 monitoringType="N/A"
yt-diff-test         | level=debug msg="Checking URL in database" ts=2026-04-25T10:56:20.072Z url="http://mock-tube:80/playlists/dup-test-1.rss?list=1"
yt-diff-test         | level=debug msg="URL not found in database, adding to list" ts=2026-04-25T10:56:20.081Z url="http://mock-tube:80/playlists/dup-test-1.rss?list=1"
yt-diff-test         | level=trace msg="Listing 1 items concurrently (chunk size: 10)" ts=2026-04-25T10:56:20.082Z
yt-diff-test         | level=trace msg="Starting listing with semaphore: {\"url\":\"http://mock-tube:80/playlists/dup-test-1.rss?list=1\",\"type\":\"undetermined\",\"currentMonitoringType\":\"N/A\",\"reason\":\"URL not found in database\"}" ts=2026-04-25T10:56:20.082Z
yt-diff-test         | level=debug msg="ListingSemaphore acquired, current concurrent: 1" ts=2026-04-25T10:56:20.082Z
yt-diff-test         | level=debug msg="Listing processes started" ts=2026-04-25T10:56:20.082Z itemCount=1
yt-diff-test         | level=debug msg="isScheduledUpdate: false" ts=2026-04-25T10:56:20.083Z item="{\"url\":\"http://mock-tube:80/playlists/dup-test-1.rss?list=1\",\"type\":\"undetermined\",\"currentMonitoringType\":\"N/A\",\"reason\":\"URL not found in database\"}" isScheduledUpdate=false
yt-diff-test         | level=debug msg="Playlist not found in database, adding to database" ts=2026-04-25T10:56:20.086Z url="http://mock-tube:80/playlists/dup-test-1.rss?list=1"
yt-diff-test         | level=debug msg="Trying to get playlist title" ts=2026-04-25T10:56:20.088Z url="http://mock-tube:80/playlists/dup-test-1.rss?list=1" fullCommand="yt-dlp --playlist-end 1 --dump-json --no-download http://mock-tube:80/playlists/dup-test-1.rss?list=1"
mock-tube            | 172.22.0.5 - - [25/Apr/2026:10:56:21 +0000] "GET /playlists/dup-test-1.rss?list=1 HTTP/1.1" 200 661 "-" "Mozilla/5.0 (Windows NT 10.0; Win64; x64) AppleWebKit/537.36 (KHTML, like Gecko) Chrome/142.0.0.0 Safari/537.36" "-"
yt-diff-test         | level=error msg="Error getting playlist title: WARNING: [generic] Falling back on generic information extractor\n" ts=2026-04-25T10:56:21.608Z
mock-tube            | 172.22.0.5 - - [25/Apr/2026:10:56:21 +0000] "GET /videos/video-dup.mp4 HTTP/1.1" 200 2237 "-" "Mozilla/5.0 (Windows NT 10.0; Win64; x64) AppleWebKit/537.36 (KHTML, like Gecko) Chrome/142.0.0.0 Safari/537.36" "-"
yt-diff-test         | level=debug msg="Creating playlist with title: Dup Test" ts=2026-04-25T10:56:21.817Z url="http://mock-tube:80/playlists/dup-test-1.rss?list=1" pid=34 code=0 monitoringType="N/A" lastUpdatedByScheduler=1777114581817
yt-diff-test         | level=info msg="Starting streaming listing for playlist" ts=2026-04-25T10:56:21.834Z url="http://mock-tube:80/playlists/dup-test-1.rss?list=1"
yt-diff-test         | level=trace msg="Starting streaming fetch for items" ts=2026-04-25T10:56:21.834Z url="http://mock-tube:80/playlists/dup-test-1.rss?list=1" processKey="pending_http://mock-tube:80/playlists/dup-test-1.rss?list=1_1777114580083" startIndex=1
yt-diff-test         | level=debug msg="Starting streaming listing for http://mock-tube:80/playlists/dup-test-1.rss?list=1" ts=2026-04-25T10:56:21.835Z url="http://mock-tube:80/playlists/dup-test-1.rss?list=1" fullCommand="yt-dlp --playlist-start 1 --dump-json --no-download http://mock-tube:80/playlists/dup-test-1.rss?list=1"
mock-tube            | 172.22.0.5 - - [25/Apr/2026:10:56:23 +0000] "GET /playlists/dup-test-1.rss?list=1 HTTP/1.1" 200 661 "-" "Mozilla/5.0 (Windows NT 10.0; Win64; x64) AppleWebKit/537.36 (KHTML, like Gecko) Chrome/139.0.0.0 Safari/537.36" "-"
yt-diff-test         | level=error msg="List process error" ts=2026-04-25T10:56:23.249Z error="WARNING: [generic] Falling back on generic information extractor\n" pid=39
mock-tube            | 172.22.0.5 - - [25/Apr/2026:10:56:23 +0000] "GET /videos/video-dup.mp4 HTTP/1.1" 200 2237 "-" "Mozilla/5.0 (Windows NT 10.0; Win64; x64) AppleWebKit/537.36 (KHTML, like Gecko) Chrome/139.0.0.0 Safari/537.36" "-"
mock-tube            | 172.22.0.5 - - [25/Apr/2026:10:56:23 +0000] "GET /videos/video-dup.mp4 HTTP/1.1" 200 2237 "-" "Mozilla/5.0 (Windows NT 10.0; Win64; x64) AppleWebKit/537.36 (KHTML, like Gecko) Chrome/139.0.0.0 Safari/537.36" "-"
yt-diff-test         | level=trace msg="Processing video information chunk" ts=2026-04-25T10:56:23.457Z playlistUrl="http://mock-tube:80/playlists/dup-test-1.rss?list=1" chunkStartIndex=1 isUpdate=false itemCount=2
yt-diff-test         | level=debug msg="Processed video item in memory" ts=2026-04-25T10:56:23.467Z videoUrl="http://mock-tube:80/videos/video-dup.mp4" title="video-dup.mp4 - Dup Test" playlistUrl="http://mock-tube:80/playlists/dup-test-1.rss?list=1" index=1
yt-diff-test         | level=debug msg="Processed video item in memory" ts=2026-04-25T10:56:23.467Z videoUrl="http://mock-tube:80/videos/video-dup.mp4" title="video-dup.mp4 - Dup Test" playlistUrl="http://mock-tube:80/playlists/dup-test-1.rss?list=1" index=2
yt-diff-test         | level=info msg="Playlist listing completed" ts=2026-04-25T10:56:23.484Z url="http://mock-tube:80/playlists/dup-test-1.rss?list=1" processedChunks=1 playlistTitle="Dup Test" seekPlaylistListTo=0
yt-diff-test         | level=trace msg="Listing completed" ts=2026-04-25T10:56:23.484Z result="{\"url\":\"http://mock-tube:80/playlists/dup-test-1.rss?list=1\",\"type\":\"Playlist\",\"status\":\"completed\",\"processedChunks\":1,\"playlistTitle\":\"Dup Test\",\"seekPlaylistListTo\":0}" listEntry="{\"url\":\"http://mock-tube:80/playlists/dup-test-1.rss?list=1\",\"type\":\"undetermined\",\"monitoringType\":\"N/A\",\"spawnType\":\"list\",\"lastActivity\":1777114583484,\"lastStdoutActivity\":1777114583484,\"spawnTimeStamp\":1777114581836,\"status\":\"completed\",\"spawnedProcess\":null}"
yt-diff-test         | level=debug msg="ListingSemaphore released" ts=2026-04-25T10:56:23.485Z
yt-diff-test         | level=info msg="Listed Dup Test successfully" ts=2026-04-25T10:56:23.485Z
mock-tube            | ::1 - - [25/Apr/2026:10:56:23 +0000] "GET / HTTP/1.1" 200 3 "-" "curl/8.17.0" "-"
yt-diff-test         | level=trace msg="Request Received" ts=2026-04-25T10:56:24.331Z url="/ytdiff/ping" method="GET" encoding=""
mock-tube            | ::1 - - [25/Apr/2026:10:56:28 +0000] "GET / HTTP/1.1" 200 3 "-" "curl/8.17.0" "-"
yt-diff-test         | level=trace msg="Request Received" ts=2026-04-25T10:56:29.410Z url="/ytdiff/ping" method="GET" encoding=""
mock-tube            | ::1 - - [25/Apr/2026:10:56:33 +0000] "GET / HTTP/1.1" 200 3 "-" "curl/8.17.0" "-"
yt-diff-test         | level=trace msg="Request Received" ts=2026-04-25T10:56:34.480Z url="/ytdiff/ping" method="GET" encoding=""
yt-diff-test-runner  | TC-1.1 — Add 'Dup Test' playlist ... [0m[32mok[0m [0m[38;5;245m(15s)[0m
yt-diff-test         | level=trace msg="Fetching playlists for display" ts=2026-04-25T10:56:35.093Z startIndex=0 pageSize=10 sortBy="sortOrder" sortDirection="ASC" searchQuery=""
yt-diff-test-runner  | TC-1.2 — Playlist appears in listing ... [0m[32mok[0m [0m[38;5;245m(27ms)[0m
yt-diff-test         | level=trace msg="Fetching playlist videos" ts=2026-04-25T10:56:35.121Z startIndex=0 endIndex=8 searchQuery="" sortBy="positionInPlaylist" sortDirection="ASC" playlistUrl="http://mock-tube:80/playlists/dup-test-1.rss?list=1"
yt-diff-test-runner  | TC-1.3 — Sublist contains the duplicate video at two positions ... [0m[32mok[0m [0m[38;5;245m(16ms)[0m
yt-diff-test         | level=trace msg="Rate limit check for IP 172.22.0.6" ts=2026-04-25T10:56:35.134Z
yt-diff-test         | level=debug msg="Rate limiting disabled (maxRequestsPerWindow is 0)" ts=2026-04-25T10:56:35.134Z
yt-diff-test         | level=debug msg="Checking video in database" ts=2026-04-25T10:56:35.139Z url="http://mock-tube:80/videos/video-dup.mp4"
yt-diff-test         | level=trace msg="Downloading 1 videos concurrently (max 2 concurrent)" ts=2026-04-25T10:56:35.143Z
yt-diff-test         | level=trace msg="Filtered 1 unique items for download" ts=2026-04-25T10:56:35.144Z
yt-diff-test         | level=trace msg="Starting download with semaphore: {\"url\":\"http://mock-tube:80/videos/video-dup.mp4\",\"title\":\"video-dup.mp4 - Dup Test\",\"saveDirectory\":\"Dup Test\",\"videoId\":\"video-dup\"}" ts=2026-04-25T10:56:35.144Z
yt-diff-test         | level=debug msg="DownloadSemaphore acquired, current concurrent: 1" ts=2026-04-25T10:56:35.144Z
yt-diff-test         | level=debug msg="Download processes started" ts=2026-04-25T10:56:35.144Z itemCount=1
yt-diff-test         | level=debug msg="Downloading to path: /app/downloads/Dup Test" ts=2026-04-25T10:56:35.145Z
yt-diff-test         | level=debug msg="Starting download for http://mock-tube:80/videos/video-dup.mp4" ts=2026-04-25T10:56:35.146Z url="video-dup.mp4 - Dup Test" savePath="/app/downloads/Dup Test" fullCommand="yt-dlp --progress --embed-metadata --embed-chapters --write-subs --write-auto-subs --write-description --write-comments --write-thumbnail --restrict-filenames -P temp:/tmp -o %(id)s.%(ext)s --print before_dl:title:%(title)s [%(id)s] --print post_process:\"fileName:%(id)s.%(ext)s\" --progress-template download-title:%(info.id)s-%(progress.eta)s -P home:/app/downloads/Dup Test http://mock-tube:80/videos/video-dup.mp4"
mock-tube            | 172.22.0.5 - - [25/Apr/2026:10:56:36 +0000] "GET /videos/video-dup.mp4 HTTP/1.1" 200 2237 "-" "Mozilla/5.0 (Windows NT 10.0; Win64; x64) AppleWebKit/537.36 (KHTML, like Gecko) Chrome/139.0.0.0 Safari/537.36" "-"
yt-diff-test         | level=debug msg="Video Title from process video-dup [video-dup]" ts=2026-04-25T10:56:36.423Z pid=66
mock-tube            | 172.22.0.5 - - [25/Apr/2026:10:56:36 +0000] "GET /videos/video-dup.mp4 HTTP/1.1" 200 2237 "-" "Mozilla/5.0 (Windows NT 10.0; Win64; x64) AppleWebKit/537.36 (KHTML, like Gecko) Chrome/139.0.0.0 Safari/537.36" "-"
yt-diff-test         | level=debug msg="[download] 100% of    2.18KiB in 00:00:00 at 511.80KiB/s" ts=2026-04-25T10:56:36.428Z pid=66
yt-diff-test         | level=debug msg="Filename in destination: video-dup.mp4, basename: video-dup.mp4, DB title: video-dup.mp4 - Dup Test" ts=2026-04-25T10:56:36.429Z pid=66
yt-diff-test         | level=debug msg="Scanning savePath for extra metadata files" ts=2026-04-25T10:56:36.576Z savePath="/app/downloads/Dup Test" mainFileBase="video-dup"
yt-diff-test         | level=trace msg="Found comments file" ts=2026-04-25T10:56:36.577Z file="video-dup.info.json"
yt-diff-test         | level=trace msg="Found video file" ts=2026-04-25T10:56:36.579Z file="video-dup.mp4"
yt-diff-test         | level=info msg="Some of the expected files are not found" ts=2026-04-25T10:56:36.579Z updates="{\"downloadStatus\":true,\"isAvailable\":true,\"title\":\"video-dup.mp4 - Dup Test\",\"fileName\":\"video-dup.mp4\",\"descriptionFile\":null,\"commentsFile\":\"video-dup.info.json\",\"subTitleFile\":null,\"thumbNailFile\":null,\"isMetaDataSynced\":true,\"saveDirectory\":\"Dup Test\"}"
yt-diff-test         | level=debug msg="Updating video: {\"downloadStatus\":true,\"isAvailable\":true,\"title\":\"video-dup.mp4 - Dup Test\",\"fileName\":\"video-dup.mp4\",\"descriptionFile\":null,\"commentsFile\":\"video-dup.info.json\",\"subTitleFile\":null,\"thumbNailFile\":null,\"isMetaDataSynced\":true,\"saveDirectory\":\"Dup Test\"}" ts=2026-04-25T10:56:36.579Z pid=66
yt-diff-test         | level=trace msg="Removed process from cache: 66" ts=2026-04-25T10:56:36.584Z pid=66
yt-diff-test         | level=trace msg="Process map state: {}" ts=2026-04-25T10:56:36.584Z
yt-diff-test         | level=trace msg="Process map size: 0" ts=2026-04-25T10:56:36.584Z
yt-diff-test         | level=debug msg="DownloadSemaphore released" ts=2026-04-25T10:56:36.584Z
yt-diff-test         | level=info msg="Downloaded video-dup.mp4 - Dup Test successfully" ts=2026-04-25T10:56:36.584Z
mock-tube            | ::1 - - [25/Apr/2026:10:56:38 +0000] "GET / HTTP/1.1" 200 3 "-" "curl/8.17.0" "-"
yt-diff-test         | level=trace msg="Request Received" ts=2026-04-25T10:56:39.548Z url="/ytdiff/ping" method="GET" encoding=""
mock-tube            | ::1 - - [25/Apr/2026:10:56:43 +0000] "GET / HTTP/1.1" 200 3 "-" "curl/8.17.0" "-"
yt-diff-test         | level=trace msg="Request Received" ts=2026-04-25T10:56:44.609Z url="/ytdiff/ping" method="GET" encoding=""
mock-tube            | ::1 - - [25/Apr/2026:10:56:49 +0000] "GET / HTTP/1.1" 200 3 "-" "curl/8.17.0" "-"
yt-diff-test         | level=trace msg="Request Received" ts=2026-04-25T10:56:49.669Z url="/ytdiff/ping" method="GET" encoding=""
mock-tube            | ::1 - - [25/Apr/2026:10:56:54 +0000] "GET / HTTP/1.1" 200 3 "-" "curl/8.17.0" "-"
yt-diff-test         | level=trace msg="Request Received" ts=2026-04-25T10:56:54.727Z url="/ytdiff/ping" method="GET" encoding=""
mock-tube            | ::1 - - [25/Apr/2026:10:56:59 +0000] "GET / HTTP/1.1" 200 3 "-" "curl/8.17.0" "-"
yt-diff-test         | level=trace msg="Request Received" ts=2026-04-25T10:56:59.819Z url="/ytdiff/ping" method="GET" encoding=""
yt-diff-test         | level=debug msg="Starting scheduled DB prune process" ts=2026-04-25T10:57:00.005Z
yt-diff-test         | level=debug msg="Starting scheduled update" ts=2026-04-25T10:57:00.015Z time="4/25/2026, 4:27:00 PM" timeZone="Asia/Kolkata" nextRun="Sat, Apr 25, 04:28 PM"
yt-diff-test         | level=debug msg="Starting scheduled process cleanup" ts=2026-04-25T10:57:00.020Z
yt-diff-test         | level=info msg="Cleaning up processes older than 300 seconds in download processes" ts=2026-04-25T10:57:00.020Z
yt-diff-test         | level=trace msg="Current process states:" ts=2026-04-25T10:57:00.021Z states="{}"
yt-diff-test         | level=info msg="Cleaned up 0 processes" ts=2026-04-25T10:57:00.021Z
yt-diff-test         | level=trace msg="Updated process states:" ts=2026-04-25T10:57:00.021Z states="{}"
yt-diff-test         | level=info msg="Cleaning up processes older than 300 seconds in list processes" ts=2026-04-25T10:57:00.021Z
yt-diff-test         | level=trace msg="Current process states:" ts=2026-04-25T10:57:00.021Z states="{}"
yt-diff-test         | level=info msg="Cleaned up 0 processes" ts=2026-04-25T10:57:00.021Z
yt-diff-test         | level=trace msg="Updated process states:" ts=2026-04-25T10:57:00.021Z states="{}"
yt-diff-test         | level=info msg="Completed scheduled process cleanup" ts=2026-04-25T10:57:00.023Z cleanedDownloads=0 cleanedLists=0 nextRun="Sat, Apr 25, 04:28 PM"
yt-diff-test         | level=info msg="No unreferenced videos found to prune" ts=2026-04-25T10:57:00.040Z
yt-diff-test         | level=info msg="No playlists with Start/End/Full monitoring found; skipping update" ts=2026-04-25T10:57:00.041Z
mock-tube            | ::1 - - [25/Apr/2026:10:57:04 +0000] "GET / HTTP/1.1" 200 3 "-" "curl/8.17.0" "-"
yt-diff-test         | level=trace msg="Request Received" ts=2026-04-25T10:57:04.892Z url="/ytdiff/ping" method="GET" encoding=""
yt-diff-test-runner  | TC-1.4 — Download the video ... [0m[32mok[0m [0m[38;5;245m(30s)[0m
yt-diff-test         | level=trace msg="Fetching playlist videos" ts=2026-04-25T10:57:05.157Z startIndex=0 endIndex=8 searchQuery="" sortBy="positionInPlaylist" sortDirection="ASC" playlistUrl="http://mock-tube:80/playlists/dup-test-1.rss?list=1"
yt-diff-test-runner  | TC-1.5 — Both duplicate positions now show as downloaded ... [0m[32mok[0m [0m[38;5;245m(14ms)[0m
yt-diff-test         | level=trace msg="Updating playlist monitoring type" ts=2026-04-25T10:57:05.168Z playlistUrl="http://mock-tube:80/playlists/dup-test-1.rss?list=1" monitoringType="Full"
yt-diff-test         | level=debug msg="Successfully updated monitoring type" ts=2026-04-25T10:57:05.172Z playlistUrl="http://mock-tube:80/playlists/dup-test-1.rss?list=1" oldType="Full" newType="Full"
yt-diff-test-runner  | TC-1.6 — Update monitoring type to 'Full' ... [0m[32mok[0m [0m[38;5;245m(9ms)[0m
yt-diff-test         | level=trace msg="Fetching playlists for display" ts=2026-04-25T10:57:05.176Z startIndex=0 pageSize=10 sortBy="sortOrder" sortDirection="ASC" searchQuery=""
yt-diff-test-runner  | TC-1.7 — Monitoring type change is reflected in playlist listing ... [0m[32mok[0m [0m[38;5;245m(6ms)[0m
yt-diff-test         | level=trace msg="Rate limit check for IP 172.22.0.6" ts=2026-04-25T10:57:05.181Z
yt-diff-test         | level=debug msg="Rate limiting disabled (maxRequestsPerWindow is 0)" ts=2026-04-25T10:57:05.181Z
yt-diff-test         | level=trace msg="Processing URL list" ts=2026-04-25T10:57:05.184Z urlCount=1 chunkSize=10 monitoringType="N/A"
yt-diff-test         | level=debug msg="Checking URL in database" ts=2026-04-25T10:57:05.184Z url="http://mock-tube:80/playlists/dup-test-2.rss?list=1"
yt-diff-test         | level=debug msg="URL not found in database, adding to list" ts=2026-04-25T10:57:05.188Z url="http://mock-tube:80/playlists/dup-test-2.rss?list=1"
yt-diff-test         | level=trace msg="Listing 1 items concurrently (chunk size: 10)" ts=2026-04-25T10:57:05.188Z
yt-diff-test         | level=trace msg="Starting listing with semaphore: {\"url\":\"http://mock-tube:80/playlists/dup-test-2.rss?list=1\",\"type\":\"undetermined\",\"currentMonitoringType\":\"N/A\",\"reason\":\"URL not found in database\"}" ts=2026-04-25T10:57:05.188Z
yt-diff-test         | level=debug msg="ListingSemaphore acquired, current concurrent: 1" ts=2026-04-25T10:57:05.189Z
yt-diff-test         | level=debug msg="Listing processes started" ts=2026-04-25T10:57:05.189Z itemCount=1
yt-diff-test         | level=debug msg="isScheduledUpdate: false" ts=2026-04-25T10:57:05.189Z item="{\"url\":\"http://mock-tube:80/playlists/dup-test-2.rss?list=1\",\"type\":\"undetermined\",\"currentMonitoringType\":\"N/A\",\"reason\":\"URL not found in database\"}" isScheduledUpdate=false
yt-diff-test         | level=debug msg="Playlist not found in database, adding to database" ts=2026-04-25T10:57:05.191Z url="http://mock-tube:80/playlists/dup-test-2.rss?list=1"
yt-diff-test         | level=debug msg="Trying to get playlist title" ts=2026-04-25T10:57:05.192Z url="http://mock-tube:80/playlists/dup-test-2.rss?list=1" fullCommand="yt-dlp --playlist-end 1 --dump-json --no-download http://mock-tube:80/playlists/dup-test-2.rss?list=1"
mock-tube            | 172.22.0.5 - - [25/Apr/2026:10:57:06 +0000] "GET /playlists/dup-test-2.rss?list=1 HTTP/1.1" 200 450 "-" "Mozilla/5.0 (Windows NT 10.0; Win64; x64) AppleWebKit/537.36 (KHTML, like Gecko) Chrome/138.0.0.0 Safari/537.36" "-"
yt-diff-test         | level=error msg="Error getting playlist title: WARNING: [generic] Falling back on generic information extractor\n" ts=2026-04-25T10:57:06.352Z
mock-tube            | 172.22.0.5 - - [25/Apr/2026:10:57:06 +0000] "GET /videos/video-dup.mp4 HTTP/1.1" 200 2237 "-" "Mozilla/5.0 (Windows NT 10.0; Win64; x64) AppleWebKit/537.36 (KHTML, like Gecko) Chrome/138.0.0.0 Safari/537.36" "-"
yt-diff-test         | level=debug msg="Creating playlist with title: Dup Test 2" ts=2026-04-25T10:57:06.530Z url="http://mock-tube:80/playlists/dup-test-2.rss?list=1" pid=111 code=0 monitoringType="N/A" lastUpdatedByScheduler=1777114626530
yt-diff-test         | level=info msg="Starting streaming listing for playlist" ts=2026-04-25T10:57:06.543Z url="http://mock-tube:80/playlists/dup-test-2.rss?list=1"
yt-diff-test         | level=trace msg="Starting streaming fetch for items" ts=2026-04-25T10:57:06.543Z url="http://mock-tube:80/playlists/dup-test-2.rss?list=1" processKey="pending_http://mock-tube:80/playlists/dup-test-2.rss?list=1_1777114625189" startIndex=1
yt-diff-test         | level=debug msg="Starting streaming listing for http://mock-tube:80/playlists/dup-test-2.rss?list=1" ts=2026-04-25T10:57:06.543Z url="http://mock-tube:80/playlists/dup-test-2.rss?list=1" fullCommand="yt-dlp --playlist-start 1 --dump-json --no-download http://mock-tube:80/playlists/dup-test-2.rss?list=1"
mock-tube            | 172.22.0.5 - - [25/Apr/2026:10:57:07 +0000] "GET /playlists/dup-test-2.rss?list=1 HTTP/1.1" 200 450 "-" "Mozilla/5.0 (Windows NT 10.0; Win64; x64) AppleWebKit/537.36 (KHTML, like Gecko) Chrome/140.0.0.0 Safari/537.36" "-"
yt-diff-test         | level=error msg="List process error" ts=2026-04-25T10:57:07.835Z error="WARNING: [generic] Falling back on generic information extractor\n" pid=116
mock-tube            | 172.22.0.5 - - [25/Apr/2026:10:57:07 +0000] "GET /videos/video-dup.mp4 HTTP/1.1" 200 2237 "-" "Mozilla/5.0 (Windows NT 10.0; Win64; x64) AppleWebKit/537.36 (KHTML, like Gecko) Chrome/140.0.0.0 Safari/537.36" "-"
yt-diff-test         | level=trace msg="Processing video information chunk" ts=2026-04-25T10:57:08.012Z playlistUrl="http://mock-tube:80/playlists/dup-test-2.rss?list=1" chunkStartIndex=1 isUpdate=false itemCount=1
yt-diff-test         | level=debug msg="Processed video item in memory" ts=2026-04-25T10:57:08.015Z videoUrl="http://mock-tube:80/videos/video-dup.mp4" title="video-dup.mp4 - Dup Test 2" playlistUrl="http://mock-tube:80/playlists/dup-test-2.rss?list=1" index=1
yt-diff-test         | level=info msg="Playlist listing completed" ts=2026-04-25T10:57:08.021Z url="http://mock-tube:80/playlists/dup-test-2.rss?list=1" processedChunks=1 playlistTitle="Dup Test 2" seekPlaylistListTo=1
yt-diff-test         | level=trace msg="Listing completed" ts=2026-04-25T10:57:08.021Z result="{\"url\":\"http://mock-tube:80/playlists/dup-test-2.rss?list=1\",\"type\":\"Playlist\",\"status\":\"completed\",\"processedChunks\":1,\"playlistTitle\":\"Dup Test 2\",\"seekPlaylistListTo\":1}" listEntry="{\"url\":\"http://mock-tube:80/playlists/dup-test-2.rss?list=1\",\"type\":\"undetermined\",\"monitoringType\":\"N/A\",\"spawnType\":\"list\",\"lastActivity\":1777114628021,\"lastStdoutActivity\":1777114628021,\"spawnTimeStamp\":1777114626544,\"status\":\"completed\",\"spawnedProcess\":null}"
yt-diff-test         | level=debug msg="ListingSemaphore released" ts=2026-04-25T10:57:08.022Z
yt-diff-test         | level=info msg="Listed Dup Test 2 successfully" ts=2026-04-25T10:57:08.022Z
mock-tube            | ::1 - - [25/Apr/2026:10:57:09 +0000] "GET / HTTP/1.1" 200 3 "-" "curl/8.17.0" "-"
yt-diff-test         | level=trace msg="Request Received" ts=2026-04-25T10:57:09.965Z url="/ytdiff/ping" method="GET" encoding=""
mock-tube            | ::1 - - [25/Apr/2026:10:57:14 +0000] "GET / HTTP/1.1" 200 3 "-" "curl/8.17.0" "-"
yt-diff-test         | level=trace msg="Request Received" ts=2026-04-25T10:57:15.030Z url="/ytdiff/ping" method="GET" encoding=""
mock-tube            | ::1 - - [25/Apr/2026:10:57:19 +0000] "GET / HTTP/1.1" 200 3 "-" "curl/8.17.0" "-"
yt-diff-test         | level=trace msg="Request Received" ts=2026-04-25T10:57:20.089Z url="/ytdiff/ping" method="GET" encoding=""
yt-diff-test-runner  | TC-2.1 — Add 'Dup Test 2' playlist ... [0m[32mok[0m [0m[38;5;245m(15s)[0m
yt-diff-test         | level=trace msg="Fetching playlists for display" ts=2026-04-25T10:57:20.195Z startIndex=0 pageSize=10 sortBy="sortOrder" sortDirection="ASC" searchQuery=""
yt-diff-test-runner  | TC-2.2 — Both playlists appear in listing ... [0m[32mok[0m [0m[38;5;245m(22ms)[0m
yt-diff-test         | level=trace msg="Fetching playlist videos" ts=2026-04-25T10:57:20.217Z startIndex=0 endIndex=8 searchQuery="" sortBy="positionInPlaylist" sortDirection="ASC" playlistUrl="http://mock-tube:80/playlists/dup-test-2.rss?list=1"
yt-diff-test-runner  | TC-2.3 — 'Dup Test 2' sublist shows the shared video as already downloaded ... [0m[32mok[0m [0m[38;5;245m(15ms)[0m
yt-diff-test         | level=debug msg="Received video delete request" ts=2026-04-25T10:57:20.233Z requestBody="{\"playListUrl\":\"http://mock-tube:80/playlists/dup-test-2.rss?list=1\",\"videoUrls\":[\"http://mock-tube:80/videos/video-dup.mp4\"],\"cleanUp\":true,\"deleteVideoMappings\":false,\"deleteVideosInDB\":false}"
yt-diff-test         | level=debug msg="Removing files for video" ts=2026-04-25T10:57:20.236Z videoUrl="http://mock-tube:80/videos/video-dup.mp4" filesToRemove="{\"fileName\":\"video-dup.mp4\",\"thumbNailFile\":null,\"subTitleFile\":null,\"commentsFile\":\"video-dup.info.json\",\"descriptionFile\":null}"
yt-diff-test         | level=debug msg="Removing file" ts=2026-04-25T10:57:20.236Z videoUrl="http://mock-tube:80/videos/video-dup.mp4" key="fileName" value="video-dup.mp4" filePath="/app/downloads/Dup Test/video-dup.mp4"
yt-diff-test         | level=debug msg="Removed file" ts=2026-04-25T10:57:20.237Z videoUrl="http://mock-tube:80/videos/video-dup.mp4" key="fileName" value="video-dup.mp4" filePath="/app/downloads/Dup Test/video-dup.mp4"
yt-diff-test         | level=debug msg="Removing file" ts=2026-04-25T10:57:20.237Z videoUrl="http://mock-tube:80/videos/video-dup.mp4" key="commentsFile" value="video-dup.info.json" filePath="/app/downloads/Dup Test/video-dup.info.json"
yt-diff-test         | level=debug msg="Removed file" ts=2026-04-25T10:57:20.237Z videoUrl="http://mock-tube:80/videos/video-dup.mp4" key="commentsFile" value="video-dup.info.json" filePath="/app/downloads/Dup Test/video-dup.info.json"
yt-diff-test-runner  | TC-2.4 — Clean up files via /delsub ... [0m[32mok[0m [0m[38;5;245m(10ms)[0m
yt-diff-test         | level=trace msg="Fetching playlist videos" ts=2026-04-25T10:57:20.250Z startIndex=0 endIndex=8 searchQuery="" sortBy="positionInPlaylist" sortDirection="ASC" playlistUrl="http://mock-tube:80/playlists/dup-test-2.rss?list=1"
yt-diff-test-runner  | TC-2.5 — 'Dup Test 2' sublist shows video as un-downloaded ... [0m[32mok[0m [0m[38;5;245m(11ms)[0m
yt-diff-test         | level=trace msg="Fetching playlist videos" ts=2026-04-25T10:57:20.263Z startIndex=0 endIndex=8 searchQuery="" sortBy="positionInPlaylist" sortDirection="ASC" playlistUrl="http://mock-tube:80/playlists/dup-test-1.rss?list=1"
yt-diff-test-runner  | TC-2.6 — 'Dup Test' sublist also reflects the shared un-downloaded state ... [0m[32mok[0m [0m[38;5;245m(10ms)[0m
yt-diff-test         | level=debug msg="Received playlist delete request" ts=2026-04-25T10:57:20.274Z requestBody="{\"playListUrl\":\"http://mock-tube:80/playlists/dup-test-2.rss?list=1\",\"deleteAllVideosInPlaylist\":true,\"deletePlaylist\":false,\"cleanUp\":false}"
yt-diff-test         | level=debug msg="Received playlist delete request" ts=2026-04-25T10:57:20.282Z requestBody="{\"playListUrl\":\"http://mock-tube:80/playlists/dup-test-2.rss?list=1\",\"deleteAllVideosInPlaylist\":false,\"deletePlaylist\":true,\"cleanUp\":false}"
yt-diff-test         | level=debug msg="Updated sortOrder for playlists after deleted playlist" ts=2026-04-25T10:57:20.292Z deletedSortOrder=1
yt-diff-test         | level=trace msg="Fetching playlists for display" ts=2026-04-25T10:57:20.296Z startIndex=0 pageSize=10 sortBy="sortOrder" sortDirection="ASC" searchQuery=""
yt-diff-test-runner  | TC-2.7 — Unlink all videos from 'Dup Test 2', then delete playlist record ... [0m[32mok[0m [0m[38;5;245m(29ms)[0m
yt-diff-test         | level=debug msg="Received playlist delete request" ts=2026-04-25T10:57:20.302Z requestBody="{\"playListUrl\":\"http://mock-tube:80/playlists/dup-test-1.rss?list=1\",\"deleteAllVideosInPlaylist\":true,\"deletePlaylist\":true,\"cleanUp\":true}"
yt-diff-test         | level=debug msg="Updated sortOrder for playlists after deleted playlist" ts=2026-04-25T10:57:20.315Z deletedSortOrder=0
yt-diff-test         | level=debug msg="Cleaning up playlist directory" ts=2026-04-25T10:57:20.315Z saveDirectory="Dup Test" absolutePath="/app/downloads/Dup Test"
yt-diff-test         | level=debug msg="Playlist directory cleaned up" ts=2026-04-25T10:57:20.315Z saveDirectory="Dup Test"
yt-diff-test         | level=trace msg="Fetching playlists for display" ts=2026-04-25T10:57:20.324Z startIndex=0 pageSize=10 sortBy="sortOrder" sortDirection="ASC" searchQuery=""
yt-diff-test-runner  | TC-2.8 — Delete everything for 'Dup Test' (mappings + playlist + disk) ... [0m[32mok[0m [0m[38;5;245m(28ms)[0m
yt-diff-test         | level=trace msg="Rate limit check for IP 172.22.0.6" ts=2026-04-25T10:57:20.330Z
yt-diff-test         | level=debug msg="Rate limiting disabled (maxRequestsPerWindow is 0)" ts=2026-04-25T10:57:20.330Z
yt-diff-test         | level=trace msg="Processing URL list" ts=2026-04-25T10:57:20.331Z urlCount=1 chunkSize=10 monitoringType="N/A"
yt-diff-test         | level=debug msg="Checking URL in database" ts=2026-04-25T10:57:20.331Z url="http://mock-tube:80/playlists/e7-shorts.rss?list=1"
yt-diff-test         | level=debug msg="URL not found in database, adding to list" ts=2026-04-25T10:57:20.334Z url="http://mock-tube:80/playlists/e7-shorts.rss?list=1"
yt-diff-test         | level=trace msg="Listing 1 items concurrently (chunk size: 10)" ts=2026-04-25T10:57:20.334Z
yt-diff-test         | level=trace msg="Starting listing with semaphore: {\"url\":\"http://mock-tube:80/playlists/e7-shorts.rss?list=1\",\"type\":\"undetermined\",\"currentMonitoringType\":\"N/A\",\"reason\":\"URL not found in database\"}" ts=2026-04-25T10:57:20.334Z
yt-diff-test         | level=debug msg="ListingSemaphore acquired, current concurrent: 1" ts=2026-04-25T10:57:20.334Z
yt-diff-test         | level=debug msg="Listing processes started" ts=2026-04-25T10:57:20.334Z itemCount=1
yt-diff-test         | level=debug msg="isScheduledUpdate: false" ts=2026-04-25T10:57:20.334Z item="{\"url\":\"http://mock-tube:80/playlists/e7-shorts.rss?list=1\",\"type\":\"undetermined\",\"currentMonitoringType\":\"N/A\",\"reason\":\"URL not found in database\"}" isScheduledUpdate=false
yt-diff-test         | level=debug msg="Playlist not found in database, adding to database" ts=2026-04-25T10:57:20.336Z url="http://mock-tube:80/playlists/e7-shorts.rss?list=1"
yt-diff-test         | level=debug msg="Trying to get playlist title" ts=2026-04-25T10:57:20.337Z url="http://mock-tube:80/playlists/e7-shorts.rss?list=1" fullCommand="yt-dlp --playlist-end 1 --dump-json --no-download http://mock-tube:80/playlists/e7-shorts.rss?list=1"
mock-tube            | 172.22.0.5 - - [25/Apr/2026:10:57:21 +0000] "GET /playlists/e7-shorts.rss?list=1 HTTP/1.1" 200 670 "-" "Mozilla/5.0 (Windows NT 10.0; Win64; x64) AppleWebKit/537.36 (KHTML, like Gecko) Chrome/141.0.0.0 Safari/537.36" "-"
yt-diff-test         | level=error msg="Error getting playlist title: WARNING: [generic] Falling back on generic information extractor\n" ts=2026-04-25T10:57:21.463Z
mock-tube            | 172.22.0.5 - - [25/Apr/2026:10:57:21 +0000] "GET /videos/video-e7-1.mp4 HTTP/1.1" 200 2237 "-" "Mozilla/5.0 (Windows NT 10.0; Win64; x64) AppleWebKit/537.36 (KHTML, like Gecko) Chrome/141.0.0.0 Safari/537.36" "-"
yt-diff-test         | level=debug msg="Creating playlist with title: E7 Shorts" ts=2026-04-25T10:57:21.637Z url="http://mock-tube:80/playlists/e7-shorts.rss?list=1" pid=141 code=0 monitoringType="N/A" lastUpdatedByScheduler=1777114641637
yt-diff-test         | level=info msg="Starting streaming listing for playlist" ts=2026-04-25T10:57:21.648Z url="http://mock-tube:80/playlists/e7-shorts.rss?list=1"
yt-diff-test         | level=trace msg="Starting streaming fetch for items" ts=2026-04-25T10:57:21.648Z url="http://mock-tube:80/playlists/e7-shorts.rss?list=1" processKey="pending_http://mock-tube:80/playlists/e7-shorts.rss?list=1_1777114640334" startIndex=1
yt-diff-test         | level=debug msg="Starting streaming listing for http://mock-tube:80/playlists/e7-shorts.rss?list=1" ts=2026-04-25T10:57:21.648Z url="http://mock-tube:80/playlists/e7-shorts.rss?list=1" fullCommand="yt-dlp --playlist-start 1 --dump-json --no-download http://mock-tube:80/playlists/e7-shorts.rss?list=1"
mock-tube            | 172.22.0.5 - - [25/Apr/2026:10:57:23 +0000] "GET /playlists/e7-shorts.rss?list=1 HTTP/1.1" 200 670 "-" "Mozilla/5.0 (Windows NT 10.0; Win64; x64) AppleWebKit/537.36 (KHTML, like Gecko) Chrome/138.0.0.0 Safari/537.36" "-"
yt-diff-test         | level=error msg="List process error" ts=2026-04-25T10:57:23.113Z error="WARNING: [generic] Falling back on generic information extractor\n" pid=146
mock-tube            | 172.22.0.5 - - [25/Apr/2026:10:57:23 +0000] "GET /videos/video-e7-1.mp4 HTTP/1.1" 200 2237 "-" "Mozilla/5.0 (Windows NT 10.0; Win64; x64) AppleWebKit/537.36 (KHTML, like Gecko) Chrome/138.0.0.0 Safari/537.36" "-"
mock-tube            | 172.22.0.5 - - [25/Apr/2026:10:57:23 +0000] "GET /videos/video-e7-2.mp4 HTTP/1.1" 200 2237 "-" "Mozilla/5.0 (Windows NT 10.0; Win64; x64) AppleWebKit/537.36 (KHTML, like Gecko) Chrome/138.0.0.0 Safari/537.36" "-"
yt-diff-test         | level=trace msg="Processing video information chunk" ts=2026-04-25T10:57:23.321Z playlistUrl="http://mock-tube:80/playlists/e7-shorts.rss?list=1" chunkStartIndex=1 isUpdate=false itemCount=2
yt-diff-test         | level=debug msg="Processed video item in memory" ts=2026-04-25T10:57:23.325Z videoUrl="http://mock-tube:80/videos/video-e7-1.mp4" title="video-e7-1.mp4 - E7 Shorts" playlistUrl="http://mock-tube:80/playlists/e7-shorts.rss?list=1" index=1
yt-diff-test         | level=debug msg="Processed video item in memory" ts=2026-04-25T10:57:23.325Z videoUrl="http://mock-tube:80/videos/video-e7-2.mp4" title="video-e7-2.mp4 - E7 Shorts" playlistUrl="http://mock-tube:80/playlists/e7-shorts.rss?list=1" index=2
yt-diff-test         | level=info msg="Playlist listing completed" ts=2026-04-25T10:57:23.333Z url="http://mock-tube:80/playlists/e7-shorts.rss?list=1" processedChunks=1 playlistTitle="E7 Shorts" seekPlaylistListTo=0
yt-diff-test         | level=trace msg="Listing completed" ts=2026-04-25T10:57:23.333Z result="{\"url\":\"http://mock-tube:80/playlists/e7-shorts.rss?list=1\",\"type\":\"Playlist\",\"status\":\"completed\",\"processedChunks\":1,\"playlistTitle\":\"E7 Shorts\",\"seekPlaylistListTo\":0}" listEntry="{\"url\":\"http://mock-tube:80/playlists/e7-shorts.rss?list=1\",\"type\":\"undetermined\",\"monitoringType\":\"N/A\",\"spawnType\":\"list\",\"lastActivity\":1777114643333,\"lastStdoutActivity\":1777114643333,\"spawnTimeStamp\":1777114641650,\"status\":\"completed\",\"spawnedProcess\":null}"
yt-diff-test         | level=debug msg="ListingSemaphore released" ts=2026-04-25T10:57:23.333Z
yt-diff-test         | level=info msg="Listed E7 Shorts successfully" ts=2026-04-25T10:57:23.333Z
mock-tube            | ::1 - - [25/Apr/2026:10:57:24 +0000] "GET / HTTP/1.1" 200 3 "-" "curl/8.17.0" "-"
yt-diff-test         | level=trace msg="Request Received" ts=2026-04-25T10:57:25.151Z url="/ytdiff/ping" method="GET" encoding=""
mock-tube            | ::1 - - [25/Apr/2026:10:57:29 +0000] "GET / HTTP/1.1" 200 3 "-" "curl/8.17.0" "-"
yt-diff-test         | level=trace msg="Request Received" ts=2026-04-25T10:57:30.207Z url="/ytdiff/ping" method="GET" encoding=""
mock-tube            | ::1 - - [25/Apr/2026:10:57:34 +0000] "GET / HTTP/1.1" 200 3 "-" "curl/8.17.0" "-"
yt-diff-test         | level=trace msg="Request Received" ts=2026-04-25T10:57:35.274Z url="/ytdiff/ping" method="GET" encoding=""
yt-diff-test         | level=trace msg="Fetching playlist videos" ts=2026-04-25T10:57:35.339Z startIndex=0 endIndex=8 searchQuery="" sortBy="positionInPlaylist" sortDirection="ASC" playlistUrl="http://mock-tube:80/playlists/e7-shorts.rss?list=1"
yt-diff-test-runner  | TC-3.1 — Add 'E7 Shorts', verify 2 videos are listed ... [0m[32mok[0m [0m[38;5;245m(15s)[0m
yt-diff-test         | level=debug msg="Received video delete request" ts=2026-04-25T10:57:35.378Z requestBody="{\"playListUrl\":\"http://mock-tube:80/playlists/e7-shorts.rss?list=1\",\"videoUrls\":[\"http://mock-tube:80/videos/video-e7-1.mp4\"],\"cleanUp\":true,\"deleteVideoMappings\":true,\"deleteVideosInDB\":true}"
yt-diff-test-runner  | TC-3.2 — Hard-delete first video (deleteVideosInDB = true) ... [0m[32mok[0m [0m[38;5;245m(10ms)[0m
yt-diff-test         | level=trace msg="Fetching playlist videos" ts=2026-04-25T10:57:35.389Z startIndex=0 endIndex=8 searchQuery="" sortBy="positionInPlaylist" sortDirection="ASC" playlistUrl="http://mock-tube:80/playlists/e7-shorts.rss?list=1"
yt-diff-test-runner  | TC-3.3 — Sublist now contains only one video (at position 2) ... [0m[32mok[0m [0m[38;5;245m(8ms)[0m
yt-diff-test         | level=debug msg="Received video delete request" ts=2026-04-25T10:57:35.400Z requestBody="{\"playListUrl\":\"http://mock-tube:80/playlists/e7-shorts.rss?list=1\",\"videoUrls\":[\"http://mock-tube:80/videos/video-e7-2.mp4\"],\"cleanUp\":false,\"deleteVideoMappings\":true,\"deleteVideosInDB\":false}"
yt-diff-test-runner  | TC-3.4 — Unlink second video (deleteVideoMappings = true, no DB delete) ... [0m[32mok[0m [0m[38;5;245m(10ms)[0m
yt-diff-test         | level=trace msg="Fetching playlist videos" ts=2026-04-25T10:57:35.408Z startIndex=0 endIndex=8 searchQuery="" sortBy="positionInPlaylist" sortDirection="ASC" playlistUrl="http://mock-tube:80/playlists/e7-shorts.rss?list=1"
yt-diff-test-runner  | TC-3.5 — Sublist is now empty; playlist record still exists ... [0m[32mok[0m [0m[38;5;245m(6ms)[0m
yt-diff-test         | level=debug msg="Received playlist delete request" ts=2026-04-25T10:57:35.417Z requestBody="{\"playListUrl\":\"http://mock-tube:80/playlists/e7-shorts.rss?list=1\",\"deleteAllVideosInPlaylist\":false,\"deletePlaylist\":true,\"cleanUp\":false}"
yt-diff-test         | level=debug msg="Updated sortOrder for playlists after deleted playlist" ts=2026-04-25T10:57:35.424Z deletedSortOrder=0
yt-diff-test         | level=trace msg="Fetching playlists for display" ts=2026-04-25T10:57:35.426Z startIndex=0 pageSize=10 sortBy="sortOrder" sortDirection="ASC" searchQuery=""
yt-diff-test-runner  | TC-3.6 — Delete only the playlist record ... [0m[32mok[0m [0m[38;5;245m(17ms)[0m
yt-diff-test         | level=trace msg="Rate limit check for IP 172.22.0.6" ts=2026-04-25T10:57:35.432Z
yt-diff-test         | level=debug msg="Rate limiting disabled (maxRequestsPerWindow is 0)" ts=2026-04-25T10:57:35.432Z
yt-diff-test         | level=trace msg="Processing URL list" ts=2026-04-25T10:57:35.434Z urlCount=1 chunkSize=10 monitoringType="N/A"
yt-diff-test         | level=debug msg="Checking URL in database" ts=2026-04-25T10:57:35.434Z url="http://mock-tube:80/playlists/big-playlist.rss?list=1"
yt-diff-test         | level=debug msg="URL not found in database, adding to list" ts=2026-04-25T10:57:35.436Z url="http://mock-tube:80/playlists/big-playlist.rss?list=1"
yt-diff-test         | level=trace msg="Listing 1 items concurrently (chunk size: 10)" ts=2026-04-25T10:57:35.436Z
yt-diff-test         | level=trace msg="Starting listing with semaphore: {\"url\":\"http://mock-tube:80/playlists/big-playlist.rss?list=1\",\"type\":\"undetermined\",\"currentMonitoringType\":\"N/A\",\"reason\":\"URL not found in database\"}" ts=2026-04-25T10:57:35.436Z
yt-diff-test         | level=debug msg="ListingSemaphore acquired, current concurrent: 1" ts=2026-04-25T10:57:35.436Z
yt-diff-test         | level=debug msg="Listing processes started" ts=2026-04-25T10:57:35.436Z itemCount=1
yt-diff-test         | level=debug msg="isScheduledUpdate: false" ts=2026-04-25T10:57:35.437Z item="{\"url\":\"http://mock-tube:80/playlists/big-playlist.rss?list=1\",\"type\":\"undetermined\",\"currentMonitoringType\":\"N/A\",\"reason\":\"URL not found in database\"}" isScheduledUpdate=false
yt-diff-test-runner  | TC-4.1 — Add 'Screen recordings' and wait for full listing ...
yt-diff-test-runner  | [0m[38;5;245m------- output -------[0m
yt-diff-test-runner  | Waiting 90s for big playlist...
yt-diff-test         | level=debug msg="Playlist not found in database, adding to database" ts=2026-04-25T10:57:35.438Z url="http://mock-tube:80/playlists/big-playlist.rss?list=1"
yt-diff-test         | level=debug msg="Trying to get playlist title" ts=2026-04-25T10:57:35.441Z url="http://mock-tube:80/playlists/big-playlist.rss?list=1" fullCommand="yt-dlp --playlist-end 1 --dump-json --no-download http://mock-tube:80/playlists/big-playlist.rss?list=1"
mock-tube            | 172.22.0.5 - - [25/Apr/2026:10:57:36 +0000] "GET /playlists/big-playlist.rss?list=1 HTTP/1.1" 200 4215 "-" "Mozilla/5.0 (Windows NT 10.0; Win64; x64) AppleWebKit/537.36 (KHTML, like Gecko) Chrome/141.0.0.0 Safari/537.36" "-"
yt-diff-test         | level=error msg="Error getting playlist title: WARNING: [generic] Falling back on generic information extractor\n" ts=2026-04-25T10:57:36.622Z
mock-tube            | 172.22.0.5 - - [25/Apr/2026:10:57:36 +0000] "GET /videos/video-big-1.mp4 HTTP/1.1" 200 2237 "-" "Mozilla/5.0 (Windows NT 10.0; Win64; x64) AppleWebKit/537.36 (KHTML, like Gecko) Chrome/141.0.0.0 Safari/537.36" "-"
yt-diff-test         | level=debug msg="Creating playlist with title: Screen recordings" ts=2026-04-25T10:57:36.811Z url="http://mock-tube:80/playlists/big-playlist.rss?list=1" pid=170 code=0 monitoringType="N/A" lastUpdatedByScheduler=1777114656811
yt-diff-test         | level=info msg="Starting streaming listing for playlist" ts=2026-04-25T10:57:36.828Z url="http://mock-tube:80/playlists/big-playlist.rss?list=1"
yt-diff-test         | level=trace msg="Starting streaming fetch for items" ts=2026-04-25T10:57:36.828Z url="http://mock-tube:80/playlists/big-playlist.rss?list=1" processKey="pending_http://mock-tube:80/playlists/big-playlist.rss?list=1_1777114655437" startIndex=1
yt-diff-test         | level=debug msg="Starting streaming listing for http://mock-tube:80/playlists/big-playlist.rss?list=1" ts=2026-04-25T10:57:36.829Z url="http://mock-tube:80/playlists/big-playlist.rss?list=1" fullCommand="yt-dlp --playlist-start 1 --dump-json --no-download http://mock-tube:80/playlists/big-playlist.rss?list=1"
mock-tube            | 172.22.0.5 - - [25/Apr/2026:10:57:38 +0000] "GET /playlists/big-playlist.rss?list=1 HTTP/1.1" 200 4215 "-" "Mozilla/5.0 (Windows NT 10.0; Win64; x64) AppleWebKit/537.36 (KHTML, like Gecko) Chrome/141.0.0.0 Safari/537.36" "-"
yt-diff-test         | level=error msg="List process error" ts=2026-04-25T10:57:38.250Z error="WARNING: [generic] Falling back on generic information extractor\n" pid=175
mock-tube            | 172.22.0.5 - - [25/Apr/2026:10:57:38 +0000] "GET /videos/video-big-1.mp4 HTTP/1.1" 200 2237 "-" "Mozilla/5.0 (Windows NT 10.0; Win64; x64) AppleWebKit/537.36 (KHTML, like Gecko) Chrome/141.0.0.0 Safari/537.36" "-"
mock-tube            | 172.22.0.5 - - [25/Apr/2026:10:57:38 +0000] "GET /videos/video-big-2.mp4 HTTP/1.1" 200 2237 "-" "Mozilla/5.0 (Windows NT 10.0; Win64; x64) AppleWebKit/537.36 (KHTML, like Gecko) Chrome/141.0.0.0 Safari/537.36" "-"
mock-tube            | 172.22.0.5 - - [25/Apr/2026:10:57:38 +0000] "GET /videos/video-big-3.mp4 HTTP/1.1" 200 2237 "-" "Mozilla/5.0 (Windows NT 10.0; Win64; x64) AppleWebKit/537.36 (KHTML, like Gecko) Chrome/141.0.0.0 Safari/537.36" "-"
mock-tube            | 172.22.0.5 - - [25/Apr/2026:10:57:38 +0000] "GET /videos/video-big-4.mp4 HTTP/1.1" 200 2237 "-" "Mozilla/5.0 (Windows NT 10.0; Win64; x64) AppleWebKit/537.36 (KHTML, like Gecko) Chrome/141.0.0.0 Safari/537.36" "-"
mock-tube            | 172.22.0.5 - - [25/Apr/2026:10:57:38 +0000] "GET /videos/video-big-5.mp4 HTTP/1.1" 200 2237 "-" "Mozilla/5.0 (Windows NT 10.0; Win64; x64) AppleWebKit/537.36 (KHTML, like Gecko) Chrome/141.0.0.0 Safari/537.36" "-"
mock-tube            | 172.22.0.5 - - [25/Apr/2026:10:57:38 +0000] "GET /videos/video-big-6.mp4 HTTP/1.1" 200 2237 "-" "Mozilla/5.0 (Windows NT 10.0; Win64; x64) AppleWebKit/537.36 (KHTML, like Gecko) Chrome/141.0.0.0 Safari/537.36" "-"
mock-tube            | 172.22.0.5 - - [25/Apr/2026:10:57:38 +0000] "GET /videos/video-big-7.mp4 HTTP/1.1" 200 2237 "-" "Mozilla/5.0 (Windows NT 10.0; Win64; x64) AppleWebKit/537.36 (KHTML, like Gecko) Chrome/141.0.0.0 Safari/537.36" "-"
mock-tube            | 172.22.0.5 - - [25/Apr/2026:10:57:38 +0000] "GET /videos/video-big-8.mp4 HTTP/1.1" 200 2237 "-" "Mozilla/5.0 (Windows NT 10.0; Win64; x64) AppleWebKit/537.36 (KHTML, like Gecko) Chrome/141.0.0.0 Safari/537.36" "-"
mock-tube            | 172.22.0.5 - - [25/Apr/2026:10:57:38 +0000] "GET /videos/video-big-9.mp4 HTTP/1.1" 200 2237 "-" "Mozilla/5.0 (Windows NT 10.0; Win64; x64) AppleWebKit/537.36 (KHTML, like Gecko) Chrome/141.0.0.0 Safari/537.36" "-"
mock-tube            | 172.22.0.5 - - [25/Apr/2026:10:57:38 +0000] "GET /videos/video-big-10.mp4 HTTP/1.1" 200 2237 "-" "Mozilla/5.0 (Windows NT 10.0; Win64; x64) AppleWebKit/537.36 (KHTML, like Gecko) Chrome/141.0.0.0 Safari/537.36" "-"
yt-diff-test         | level=trace msg="Processing video information chunk" ts=2026-04-25T10:57:38.474Z playlistUrl="http://mock-tube:80/playlists/big-playlist.rss?list=1" chunkStartIndex=1 isUpdate=false itemCount=10
yt-diff-test         | level=debug msg="Processed video item in memory" ts=2026-04-25T10:57:38.477Z videoUrl="http://mock-tube:80/videos/video-big-1.mp4" title="video-big-1.mp4 - Screen recordings" playlistUrl="http://mock-tube:80/playlists/big-playlist.rss?list=1" index=1
yt-diff-test         | level=debug msg="Processed video item in memory" ts=2026-04-25T10:57:38.477Z videoUrl="http://mock-tube:80/videos/video-big-2.mp4" title="video-big-2.mp4 - Screen recordings" playlistUrl="http://mock-tube:80/playlists/big-playlist.rss?list=1" index=2
yt-diff-test         | level=debug msg="Processed video item in memory" ts=2026-04-25T10:57:38.478Z videoUrl="http://mock-tube:80/videos/video-big-3.mp4" title="video-big-3.mp4 - Screen recordings" playlistUrl="http://mock-tube:80/playlists/big-playlist.rss?list=1" index=3
yt-diff-test         | level=debug msg="Processed video item in memory" ts=2026-04-25T10:57:38.478Z videoUrl="http://mock-tube:80/videos/video-big-4.mp4" title="video-big-4.mp4 - Screen recordings" playlistUrl="http://mock-tube:80/playlists/big-playlist.rss?list=1" index=4
yt-diff-test         | level=debug msg="Processed video item in memory" ts=2026-04-25T10:57:38.478Z videoUrl="http://mock-tube:80/videos/video-big-5.mp4" title="video-big-5.mp4 - Screen recordings" playlistUrl="http://mock-tube:80/playlists/big-playlist.rss?list=1" index=5
yt-diff-test         | level=debug msg="Processed video item in memory" ts=2026-04-25T10:57:38.478Z videoUrl="http://mock-tube:80/videos/video-big-6.mp4" title="video-big-6.mp4 - Screen recordings" playlistUrl="http://mock-tube:80/playlists/big-playlist.rss?list=1" index=6
yt-diff-test         | level=debug msg="Processed video item in memory" ts=2026-04-25T10:57:38.479Z videoUrl="http://mock-tube:80/videos/video-big-7.mp4" title="video-big-7.mp4 - Screen recordings" playlistUrl="http://mock-tube:80/playlists/big-playlist.rss?list=1" index=7
yt-diff-test         | level=debug msg="Processed video item in memory" ts=2026-04-25T10:57:38.479Z videoUrl="http://mock-tube:80/videos/video-big-8.mp4" title="video-big-8.mp4 - Screen recordings" playlistUrl="http://mock-tube:80/playlists/big-playlist.rss?list=1" index=8
yt-diff-test         | level=debug msg="Processed video item in memory" ts=2026-04-25T10:57:38.479Z videoUrl="http://mock-tube:80/videos/video-big-9.mp4" title="video-big-9.mp4 - Screen recordings" playlistUrl="http://mock-tube:80/playlists/big-playlist.rss?list=1" index=9
yt-diff-test         | level=debug msg="Processed video item in memory" ts=2026-04-25T10:57:38.479Z videoUrl="http://mock-tube:80/videos/video-big-10.mp4" title="video-big-10.mp4 - Screen recordings" playlistUrl="http://mock-tube:80/playlists/big-playlist.rss?list=1" index=10
mock-tube            | 172.22.0.5 - - [25/Apr/2026:10:57:38 +0000] "GET /videos/video-big-11.mp4 HTTP/1.1" 200 2237 "-" "Mozilla/5.0 (Windows NT 10.0; Win64; x64) AppleWebKit/537.36 (KHTML, like Gecko) Chrome/141.0.0.0 Safari/537.36" "-"
mock-tube            | 172.22.0.5 - - [25/Apr/2026:10:57:38 +0000] "GET /videos/video-big-12.mp4 HTTP/1.1" 200 2237 "-" "Mozilla/5.0 (Windows NT 10.0; Win64; x64) AppleWebKit/537.36 (KHTML, like Gecko) Chrome/141.0.0.0 Safari/537.36" "-"
mock-tube            | 172.22.0.5 - - [25/Apr/2026:10:57:38 +0000] "GET /videos/video-big-13.mp4 HTTP/1.1" 200 2237 "-" "Mozilla/5.0 (Windows NT 10.0; Win64; x64) AppleWebKit/537.36 (KHTML, like Gecko) Chrome/141.0.0.0 Safari/537.36" "-"
mock-tube            | 172.22.0.5 - - [25/Apr/2026:10:57:38 +0000] "GET /videos/video-big-14.mp4 HTTP/1.1" 200 2237 "-" "Mozilla/5.0 (Windows NT 10.0; Win64; x64) AppleWebKit/537.36 (KHTML, like Gecko) Chrome/141.0.0.0 Safari/537.36" "-"
mock-tube            | 172.22.0.5 - - [25/Apr/2026:10:57:38 +0000] "GET /videos/video-big-15.mp4 HTTP/1.1" 200 2237 "-" "Mozilla/5.0 (Windows NT 10.0; Win64; x64) AppleWebKit/537.36 (KHTML, like Gecko) Chrome/141.0.0.0 Safari/537.36" "-"
mock-tube            | 172.22.0.5 - - [25/Apr/2026:10:57:38 +0000] "GET /videos/video-big-16.mp4 HTTP/1.1" 200 2237 "-" "Mozilla/5.0 (Windows NT 10.0; Win64; x64) AppleWebKit/537.36 (KHTML, like Gecko) Chrome/141.0.0.0 Safari/537.36" "-"
mock-tube            | 172.22.0.5 - - [25/Apr/2026:10:57:38 +0000] "GET /videos/video-big-17.mp4 HTTP/1.1" 200 2237 "-" "Mozilla/5.0 (Windows NT 10.0; Win64; x64) AppleWebKit/537.36 (KHTML, like Gecko) Chrome/141.0.0.0 Safari/537.36" "-"
yt-diff-test         | level=trace msg="Processing video information chunk" ts=2026-04-25T10:57:38.720Z playlistUrl="http://mock-tube:80/playlists/big-playlist.rss?list=1" chunkStartIndex=11 isUpdate=false itemCount=7
yt-diff-test         | level=debug msg="Processed video item in memory" ts=2026-04-25T10:57:38.723Z videoUrl="http://mock-tube:80/videos/video-big-11.mp4" title="video-big-11.mp4 - Screen recordings" playlistUrl="http://mock-tube:80/playlists/big-playlist.rss?list=1" index=11
yt-diff-test         | level=debug msg="Processed video item in memory" ts=2026-04-25T10:57:38.723Z videoUrl="http://mock-tube:80/videos/video-big-12.mp4" title="video-big-12.mp4 - Screen recordings" playlistUrl="http://mock-tube:80/playlists/big-playlist.rss?list=1" index=12
yt-diff-test         | level=debug msg="Processed video item in memory" ts=2026-04-25T10:57:38.723Z videoUrl="http://mock-tube:80/videos/video-big-13.mp4" title="video-big-13.mp4 - Screen recordings" playlistUrl="http://mock-tube:80/playlists/big-playlist.rss?list=1" index=13
yt-diff-test         | level=debug msg="Processed video item in memory" ts=2026-04-25T10:57:38.723Z videoUrl="http://mock-tube:80/videos/video-big-14.mp4" title="video-big-14.mp4 - Screen recordings" playlistUrl="http://mock-tube:80/playlists/big-playlist.rss?list=1" index=14
yt-diff-test         | level=debug msg="Processed video item in memory" ts=2026-04-25T10:57:38.723Z videoUrl="http://mock-tube:80/videos/video-big-15.mp4" title="video-big-15.mp4 - Screen recordings" playlistUrl="http://mock-tube:80/playlists/big-playlist.rss?list=1" index=15
yt-diff-test         | level=debug msg="Processed video item in memory" ts=2026-04-25T10:57:38.723Z videoUrl="http://mock-tube:80/videos/video-big-16.mp4" title="video-big-16.mp4 - Screen recordings" playlistUrl="http://mock-tube:80/playlists/big-playlist.rss?list=1" index=16
yt-diff-test         | level=debug msg="Processed video item in memory" ts=2026-04-25T10:57:38.723Z videoUrl="http://mock-tube:80/videos/video-big-17.mp4" title="video-big-17.mp4 - Screen recordings" playlistUrl="http://mock-tube:80/playlists/big-playlist.rss?list=1" index=17
yt-diff-test         | level=info msg="Playlist listing completed" ts=2026-04-25T10:57:38.743Z url="http://mock-tube:80/playlists/big-playlist.rss?list=1" processedChunks=2 playlistTitle="Screen recordings" seekPlaylistListTo=0
yt-diff-test         | level=trace msg="Listing completed" ts=2026-04-25T10:57:38.743Z result="{\"url\":\"http://mock-tube:80/playlists/big-playlist.rss?list=1\",\"type\":\"Playlist\",\"status\":\"completed\",\"processedChunks\":2,\"playlistTitle\":\"Screen recordings\",\"seekPlaylistListTo\":0}" listEntry="{\"url\":\"http://mock-tube:80/playlists/big-playlist.rss?list=1\",\"type\":\"undetermined\",\"monitoringType\":\"N/A\",\"spawnType\":\"list\",\"lastActivity\":1777114658743,\"lastStdoutActivity\":1777114658743,\"spawnTimeStamp\":1777114656832,\"status\":\"completed\",\"spawnedProcess\":null}"
yt-diff-test         | level=debug msg="ListingSemaphore released" ts=2026-04-25T10:57:38.743Z
yt-diff-test         | level=info msg="Listed Screen recordings successfully" ts=2026-04-25T10:57:38.744Z
mock-tube            | ::1 - - [25/Apr/2026:10:57:39 +0000] "GET / HTTP/1.1" 200 3 "-" "curl/8.17.0" "-"
yt-diff-test         | level=trace msg="Request Received" ts=2026-04-25T10:57:40.368Z url="/ytdiff/ping" method="GET" encoding=""
mock-tube            | ::1 - - [25/Apr/2026:10:57:44 +0000] "GET / HTTP/1.1" 200 3 "-" "curl/8.17.0" "-"
yt-diff-test         | level=trace msg="Request Received" ts=2026-04-25T10:57:45.433Z url="/ytdiff/ping" method="GET" encoding=""
mock-tube            | ::1 - - [25/Apr/2026:10:57:50 +0000] "GET / HTTP/1.1" 200 3 "-" "curl/8.17.0" "-"
yt-diff-test         | level=trace msg="Request Received" ts=2026-04-25T10:57:50.501Z url="/ytdiff/ping" method="GET" encoding=""
mock-tube            | ::1 - - [25/Apr/2026:10:57:55 +0000] "GET / HTTP/1.1" 200 3 "-" "curl/8.17.0" "-"
yt-diff-test         | level=trace msg="Request Received" ts=2026-04-25T10:57:55.566Z url="/ytdiff/ping" method="GET" encoding=""
yt-diff-test         | level=debug msg="Starting scheduled update" ts=2026-04-25T10:58:00.014Z time="4/25/2026, 4:28:00 PM" timeZone="Asia/Kolkata" nextRun="Sat, Apr 25, 04:29 PM"
yt-diff-test         | level=debug msg="Starting scheduled process cleanup" ts=2026-04-25T10:58:00.032Z
yt-diff-test         | level=info msg="Cleaning up processes older than 300 seconds in download processes" ts=2026-04-25T10:58:00.032Z
yt-diff-test         | level=trace msg="Current process states:" ts=2026-04-25T10:58:00.032Z states="{}"
yt-diff-test         | level=info msg="Cleaned up 0 processes" ts=2026-04-25T10:58:00.032Z
yt-diff-test         | level=trace msg="Updated process states:" ts=2026-04-25T10:58:00.032Z states="{}"
yt-diff-test         | level=info msg="Cleaning up processes older than 300 seconds in list processes" ts=2026-04-25T10:58:00.032Z
yt-diff-test         | level=trace msg="Current process states:" ts=2026-04-25T10:58:00.032Z states="{}"
yt-diff-test         | level=info msg="Cleaned up 0 processes" ts=2026-04-25T10:58:00.032Z
yt-diff-test         | level=trace msg="Updated process states:" ts=2026-04-25T10:58:00.032Z states="{}"
yt-diff-test         | level=info msg="Completed scheduled process cleanup" ts=2026-04-25T10:58:00.037Z cleanedDownloads=0 cleanedLists=0 nextRun="Sat, Apr 25, 04:29 PM"
yt-diff-test         | level=debug msg="Starting scheduled DB prune process" ts=2026-04-25T10:58:00.047Z
yt-diff-test         | level=info msg="No playlists with Start/End/Full monitoring found; skipping update" ts=2026-04-25T10:58:00.087Z
yt-diff-test         | level=info msg="Pruned unreferenced non-downloaded videos" ts=2026-04-25T10:58:00.099Z count=2
yt-diff-test         | level=info msg="Completed DB prune process" ts=2026-04-25T10:58:00.104Z movedCount=0 prunedCount=2 nextRun="Sat, Apr 25, 04:29 PM"
mock-tube            | ::1 - - [25/Apr/2026:10:58:00 +0000] "GET / HTTP/1.1" 200 3 "-" "curl/8.17.0" "-"
yt-diff-test         | level=trace msg="Request Received" ts=2026-04-25T10:58:00.690Z url="/ytdiff/ping" method="GET" encoding=""
mock-tube            | ::1 - - [25/Apr/2026:10:58:05 +0000] "GET / HTTP/1.1" 200 3 "-" "curl/8.17.0" "-"
yt-diff-test         | level=trace msg="Request Received" ts=2026-04-25T10:58:05.764Z url="/ytdiff/ping" method="GET" encoding=""
mock-tube            | ::1 - - [25/Apr/2026:10:58:10 +0000] "GET / HTTP/1.1" 200 3 "-" "curl/8.17.0" "-"
yt-diff-test         | level=trace msg="Request Received" ts=2026-04-25T10:58:10.851Z url="/ytdiff/ping" method="GET" encoding=""
mock-tube            | ::1 - - [25/Apr/2026:10:58:15 +0000] "GET / HTTP/1.1" 200 3 "-" "curl/8.17.0" "-"
yt-diff-test         | level=trace msg="Request Received" ts=2026-04-25T10:58:15.912Z url="/ytdiff/ping" method="GET" encoding=""
mock-tube            | ::1 - - [25/Apr/2026:10:58:20 +0000] "GET / HTTP/1.1" 200 3 "-" "curl/8.17.0" "-"
yt-diff-test         | level=trace msg="Request Received" ts=2026-04-25T10:58:20.974Z url="/ytdiff/ping" method="GET" encoding=""
mock-tube            | ::1 - - [25/Apr/2026:10:58:25 +0000] "GET / HTTP/1.1" 200 3 "-" "curl/8.17.0" "-"
yt-diff-test         | level=trace msg="Request Received" ts=2026-04-25T10:58:26.034Z url="/ytdiff/ping" method="GET" encoding=""
mock-tube            | ::1 - - [25/Apr/2026:10:58:30 +0000] "GET / HTTP/1.1" 200 3 "-" "curl/8.17.0" "-"
yt-diff-test         | level=trace msg="Request Received" ts=2026-04-25T10:58:31.103Z url="/ytdiff/ping" method="GET" encoding=""
yt-diff-test-runner  | [0m[1m[33m'TC-4.1 — Add 'Screen recordings' and wait for full listing' has been running for over [0m[38;5;245m(1m0s)[0m[0m
mock-tube            | ::1 - - [25/Apr/2026:10:58:35 +0000] "GET / HTTP/1.1" 200 3 "-" "curl/8.17.0" "-"
yt-diff-test         | level=trace msg="Request Received" ts=2026-04-25T10:58:36.173Z url="/ytdiff/ping" method="GET" encoding=""
mock-tube            | ::1 - - [25/Apr/2026:10:58:40 +0000] "GET / HTTP/1.1" 200 3 "-" "curl/8.17.0" "-"
yt-diff-test         | level=trace msg="Request Received" ts=2026-04-25T10:58:41.281Z url="/ytdiff/ping" method="GET" encoding=""
mock-tube            | ::1 - - [25/Apr/2026:10:58:45 +0000] "GET / HTTP/1.1" 200 3 "-" "curl/8.17.0" "-"
yt-diff-test         | level=trace msg="Request Received" ts=2026-04-25T10:58:46.354Z url="/ytdiff/ping" method="GET" encoding=""
mock-tube            | ::1 - - [25/Apr/2026:10:58:50 +0000] "GET / HTTP/1.1" 200 3 "-" "curl/8.17.0" "-"
yt-diff-test         | level=trace msg="Request Received" ts=2026-04-25T10:58:51.426Z url="/ytdiff/ping" method="GET" encoding=""
mock-tube            | ::1 - - [25/Apr/2026:10:58:56 +0000] "GET / HTTP/1.1" 200 3 "-" "curl/8.17.0" "-"
yt-diff-test         | level=trace msg="Request Received" ts=2026-04-25T10:58:56.487Z url="/ytdiff/ping" method="GET" encoding=""
yt-diff-test         | level=debug msg="Starting scheduled process cleanup" ts=2026-04-25T10:59:00.012Z
yt-diff-test         | level=info msg="Cleaning up processes older than 300 seconds in download processes" ts=2026-04-25T10:59:00.012Z
yt-diff-test         | level=trace msg="Current process states:" ts=2026-04-25T10:59:00.012Z states="{}"
yt-diff-test         | level=info msg="Cleaned up 0 processes" ts=2026-04-25T10:59:00.012Z
yt-diff-test         | level=trace msg="Updated process states:" ts=2026-04-25T10:59:00.012Z states="{}"
yt-diff-test         | level=info msg="Cleaning up processes older than 300 seconds in list processes" ts=2026-04-25T10:59:00.013Z
yt-diff-test         | level=trace msg="Current process states:" ts=2026-04-25T10:59:00.013Z states="{}"
yt-diff-test         | level=info msg="Cleaned up 0 processes" ts=2026-04-25T10:59:00.013Z
yt-diff-test         | level=trace msg="Updated process states:" ts=2026-04-25T10:59:00.013Z states="{}"
yt-diff-test         | level=info msg="Completed scheduled process cleanup" ts=2026-04-25T10:59:00.026Z cleanedDownloads=0 cleanedLists=0 nextRun="Sat, Apr 25, 04:30 PM"
yt-diff-test         | level=debug msg="Starting scheduled update" ts=2026-04-25T10:59:00.046Z time="4/25/2026, 4:29:00 PM" timeZone="Asia/Kolkata" nextRun="Sat, Apr 25, 04:30 PM"
yt-diff-test         | level=debug msg="Starting scheduled DB prune process" ts=2026-04-25T10:59:00.061Z
yt-diff-test         | level=info msg="No playlists with Start/End/Full monitoring found; skipping update" ts=2026-04-25T10:59:00.126Z
yt-diff-test         | level=info msg="No unreferenced videos found to prune" ts=2026-04-25T10:59:00.131Z
mock-tube            | ::1 - - [25/Apr/2026:10:59:01 +0000] "GET / HTTP/1.1" 200 3 "-" "curl/8.17.0" "-"
yt-diff-test         | level=trace msg="Request Received" ts=2026-04-25T10:59:01.644Z url="/ytdiff/ping" method="GET" encoding=""
yt-diff-test-runner  | [0m[38;5;245m----- output end -----[0m
yt-diff-test-runner  | TC-4.1 — Add 'Screen recordings' and wait for full listing ... [0m[32mok[0m [0m[38;5;245m(1m30s)[0m
yt-diff-test         | level=trace msg="Fetching playlist videos" ts=2026-04-25T10:59:05.464Z startIndex=0 endIndex=8 searchQuery="" sortBy="positionInPlaylist" sortDirection="ASC" playlistUrl="http://mock-tube:80/playlists/big-playlist.rss?list=1"
yt-diff-test         | level=trace msg="Fetching playlist videos" ts=2026-04-25T10:59:05.504Z startIndex=8 endIndex=16 searchQuery="" sortBy="positionInPlaylist" sortDirection="ASC" playlistUrl="http://mock-tube:80/playlists/big-playlist.rss?list=1"
yt-diff-test         | level=trace msg="Fetching playlist videos" ts=2026-04-25T10:59:05.540Z startIndex=16 endIndex=24 searchQuery="" sortBy="positionInPlaylist" sortDirection="ASC" playlistUrl="http://mock-tube:80/playlists/big-playlist.rss?list=1"
yt-diff-test-runner  | TC-4.2 — Paginated sublist retrieval (3 pages, 17 total) ... [0m[32mok[0m [0m[38;5;245m(110ms)[0m
yt-diff-test         | level=trace msg="Rate limit check for IP 172.22.0.6" ts=2026-04-25T10:59:05.554Z
yt-diff-test         | level=debug msg="Rate limiting disabled (maxRequestsPerWindow is 0)" ts=2026-04-25T10:59:05.554Z
yt-diff-test         | level=debug msg="Checking video in database" ts=2026-04-25T10:59:05.557Z url="http://mock-tube:80/videos/video-big-16.mp4"
yt-diff-test         | level=trace msg="Downloading 1 videos concurrently (max 2 concurrent)" ts=2026-04-25T10:59:05.561Z
yt-diff-test         | level=trace msg="Filtered 1 unique items for download" ts=2026-04-25T10:59:05.561Z
yt-diff-test         | level=trace msg="Starting download with semaphore: {\"url\":\"http://mock-tube:80/videos/video-big-16.mp4\",\"title\":\"video-big-16.mp4 - Screen recordings\",\"saveDirectory\":\"Screen recordings\",\"videoId\":\"video-big-16\"}" ts=2026-04-25T10:59:05.561Z
yt-diff-test         | level=debug msg="DownloadSemaphore acquired, current concurrent: 1" ts=2026-04-25T10:59:05.561Z
yt-diff-test         | level=debug msg="Download processes started" ts=2026-04-25T10:59:05.561Z itemCount=1
yt-diff-test         | level=debug msg="Downloading to path: /app/downloads/Screen recordings" ts=2026-04-25T10:59:05.562Z
yt-diff-test         | level=debug msg="Starting download for http://mock-tube:80/videos/video-big-16.mp4" ts=2026-04-25T10:59:05.562Z url="video-big-16.mp4 - Screen recordings" savePath="/app/downloads/Screen recordings" fullCommand="yt-dlp --progress --embed-metadata --embed-chapters --write-subs --write-auto-subs --write-description --write-comments --write-thumbnail --restrict-filenames -P temp:/tmp -o %(id)s.%(ext)s --print before_dl:title:%(title)s [%(id)s] --print post_process:\"fileName:%(id)s.%(ext)s\" --progress-template download-title:%(info.id)s-%(progress.eta)s -P home:/app/downloads/Screen recordings http://mock-tube:80/videos/video-big-16.mp4"
mock-tube            | ::1 - - [25/Apr/2026:10:59:06 +0000] "GET / HTTP/1.1" 200 3 "-" "curl/8.17.0" "-"
yt-diff-test         | level=trace msg="Request Received" ts=2026-04-25T10:59:06.718Z url="/ytdiff/ping" method="GET" encoding=""
mock-tube            | 172.22.0.5 - - [25/Apr/2026:10:59:06 +0000] "GET /videos/video-big-16.mp4 HTTP/1.1" 200 2237 "-" "Mozilla/5.0 (Windows NT 10.0; Win64; x64) AppleWebKit/537.36 (KHTML, like Gecko) Chrome/141.0.0.0 Safari/537.36" "-"
yt-diff-test         | level=debug msg="Video Title from process video-big-16 [video-big-16]" ts=2026-04-25T10:59:06.916Z pid=290
mock-tube            | 172.22.0.5 - - [25/Apr/2026:10:59:06 +0000] "GET /videos/video-big-16.mp4 HTTP/1.1" 200 2237 "-" "Mozilla/5.0 (Windows NT 10.0; Win64; x64) AppleWebKit/537.36 (KHTML, like Gecko) Chrome/141.0.0.0 Safari/537.36" "-"
yt-diff-test         | level=debug msg="[download] 100% of    2.18KiB in 00:00:00 at 491.14KiB/s" ts=2026-04-25T10:59:06.921Z pid=290
yt-diff-test         | level=debug msg="Filename in destination: video-big-16.mp4, basename: video-big-16.mp4, DB title: video-big-16.mp4 - Screen recordings" ts=2026-04-25T10:59:06.923Z pid=290
yt-diff-test         | level=debug msg="Scanning savePath for extra metadata files" ts=2026-04-25T10:59:07.077Z savePath="/app/downloads/Screen recordings" mainFileBase="video-big-16"
yt-diff-test         | level=trace msg="Found comments file" ts=2026-04-25T10:59:07.077Z file="video-big-16.info.json"
yt-diff-test         | level=trace msg="Found video file" ts=2026-04-25T10:59:07.079Z file="video-big-16.mp4"
yt-diff-test         | level=info msg="Some of the expected files are not found" ts=2026-04-25T10:59:07.079Z updates="{\"downloadStatus\":true,\"isAvailable\":true,\"title\":\"video-big-16.mp4 - Screen recordings\",\"fileName\":\"video-big-16.mp4\",\"descriptionFile\":null,\"commentsFile\":\"video-big-16.info.json\",\"subTitleFile\":null,\"thumbNailFile\":null,\"isMetaDataSynced\":true,\"saveDirectory\":\"Screen recordings\"}"
yt-diff-test         | level=debug msg="Updating video: {\"downloadStatus\":true,\"isAvailable\":true,\"title\":\"video-big-16.mp4 - Screen recordings\",\"fileName\":\"video-big-16.mp4\",\"descriptionFile\":null,\"commentsFile\":\"video-big-16.info.json\",\"subTitleFile\":null,\"thumbNailFile\":null,\"isMetaDataSynced\":true,\"saveDirectory\":\"Screen recordings\"}" ts=2026-04-25T10:59:07.079Z pid=290
yt-diff-test         | level=trace msg="Removed process from cache: 290" ts=2026-04-25T10:59:07.081Z pid=290
yt-diff-test         | level=trace msg="Process map state: {}" ts=2026-04-25T10:59:07.082Z
yt-diff-test         | level=trace msg="Process map size: 0" ts=2026-04-25T10:59:07.082Z
yt-diff-test         | level=debug msg="DownloadSemaphore released" ts=2026-04-25T10:59:07.082Z
yt-diff-test         | level=info msg="Downloaded video-big-16.mp4 - Screen recordings successfully" ts=2026-04-25T10:59:07.082Z
mock-tube            | ::1 - - [25/Apr/2026:10:59:11 +0000] "GET / HTTP/1.1" 200 3 "-" "curl/8.17.0" "-"
yt-diff-test         | level=trace msg="Request Received" ts=2026-04-25T10:59:11.783Z url="/ytdiff/ping" method="GET" encoding=""
mock-tube            | ::1 - - [25/Apr/2026:10:59:16 +0000] "GET / HTTP/1.1" 200 3 "-" "curl/8.17.0" "-"
yt-diff-test         | level=trace msg="Request Received" ts=2026-04-25T10:59:16.854Z url="/ytdiff/ping" method="GET" encoding=""
mock-tube            | ::1 - - [25/Apr/2026:10:59:21 +0000] "GET / HTTP/1.1" 200 3 "-" "curl/8.17.0" "-"
yt-diff-test         | level=trace msg="Request Received" ts=2026-04-25T10:59:21.922Z url="/ytdiff/ping" method="GET" encoding=""
mock-tube            | ::1 - - [25/Apr/2026:10:59:26 +0000] "GET / HTTP/1.1" 200 3 "-" "curl/8.17.0" "-"
yt-diff-test         | level=trace msg="Request Received" ts=2026-04-25T10:59:26.981Z url="/ytdiff/ping" method="GET" encoding=""
yt-diff-test-runner  | TC-4.3 — Download a video within the playlist ... [0m[32mok[0m [0m[38;5;245m(25s)[0m
yt-diff-test         | level=trace msg="Rate limit check for IP 172.22.0.6" ts=2026-04-25T10:59:30.567Z
yt-diff-test         | level=debug msg="Rate limiting disabled (maxRequestsPerWindow is 0)" ts=2026-04-25T10:59:30.567Z
yt-diff-test         | level=trace msg="Processing URL list" ts=2026-04-25T10:59:30.569Z urlCount=1 chunkSize=10 monitoringType="N/A"
yt-diff-test         | level=debug msg="Checking URL in database" ts=2026-04-25T10:59:30.570Z url="http://mock-tube:80/videos/video-big-15.mp4"
yt-diff-test         | level=debug msg="Video found in database" ts=2026-04-25T10:59:30.588Z url="http://mock-tube:80/videos/video-big-15.mp4"
yt-diff-test         | level=trace msg="Listing 0 items concurrently (chunk size: 10)" ts=2026-04-25T10:59:30.600Z
yt-diff-test         | level=trace msg="No items to list" ts=2026-04-25T10:59:30.601Z
yt-diff-test         | level=debug msg="Listing processes started" ts=2026-04-25T10:59:30.601Z itemCount=0
mock-tube            | ::1 - - [25/Apr/2026:10:59:31 +0000] "GET / HTTP/1.1" 200 3 "-" "curl/8.17.0" "-"
yt-diff-test         | level=trace msg="Request Received" ts=2026-04-25T10:59:32.039Z url="/ytdiff/ping" method="GET" encoding=""
mock-tube            | ::1 - - [25/Apr/2026:10:59:36 +0000] "GET / HTTP/1.1" 200 3 "-" "curl/8.17.0" "-"
yt-diff-test         | level=trace msg="Request Received" ts=2026-04-25T10:59:37.151Z url="/ytdiff/ping" method="GET" encoding=""
yt-diff-test-runner  | TC-4.4 — Add a video already in 'Screen recordings' to the 'None' playlist ... [0m[32mok[0m [0m[38;5;245m(10s)[0m
yt-diff-test         | level=trace msg="Fetching playlist videos" ts=2026-04-25T10:59:40.612Z startIndex=0 endIndex=8 searchQuery="" sortBy="positionInPlaylist" sortDirection="ASC" playlistUrl="None"
yt-diff-test-runner  | TC-4.5 — 'None' sublist shows the newly added video ... [0m[32mok[0m [0m[38;5;245m(25ms)[0m
yt-diff-test         | level=trace msg="Rate limit check for IP 172.22.0.6" ts=2026-04-25T10:59:40.633Z
yt-diff-test         | level=debug msg="Rate limiting disabled (maxRequestsPerWindow is 0)" ts=2026-04-25T10:59:40.633Z
yt-diff-test         | level=debug msg="Checking video in database" ts=2026-04-25T10:59:40.635Z url="http://mock-tube:80/videos/video-big-15.mp4"
yt-diff-test         | level=trace msg="Downloading 1 videos concurrently (max 2 concurrent)" ts=2026-04-25T10:59:40.640Z
yt-diff-test         | level=trace msg="Filtered 1 unique items for download" ts=2026-04-25T10:59:40.641Z
yt-diff-test         | level=trace msg="Starting download with semaphore: {\"url\":\"http://mock-tube:80/videos/video-big-15.mp4\",\"title\":\"video-big-15.mp4 - Screen recordings\",\"saveDirectory\":\"Screen recordings\",\"videoId\":\"video-big-15\"}" ts=2026-04-25T10:59:40.641Z
yt-diff-test         | level=debug msg="DownloadSemaphore acquired, current concurrent: 1" ts=2026-04-25T10:59:40.641Z
yt-diff-test         | level=debug msg="Download processes started" ts=2026-04-25T10:59:40.641Z itemCount=1
yt-diff-test         | level=debug msg="Downloading to path: /app/downloads/Screen recordings" ts=2026-04-25T10:59:40.641Z
yt-diff-test         | level=debug msg="Starting download for http://mock-tube:80/videos/video-big-15.mp4" ts=2026-04-25T10:59:40.642Z url="video-big-15.mp4 - Screen recordings" savePath="/app/downloads/Screen recordings" fullCommand="yt-dlp --progress --embed-metadata --embed-chapters --write-subs --write-auto-subs --write-description --write-comments --write-thumbnail --restrict-filenames -P temp:/tmp -o %(id)s.%(ext)s --print before_dl:title:%(title)s [%(id)s] --print post_process:\"fileName:%(id)s.%(ext)s\" --progress-template download-title:%(info.id)s-%(progress.eta)s -P home:/app/downloads/Screen recordings http://mock-tube:80/videos/video-big-15.mp4"
mock-tube            | ::1 - - [25/Apr/2026:10:59:41 +0000] "GET / HTTP/1.1" 200 3 "-" "curl/8.17.0" "-"
mock-tube            | 172.22.0.5 - - [25/Apr/2026:10:59:41 +0000] "GET /videos/video-big-15.mp4 HTTP/1.1" 200 2237 "-" "Mozilla/5.0 (Windows NT 10.0; Win64; x64) AppleWebKit/537.36 (KHTML, like Gecko) Chrome/138.0.0.0 Safari/537.36" "-"
yt-diff-test         | level=debug msg="Video Title from process video-big-15 [video-big-15]" ts=2026-04-25T10:59:41.863Z pid=340
mock-tube            | 172.22.0.5 - - [25/Apr/2026:10:59:41 +0000] "GET /videos/video-big-15.mp4 HTTP/1.1" 200 2237 "-" "Mozilla/5.0 (Windows NT 10.0; Win64; x64) AppleWebKit/537.36 (KHTML, like Gecko) Chrome/138.0.0.0 Safari/537.36" "-"
yt-diff-test         | level=debug msg="[download] 100% of    2.18KiB in 00:00:00 at 591.26KiB/s" ts=2026-04-25T10:59:41.867Z pid=340
yt-diff-test         | level=debug msg="Filename in destination: video-big-15.mp4, basename: video-big-15.mp4, DB title: video-big-15.mp4 - Screen recordings" ts=2026-04-25T10:59:41.868Z pid=340
yt-diff-test         | level=debug msg="Scanning savePath for extra metadata files" ts=2026-04-25T10:59:42.011Z savePath="/app/downloads/Screen recordings" mainFileBase="video-big-15"
yt-diff-test         | level=trace msg="Found comments file" ts=2026-04-25T10:59:42.012Z file="video-big-15.info.json"
yt-diff-test         | level=trace msg="Found video file" ts=2026-04-25T10:59:42.013Z file="video-big-15.mp4"
yt-diff-test         | level=info msg="Some of the expected files are not found" ts=2026-04-25T10:59:42.013Z updates="{\"downloadStatus\":true,\"isAvailable\":true,\"title\":\"video-big-15.mp4 - Screen recordings\",\"fileName\":\"video-big-15.mp4\",\"descriptionFile\":null,\"commentsFile\":\"video-big-15.info.json\",\"subTitleFile\":null,\"thumbNailFile\":null,\"isMetaDataSynced\":true,\"saveDirectory\":\"Screen recordings\"}"
yt-diff-test         | level=debug msg="Updating video: {\"downloadStatus\":true,\"isAvailable\":true,\"title\":\"video-big-15.mp4 - Screen recordings\",\"fileName\":\"video-big-15.mp4\",\"descriptionFile\":null,\"commentsFile\":\"video-big-15.info.json\",\"subTitleFile\":null,\"thumbNailFile\":null,\"isMetaDataSynced\":true,\"saveDirectory\":\"Screen recordings\"}" ts=2026-04-25T10:59:42.013Z pid=340
yt-diff-test         | level=trace msg="Removed process from cache: 340" ts=2026-04-25T10:59:42.025Z pid=340
yt-diff-test         | level=trace msg="Process map state: {}" ts=2026-04-25T10:59:42.025Z
yt-diff-test         | level=trace msg="Process map size: 0" ts=2026-04-25T10:59:42.026Z
yt-diff-test         | level=debug msg="DownloadSemaphore released" ts=2026-04-25T10:59:42.026Z
yt-diff-test         | level=info msg="Downloaded video-big-15.mp4 - Screen recordings successfully" ts=2026-04-25T10:59:42.026Z
yt-diff-test         | level=trace msg="Request Received" ts=2026-04-25T10:59:42.214Z url="/ytdiff/ping" method="GET" encoding=""
mock-tube            | ::1 - - [25/Apr/2026:10:59:46 +0000] "GET / HTTP/1.1" 200 3 "-" "curl/8.17.0" "-"
yt-diff-test         | level=trace msg="Request Received" ts=2026-04-25T10:59:47.288Z url="/ytdiff/ping" method="GET" encoding=""
mock-tube            | ::1 - - [25/Apr/2026:10:59:51 +0000] "GET / HTTP/1.1" 200 3 "-" "curl/8.17.0" "-"
yt-diff-test         | level=trace msg="Request Received" ts=2026-04-25T10:59:52.365Z url="/ytdiff/ping" method="GET" encoding=""
yt-diff-test-runner  | TC-4.6 — Download the video via the 'None' playlist context ... [0m[32mok[0m [0m[38;5;245m(15s)[0m
yt-diff-test         | level=trace msg="Fetching playlist videos" ts=2026-04-25T10:59:55.649Z startIndex=0 endIndex=8 searchQuery="" sortBy="positionInPlaylist" sortDirection="ASC" playlistUrl="None"
yt-diff-test-runner  | TC-4.7 — 'None' sublist confirms download success ... [0m[32mok[0m [0m[38;5;245m(29ms)[0m
yt-diff-test         | level=trace msg="Fetching playlist videos" ts=2026-04-25T10:59:55.676Z startIndex=8 endIndex=16 searchQuery="" sortBy="positionInPlaylist" sortDirection="ASC" playlistUrl="http://mock-tube:80/playlists/big-playlist.rss?list=1"
yt-diff-test-runner  | TC-4.8 — Download state visible from the original playlist context ... [0m[32mok[0m [0m[38;5;245m(10ms)[0m
yt-diff-test         | level=trace msg="Fetching playlist videos" ts=2026-04-25T10:59:55.687Z startIndex=0 endIndex=8 searchQuery="" sortBy="downloadStatus" sortDirection="DESC" playlistUrl="http://mock-tube:80/playlists/big-playlist.rss?list=1"
yt-diff-test-runner  | TC-4.9 — sortDownloaded ordering (downloaded items first) ... [0m[32mok[0m [0m[38;5;245m(8ms)[0m
yt-diff-test         | level=debug msg="Received playlist delete request" ts=2026-04-25T10:59:55.697Z requestBody="{\"playListUrl\":\"http://mock-tube:80/playlists/big-playlist.rss?list=1\",\"deleteAllVideosInPlaylist\":false,\"deletePlaylist\":true,\"cleanUp\":false}"
yt-diff-test         | level=debug msg="Updated sortOrder for playlists after deleted playlist" ts=2026-04-25T10:59:55.702Z deletedSortOrder=0
yt-diff-test         | level=trace msg="Fetching playlists for display" ts=2026-04-25T10:59:55.704Z startIndex=0 pageSize=10 sortBy="sortOrder" sortDirection="ASC" searchQuery=""
yt-diff-test-runner  | TC-5.1 — Delete the 'Screen recordings' playlist record ... [0m[32mok[0m [0m[38;5;245m(13ms)[0m
yt-diff-test         | level=trace msg="Fetching playlist videos" ts=2026-04-25T10:59:55.709Z startIndex=0 endIndex=10 searchQuery="" sortBy="positionInPlaylist" sortDirection="ASC" playlistUrl="None"
yt-diff-test-runner  | TC-5.2 — 'None' sublist immediately after deletion (before prune job runs) ... [0m[32mok[0m [0m[38;5;245m(8ms)[0m
yt-diff-test-runner  | TC-5.3 — 'None' sublist after prune job runs ...
yt-diff-test-runner  | [0m[38;5;245m------- output -------[0m
yt-diff-test-runner  | Waiting 65s for prune job (runs every minute)...
mock-tube            | ::1 - - [25/Apr/2026:10:59:56 +0000] "GET / HTTP/1.1" 200 3 "-" "curl/8.17.0" "-"
yt-diff-test         | level=trace msg="Request Received" ts=2026-04-25T10:59:57.425Z url="/ytdiff/ping" method="GET" encoding=""
yt-diff-test         | level=debug msg="Starting scheduled DB prune process" ts=2026-04-25T11:00:00.004Z
yt-diff-test         | level=debug msg="Starting scheduled update" ts=2026-04-25T11:00:00.018Z time="4/25/2026, 4:30:00 PM" timeZone="Asia/Kolkata" nextRun="Sat, Apr 25, 04:31 PM"
yt-diff-test         | level=debug msg="Starting scheduled process cleanup" ts=2026-04-25T11:00:00.023Z
yt-diff-test         | level=info msg="Cleaning up processes older than 300 seconds in download processes" ts=2026-04-25T11:00:00.023Z
yt-diff-test         | level=trace msg="Current process states:" ts=2026-04-25T11:00:00.024Z states="{}"
yt-diff-test         | level=info msg="Cleaned up 0 processes" ts=2026-04-25T11:00:00.024Z
yt-diff-test         | level=trace msg="Updated process states:" ts=2026-04-25T11:00:00.024Z states="{}"
yt-diff-test         | level=info msg="Cleaning up processes older than 300 seconds in list processes" ts=2026-04-25T11:00:00.025Z
yt-diff-test         | level=trace msg="Current process states:" ts=2026-04-25T11:00:00.025Z states="{}"
yt-diff-test         | level=info msg="Cleaned up 0 processes" ts=2026-04-25T11:00:00.025Z
yt-diff-test         | level=trace msg="Updated process states:" ts=2026-04-25T11:00:00.026Z states="{}"
yt-diff-test         | level=info msg="Completed scheduled process cleanup" ts=2026-04-25T11:00:00.034Z cleanedDownloads=0 cleanedLists=0 nextRun="Sat, Apr 25, 04:31 PM"
yt-diff-test         | level=info msg="No playlists with Start/End/Full monitoring found; skipping update" ts=2026-04-25T11:00:00.037Z
yt-diff-test         | level=info msg="Moved unreferenced downloaded videos to 'None' playlist" ts=2026-04-25T11:00:00.041Z count=1
yt-diff-test         | level=info msg="Pruned unreferenced non-downloaded videos" ts=2026-04-25T11:00:00.044Z count=15
yt-diff-test         | level=info msg="Completed DB prune process" ts=2026-04-25T11:00:00.052Z movedCount=1 prunedCount=15 nextRun="Sat, Apr 25, 04:31 PM"
mock-tube            | ::1 - - [25/Apr/2026:11:00:01 +0000] "GET / HTTP/1.1" 200 3 "-" "curl/8.17.0" "-"
yt-diff-test         | level=trace msg="Request Received" ts=2026-04-25T11:00:02.496Z url="/ytdiff/ping" method="GET" encoding=""
mock-tube            | ::1 - - [25/Apr/2026:11:00:07 +0000] "GET / HTTP/1.1" 200 3 "-" "curl/8.17.0" "-"
yt-diff-test         | level=trace msg="Request Received" ts=2026-04-25T11:00:07.570Z url="/ytdiff/ping" method="GET" encoding=""
mock-tube            | ::1 - - [25/Apr/2026:11:00:12 +0000] "GET / HTTP/1.1" 200 3 "-" "curl/8.17.0" "-"
yt-diff-test         | level=trace msg="Request Received" ts=2026-04-25T11:00:12.638Z url="/ytdiff/ping" method="GET" encoding=""
mock-tube            | ::1 - - [25/Apr/2026:11:00:17 +0000] "GET / HTTP/1.1" 200 3 "-" "curl/8.17.0" "-"
yt-diff-test         | level=trace msg="Request Received" ts=2026-04-25T11:00:17.713Z url="/ytdiff/ping" method="GET" encoding=""
mock-tube            | ::1 - - [25/Apr/2026:11:00:22 +0000] "GET / HTTP/1.1" 200 3 "-" "curl/8.17.0" "-"
yt-diff-test         | level=trace msg="Request Received" ts=2026-04-25T11:00:22.797Z url="/ytdiff/ping" method="GET" encoding=""
mock-tube            | ::1 - - [25/Apr/2026:11:00:27 +0000] "GET / HTTP/1.1" 200 3 "-" "curl/8.17.0" "-"
yt-diff-test         | level=trace msg="Request Received" ts=2026-04-25T11:00:27.887Z url="/ytdiff/ping" method="GET" encoding=""
mock-tube            | ::1 - - [25/Apr/2026:11:00:32 +0000] "GET / HTTP/1.1" 200 3 "-" "curl/8.17.0" "-"
yt-diff-test         | level=trace msg="Request Received" ts=2026-04-25T11:00:32.949Z url="/ytdiff/ping" method="GET" encoding=""
mock-tube            | ::1 - - [25/Apr/2026:11:00:37 +0000] "GET / HTTP/1.1" 200 3 "-" "curl/8.17.0" "-"
yt-diff-test         | level=trace msg="Request Received" ts=2026-04-25T11:00:38.014Z url="/ytdiff/ping" method="GET" encoding=""
mock-tube            | ::1 - - [25/Apr/2026:11:00:42 +0000] "GET / HTTP/1.1" 200 3 "-" "curl/8.17.0" "-"
yt-diff-test         | level=trace msg="Request Received" ts=2026-04-25T11:00:43.075Z url="/ytdiff/ping" method="GET" encoding=""
mock-tube            | ::1 - - [25/Apr/2026:11:00:47 +0000] "GET / HTTP/1.1" 200 3 "-" "curl/8.17.0" "-"
yt-diff-test         | level=trace msg="Request Received" ts=2026-04-25T11:00:48.218Z url="/ytdiff/ping" method="GET" encoding=""
mock-tube            | ::1 - - [25/Apr/2026:11:00:52 +0000] "GET / HTTP/1.1" 200 3 "-" "curl/8.17.0" "-"
yt-diff-test         | level=trace msg="Request Received" ts=2026-04-25T11:00:53.321Z url="/ytdiff/ping" method="GET" encoding=""
yt-diff-test-runner  | [0m[1m[33m'TC-5.3 — 'None' sublist after prune job runs' has been running for over [0m[38;5;245m(1m0s)[0m[0m
mock-tube            | ::1 - - [25/Apr/2026:11:00:57 +0000] "GET / HTTP/1.1" 200 3 "-" "curl/8.17.0" "-"
yt-diff-test         | level=trace msg="Request Received" ts=2026-04-25T11:00:58.386Z url="/ytdiff/ping" method="GET" encoding=""
yt-diff-test         | level=debug msg="Starting scheduled process cleanup" ts=2026-04-25T11:01:00.010Z
yt-diff-test         | level=info msg="Cleaning up processes older than 300 seconds in download processes" ts=2026-04-25T11:01:00.010Z
yt-diff-test         | level=trace msg="Current process states:" ts=2026-04-25T11:01:00.011Z states="{}"
yt-diff-test         | level=info msg="Cleaned up 0 processes" ts=2026-04-25T11:01:00.011Z
yt-diff-test         | level=trace msg="Updated process states:" ts=2026-04-25T11:01:00.011Z states="{}"
yt-diff-test         | level=info msg="Cleaning up processes older than 300 seconds in list processes" ts=2026-04-25T11:01:00.012Z
yt-diff-test         | level=trace msg="Current process states:" ts=2026-04-25T11:01:00.013Z states="{}"
yt-diff-test         | level=info msg="Cleaned up 0 processes" ts=2026-04-25T11:01:00.014Z
yt-diff-test         | level=trace msg="Updated process states:" ts=2026-04-25T11:01:00.015Z states="{}"
yt-diff-test         | level=info msg="Completed scheduled process cleanup" ts=2026-04-25T11:01:00.022Z cleanedDownloads=0 cleanedLists=0 nextRun="Sat, Apr 25, 04:32 PM"
yt-diff-test         | level=debug msg="Starting scheduled update" ts=2026-04-25T11:01:00.040Z time="4/25/2026, 4:31:00 PM" timeZone="Asia/Kolkata" nextRun="Sat, Apr 25, 04:32 PM"
yt-diff-test         | level=debug msg="Starting scheduled DB prune process" ts=2026-04-25T11:01:00.052Z
yt-diff-test         | level=info msg="No playlists with Start/End/Full monitoring found; skipping update" ts=2026-04-25T11:01:00.114Z
yt-diff-test         | level=info msg="No unreferenced videos found to prune" ts=2026-04-25T11:01:00.119Z
yt-diff-test         | level=trace msg="Fetching playlist videos" ts=2026-04-25T11:01:00.724Z startIndex=0 endIndex=10 searchQuery="" sortBy="positionInPlaylist" sortDirection="ASC" playlistUrl="None"
yt-diff-test-runner  | [0m[38;5;245m----- output end -----[0m
yt-diff-test-runner  | TC-5.3 — 'None' sublist after prune job runs ... [0m[32mok[0m [0m[38;5;245m(1m5s)[0m
yt-diff-test         | level=trace msg="Rate limit check for IP 172.22.0.6" ts=2026-04-25T11:01:00.767Z
yt-diff-test         | level=debug msg="Rate limiting disabled (maxRequestsPerWindow is 0)" ts=2026-04-25T11:01:00.767Z
yt-diff-test         | level=trace msg="Processing URL list" ts=2026-04-25T11:01:00.769Z urlCount=1 chunkSize=10 monitoringType="N/A"
yt-diff-test         | level=debug msg="Checking URL in database" ts=2026-04-25T11:01:00.769Z url="http://mock-tube:80/videos/video-big-15.mp4"
yt-diff-test         | level=debug msg="Video found in database" ts=2026-04-25T11:01:00.773Z url="http://mock-tube:80/videos/video-big-15.mp4"
yt-diff-test         | level=trace msg="Listing 0 items concurrently (chunk size: 10)" ts=2026-04-25T11:01:00.782Z
yt-diff-test         | level=trace msg="No items to list" ts=2026-04-25T11:01:00.782Z
yt-diff-test         | level=debug msg="Listing processes started" ts=2026-04-25T11:01:00.782Z itemCount=0
yt-diff-test-runner  | TC-6.1 — Re-add a video already downloaded in 'None' (no-op) ... [0m[32mok[0m [0m[38;5;245m(28ms)[0m
yt-diff-test         | level=trace msg="Rate limit check for IP 172.22.0.6" ts=2026-04-25T11:01:00.786Z
yt-diff-test         | level=debug msg="Rate limiting disabled (maxRequestsPerWindow is 0)" ts=2026-04-25T11:01:00.786Z
yt-diff-test         | level=trace msg="Processing URL list" ts=2026-04-25T11:01:00.788Z urlCount=1 chunkSize=10 monitoringType="N/A"
yt-diff-test         | level=debug msg="Checking URL in database" ts=2026-04-25T11:01:00.788Z url="http://mock-tube:80/videos/video-single.mp4"
yt-diff-test         | level=debug msg="URL not found in database, adding to list" ts=2026-04-25T11:01:00.791Z url="http://mock-tube:80/videos/video-single.mp4"
yt-diff-test         | level=trace msg="Listing 1 items concurrently (chunk size: 10)" ts=2026-04-25T11:01:00.791Z
yt-diff-test         | level=trace msg="Starting listing with semaphore: {\"url\":\"http://mock-tube:80/videos/video-single.mp4\",\"type\":\"undetermined\",\"currentMonitoringType\":\"N/A\",\"reason\":\"URL not found in database\"}" ts=2026-04-25T11:01:00.792Z
yt-diff-test         | level=debug msg="ListingSemaphore acquired, current concurrent: 1" ts=2026-04-25T11:01:00.792Z
yt-diff-test         | level=debug msg="Listing processes started" ts=2026-04-25T11:01:00.792Z itemCount=1
yt-diff-test         | level=debug msg="isScheduledUpdate: false" ts=2026-04-25T11:01:00.794Z item="{\"url\":\"http://mock-tube:80/videos/video-single.mp4\",\"type\":\"undetermined\",\"currentMonitoringType\":\"N/A\",\"reason\":\"URL not found in database\"}" isScheduledUpdate=false
yt-diff-test         | level=trace msg="Starting streaming fetch for items" ts=2026-04-25T11:01:00.795Z url="http://mock-tube:80/videos/video-single.mp4" processKey="pending_http://mock-tube:80/videos/video-single.mp4_1777114860794" startIndex=1
yt-diff-test         | level=debug msg="Starting streaming listing for http://mock-tube:80/videos/video-single.mp4" ts=2026-04-25T11:01:00.795Z url="http://mock-tube:80/videos/video-single.mp4" fullCommand="yt-dlp --playlist-start 1 --dump-json --no-download http://mock-tube:80/videos/video-single.mp4"
yt-db-test           | 2026-04-25 11:01:00.837 UTC [51] LOG:  checkpoint starting: time
mock-tube            | 172.22.0.5 - - [25/Apr/2026:11:01:02 +0000] "GET /videos/video-single.mp4 HTTP/1.1" 200 2237 "-" "Mozilla/5.0 (Windows NT 10.0; Win64; x64) AppleWebKit/537.36 (KHTML, like Gecko) Chrome/140.0.0.0 Safari/537.36" "-"
yt-diff-test         | level=trace msg="Processing video information chunk" ts=2026-04-25T11:01:02.208Z playlistUrl="None" chunkStartIndex=3 isUpdate=false itemCount=1
yt-diff-test         | level=debug msg="Processed video item in memory" ts=2026-04-25T11:01:02.211Z videoUrl="http://mock-tube:80/videos/video-single.mp4" title="video-single" playlistUrl="None" index=3
yt-diff-test         | level=trace msg="Listing completed" ts=2026-04-25T11:01:02.224Z result="{\"url\":\"http://mock-tube:80/videos/video-single.mp4\",\"title\":\"video-single\",\"status\":\"completed\",\"processedChunks\":1}" listEntry="{\"url\":\"http://mock-tube:80/videos/video-single.mp4\",\"type\":\"undetermined\",\"monitoringType\":\"N/A\",\"spawnType\":\"list\",\"lastActivity\":1777114862202,\"lastStdoutActivity\":1777114862090,\"spawnTimeStamp\":1777114860796,\"status\":\"completed\",\"spawnedProcess\":null}"
yt-diff-test         | level=debug msg="ListingSemaphore released" ts=2026-04-25T11:01:02.224Z
yt-diff-test         | level=info msg="Listed video-single successfully" ts=2026-04-25T11:01:02.224Z
mock-tube            | ::1 - - [25/Apr/2026:11:01:03 +0000] "GET / HTTP/1.1" 200 3 "-" "curl/8.17.0" "-"
yt-diff-test         | level=trace msg="Request Received" ts=2026-04-25T11:01:03.463Z url="/ytdiff/ping" method="GET" encoding=""
mock-tube            | ::1 - - [25/Apr/2026:11:01:08 +0000] "GET / HTTP/1.1" 200 3 "-" "curl/8.17.0" "-"
yt-diff-test         | level=trace msg="Request Received" ts=2026-04-25T11:01:08.515Z url="/ytdiff/ping" method="GET" encoding=""
yt-diff-test         | level=trace msg="Fetching playlist videos" ts=2026-04-25T11:01:10.805Z startIndex=0 endIndex=8 searchQuery="" sortBy="positionInPlaylist" sortDirection="ASC" playlistUrl="None"
yt-diff-test-runner  | TC-6.2 — Add a new single video to 'None' ... [0m[32mok[0m [0m[38;5;245m(10s)[0m
yt-diff-test         | level=trace msg="Rate limit check for IP 172.22.0.6" ts=2026-04-25T11:01:10.827Z
yt-diff-test         | level=debug msg="Rate limiting disabled (maxRequestsPerWindow is 0)" ts=2026-04-25T11:01:10.827Z
yt-diff-test         | level=trace msg="Processing URL list" ts=2026-04-25T11:01:10.829Z urlCount=1 chunkSize=10 monitoringType="N/A"
yt-diff-test         | level=debug msg="Checking URL in database" ts=2026-04-25T11:01:10.829Z url="http://mock-tube:80/videos/video-single.mp4"
yt-diff-test         | level=debug msg="Video found in database" ts=2026-04-25T11:01:10.835Z url="http://mock-tube:80/videos/video-single.mp4"
yt-diff-test         | level=trace msg="Listing 0 items concurrently (chunk size: 10)" ts=2026-04-25T11:01:10.839Z
yt-diff-test         | level=trace msg="No items to list" ts=2026-04-25T11:01:10.839Z
yt-diff-test         | level=debug msg="Listing processes started" ts=2026-04-25T11:01:10.840Z itemCount=0
yt-diff-test         | level=trace msg="Fetching playlist videos" ts=2026-04-25T11:01:10.842Z startIndex=0 endIndex=8 searchQuery="" sortBy="positionInPlaylist" sortDirection="ASC" playlistUrl="None"
yt-diff-test-runner  | TC-6.3 — Re-add the same un-downloaded video to 'None' (idempotent) ... [0m[32mok[0m [0m[38;5;245m(23ms)[0m
yt-diff-test         | level=trace msg="Rate limit check for IP 172.22.0.6" ts=2026-04-25T11:01:10.851Z
yt-diff-test         | level=debug msg="Rate limiting disabled (maxRequestsPerWindow is 0)" ts=2026-04-25T11:01:10.851Z
yt-diff-test         | level=trace msg="Processing URL list" ts=2026-04-25T11:01:10.853Z urlCount=1 chunkSize=10 monitoringType="N/A"
yt-diff-test         | level=debug msg="Checking URL in database" ts=2026-04-25T11:01:10.853Z url="http://mock-tube:80/playlists/engineering-playlist.rss?list=1"
yt-diff-test         | level=debug msg="URL not found in database, adding to list" ts=2026-04-25T11:01:10.855Z url="http://mock-tube:80/playlists/engineering-playlist.rss?list=1"
yt-diff-test         | level=trace msg="Listing 1 items concurrently (chunk size: 10)" ts=2026-04-25T11:01:10.855Z
yt-diff-test         | level=trace msg="Starting listing with semaphore: {\"url\":\"http://mock-tube:80/playlists/engineering-playlist.rss?list=1\",\"type\":\"undetermined\",\"currentMonitoringType\":\"N/A\",\"reason\":\"URL not found in database\"}" ts=2026-04-25T11:01:10.855Z
yt-diff-test         | level=debug msg="ListingSemaphore acquired, current concurrent: 1" ts=2026-04-25T11:01:10.855Z
yt-diff-test         | level=debug msg="Listing processes started" ts=2026-04-25T11:01:10.855Z itemCount=1
yt-diff-test         | level=debug msg="isScheduledUpdate: false" ts=2026-04-25T11:01:10.856Z item="{\"url\":\"http://mock-tube:80/playlists/engineering-playlist.rss?list=1\",\"type\":\"undetermined\",\"currentMonitoringType\":\"N/A\",\"reason\":\"URL not found in database\"}" isScheduledUpdate=false
yt-diff-test         | level=debug msg="Playlist not found in database, adding to database" ts=2026-04-25T11:01:10.858Z url="http://mock-tube:80/playlists/engineering-playlist.rss?list=1"
yt-diff-test         | level=debug msg="Trying to get playlist title" ts=2026-04-25T11:01:10.859Z url="http://mock-tube:80/playlists/engineering-playlist.rss?list=1" fullCommand="yt-dlp --playlist-end 1 --dump-json --no-download http://mock-tube:80/playlists/engineering-playlist.rss?list=1"
mock-tube            | 172.22.0.5 - - [25/Apr/2026:11:01:11 +0000] "GET /playlists/engineering-playlist.rss?list=1 HTTP/1.1" 200 505 "-" "Mozilla/5.0 (Windows NT 10.0; Win64; x64) AppleWebKit/537.36 (KHTML, like Gecko) Chrome/139.0.0.0 Safari/537.36" "-"
yt-diff-test         | level=error msg="Error getting playlist title: WARNING: [generic] Falling back on generic information extractor\n" ts=2026-04-25T11:01:12.010Z
mock-tube            | 172.22.0.5 - - [25/Apr/2026:11:01:12 +0000] "GET /videos/video-engineering.mp4 HTTP/1.1" 200 2237 "-" "Mozilla/5.0 (Windows NT 10.0; Win64; x64) AppleWebKit/537.36 (KHTML, like Gecko) Chrome/139.0.0.0 Safari/537.36" "-"
yt-diff-test         | level=debug msg="Creating playlist with title: Engineering Stuff" ts=2026-04-25T11:01:12.175Z url="http://mock-tube:80/playlists/engineering-playlist.rss?list=1" pid=463 code=0 monitoringType="N/A" lastUpdatedByScheduler=1777114872175
yt-diff-test         | level=info msg="Starting streaming listing for playlist" ts=2026-04-25T11:01:12.188Z url="http://mock-tube:80/playlists/engineering-playlist.rss?list=1"
yt-diff-test         | level=trace msg="Starting streaming fetch for items" ts=2026-04-25T11:01:12.188Z url="http://mock-tube:80/playlists/engineering-playlist.rss?list=1" processKey="pending_http://mock-tube:80/playlists/engineering-playlist.rss?list=1_1777114870856" startIndex=1
yt-diff-test         | level=debug msg="Starting streaming listing for http://mock-tube:80/playlists/engineering-playlist.rss?list=1" ts=2026-04-25T11:01:12.188Z url="http://mock-tube:80/playlists/engineering-playlist.rss?list=1" fullCommand="yt-dlp --playlist-start 1 --dump-json --no-download http://mock-tube:80/playlists/engineering-playlist.rss?list=1"
mock-tube            | ::1 - - [25/Apr/2026:11:01:13 +0000] "GET / HTTP/1.1" 200 3 "-" "curl/8.17.0" "-"
mock-tube            | 172.22.0.5 - - [25/Apr/2026:11:01:13 +0000] "GET /playlists/engineering-playlist.rss?list=1 HTTP/1.1" 200 505 "-" "Mozilla/5.0 (Windows NT 10.0; Win64; x64) AppleWebKit/537.36 (KHTML, like Gecko) Chrome/138.0.0.0 Safari/537.36" "-"
yt-diff-test         | level=error msg="List process error" ts=2026-04-25T11:01:13.312Z error="WARNING: [generic] Falling back on generic information extractor\n" pid=468
mock-tube            | 172.22.0.5 - - [25/Apr/2026:11:01:13 +0000] "GET /videos/video-engineering.mp4 HTTP/1.1" 200 2237 "-" "Mozilla/5.0 (Windows NT 10.0; Win64; x64) AppleWebKit/537.36 (KHTML, like Gecko) Chrome/138.0.0.0 Safari/537.36" "-"
yt-diff-test         | level=trace msg="Processing video information chunk" ts=2026-04-25T11:01:13.474Z playlistUrl="http://mock-tube:80/playlists/engineering-playlist.rss?list=1" chunkStartIndex=1 isUpdate=false itemCount=1
yt-diff-test         | level=debug msg="Processed video item in memory" ts=2026-04-25T11:01:13.476Z videoUrl="http://mock-tube:80/videos/video-engineering.mp4" title="video-engineering.mp4 - Engineering Stuff" playlistUrl="http://mock-tube:80/playlists/engineering-playlist.rss?list=1" index=1
yt-diff-test         | level=info msg="Playlist listing completed" ts=2026-04-25T11:01:13.483Z url="http://mock-tube:80/playlists/engineering-playlist.rss?list=1" processedChunks=1 playlistTitle="Engineering Stuff" seekPlaylistListTo=0
yt-diff-test         | level=trace msg="Listing completed" ts=2026-04-25T11:01:13.483Z result="{\"url\":\"http://mock-tube:80/playlists/engineering-playlist.rss?list=1\",\"type\":\"Playlist\",\"status\":\"completed\",\"processedChunks\":1,\"playlistTitle\":\"Engineering Stuff\",\"seekPlaylistListTo\":0}" listEntry="{\"url\":\"http://mock-tube:80/playlists/engineering-playlist.rss?list=1\",\"type\":\"undetermined\",\"monitoringType\":\"N/A\",\"spawnType\":\"list\",\"lastActivity\":1777114873482,\"lastStdoutActivity\":1777114873482,\"spawnTimeStamp\":1777114872189,\"status\":\"completed\",\"spawnedProcess\":null}"
yt-diff-test         | level=debug msg="ListingSemaphore released" ts=2026-04-25T11:01:13.483Z
yt-diff-test         | level=info msg="Listed Engineering Stuff successfully" ts=2026-04-25T11:01:13.483Z
yt-diff-test         | level=trace msg="Request Received" ts=2026-04-25T11:01:13.603Z url="/ytdiff/ping" method="GET" encoding=""
mock-tube            | ::1 - - [25/Apr/2026:11:01:18 +0000] "GET / HTTP/1.1" 200 3 "-" "curl/8.17.0" "-"
yt-diff-test         | level=trace msg="Request Received" ts=2026-04-25T11:01:18.693Z url="/ytdiff/ping" method="GET" encoding=""
yt-db-test           | 2026-04-25 11:01:22.891 UTC [51] LOG:  checkpoint complete: wrote 223 buffers (1.4%); 0 WAL file(s) added, 0 removed, 0 recycled; write=22.054 s, sync=0.001 s, total=22.055 s; sync files=113, longest=0.001 s, average=0.001 s; distance=1048 kB, estimate=1048 kB; lsn=0/1A35270, redo lsn=0/1A21CA8
mock-tube            | ::1 - - [25/Apr/2026:11:01:23 +0000] "GET / HTTP/1.1" 200 3 "-" "curl/8.17.0" "-"
yt-diff-test         | level=trace msg="Request Received" ts=2026-04-25T11:01:23.878Z url="/ytdiff/ping" method="GET" encoding=""
yt-diff-test         | level=trace msg="Fetching playlist videos" ts=2026-04-25T11:01:25.859Z startIndex=0 endIndex=8 searchQuery="" sortBy="positionInPlaylist" sortDirection="ASC" playlistUrl="http://mock-tube:80/playlists/engineering-playlist.rss?list=1"
yt-diff-test-runner  | TC-7.1 — Add 'Engineering Stuff' playlist and verify it has 1 video ... [0m[32mok[0m [0m[38;5;245m(15s)[0m
yt-diff-test         | level=debug msg="Received playlist delete request" ts=2026-04-25T11:01:25.885Z requestBody="{\"playListUrl\":\"http://mock-tube:80/playlists/engineering-playlist.rss?list=1\",\"deleteAllVideosInPlaylist\":true,\"deletePlaylist\":false,\"cleanUp\":false}"
yt-diff-test         | level=trace msg="Fetching playlist videos" ts=2026-04-25T11:01:25.892Z startIndex=0 endIndex=8 searchQuery="" sortBy="positionInPlaylist" sortDirection="ASC" playlistUrl="http://mock-tube:80/playlists/engineering-playlist.rss?list=1"
yt-diff-test-runner  | TC-7.2 — Unlink all videos from the playlist ... [0m[32mok[0m [0m[38;5;245m(14ms)[0m
yt-diff-test         | level=info msg="Starting batch re-index of playlists" ts=2026-04-25T11:01:25.900Z count=1 start=0 stop=10 siteFilter="none" chunkSize=8
yt-diff-test         | level=trace msg="Listing 1 items concurrently (chunk size: 8)" ts=2026-04-25T11:01:25.900Z
yt-diff-test         | level=trace msg="Starting listing with semaphore: {\"url\":\"http://mock-tube:80/playlists/engineering-playlist.rss?list=1\",\"type\":\"playlist\",\"currentMonitoringType\":\"Full\",\"isScheduledUpdate\":true,\"reason\":\"Batch re-index\"}" ts=2026-04-25T11:01:25.900Z
yt-diff-test         | level=debug msg="ListingSemaphore acquired, current concurrent: 1" ts=2026-04-25T11:01:25.900Z
yt-diff-test         | level=debug msg="isScheduledUpdate: true" ts=2026-04-25T11:01:25.901Z item="{\"url\":\"http://mock-tube:80/playlists/engineering-playlist.rss?list=1\",\"type\":\"playlist\",\"currentMonitoringType\":\"Full\",\"isScheduledUpdate\":true,\"reason\":\"Batch re-index\"}" isScheduledUpdate=true
yt-diff-test-runner  | TC-7.3 — Trigger re-index for all playlists in range ... [0m[32mok[0m [0m[38;5;245m(4ms)[0m
yt-diff-test         | level=debug msg="Playlist already exists in database" ts=2026-04-25T11:01:25.902Z url="http://mock-tube:80/playlists/engineering-playlist.rss?list=1"
yt-diff-test         | level=debug msg="Playlist monitoring has changed" ts=2026-04-25T11:01:25.903Z url="http://mock-tube:80/playlists/engineering-playlist.rss?list=1"
yt-diff-test         | level=debug msg="Playlist monitoring type updated" ts=2026-04-25T11:01:25.905Z url="http://mock-tube:80/playlists/engineering-playlist.rss?list=1"
yt-diff-test         | level=info msg="Starting streaming listing for playlist" ts=2026-04-25T11:01:25.905Z url="http://mock-tube:80/playlists/engineering-playlist.rss?list=1"
yt-diff-test         | level=info msg="Cleared 0 existing mapping(s) before Full re-index" ts=2026-04-25T11:01:25.907Z url="http://mock-tube:80/playlists/engineering-playlist.rss?list=1"
yt-diff-test         | level=trace msg="Starting streaming fetch for items" ts=2026-04-25T11:01:25.907Z url="http://mock-tube:80/playlists/engineering-playlist.rss?list=1" processKey="pending_http://mock-tube:80/playlists/engineering-playlist.rss?list=1_1777114885901" startIndex=1
yt-diff-test         | level=debug msg="Starting streaming listing for http://mock-tube:80/playlists/engineering-playlist.rss?list=1" ts=2026-04-25T11:01:25.907Z url="http://mock-tube:80/playlists/engineering-playlist.rss?list=1" fullCommand="yt-dlp --playlist-start 1 --dump-json --no-download http://mock-tube:80/playlists/engineering-playlist.rss?list=1"
mock-tube            | 172.22.0.5 - - [25/Apr/2026:11:01:27 +0000] "GET /playlists/engineering-playlist.rss?list=1 HTTP/1.1" 200 505 "-" "Mozilla/5.0 (Windows NT 10.0; Win64; x64) AppleWebKit/537.36 (KHTML, like Gecko) Chrome/138.0.0.0 Safari/537.36" "-"
yt-diff-test         | level=error msg="List process error" ts=2026-04-25T11:01:27.032Z error="WARNING: [generic] Falling back on generic information extractor\n" pid=493
mock-tube            | 172.22.0.5 - - [25/Apr/2026:11:01:27 +0000] "GET /videos/video-engineering.mp4 HTTP/1.1" 200 2237 "-" "Mozilla/5.0 (Windows NT 10.0; Win64; x64) AppleWebKit/537.36 (KHTML, like Gecko) Chrome/138.0.0.0 Safari/537.36" "-"
yt-diff-test         | level=trace msg="Processing video information chunk" ts=2026-04-25T11:01:27.237Z playlistUrl="http://mock-tube:80/playlists/engineering-playlist.rss?list=1" chunkStartIndex=1 isUpdate=true itemCount=1
yt-diff-test         | level=debug msg="Processed video item in memory" ts=2026-04-25T11:01:27.241Z videoUrl="http://mock-tube:80/videos/video-engineering.mp4" title="video-engineering.mp4 - Engineering Stuff" playlistUrl="http://mock-tube:80/playlists/engineering-playlist.rss?list=1" index=1
yt-diff-test         | level=info msg="Playlist listing completed" ts=2026-04-25T11:01:27.246Z url="http://mock-tube:80/playlists/engineering-playlist.rss?list=1" processedChunks=1 playlistTitle="Engineering Stuff" seekPlaylistListTo=0
yt-diff-test         | level=trace msg="Listing completed" ts=2026-04-25T11:01:27.246Z result="{\"url\":\"http://mock-tube:80/playlists/engineering-playlist.rss?list=1\",\"type\":\"Playlist\",\"status\":\"completed\",\"processedChunks\":1,\"playlistTitle\":\"Engineering Stuff\",\"seekPlaylistListTo\":0}" listEntry="{\"url\":\"http://mock-tube:80/playlists/engineering-playlist.rss?list=1\",\"type\":\"playlist\",\"monitoringType\":\"Full\",\"spawnType\":\"list\",\"lastActivity\":1777114887246,\"lastStdoutActivity\":1777114887246,\"spawnTimeStamp\":1777114885908,\"status\":\"completed\",\"spawnedProcess\":null}"
yt-diff-test         | level=debug msg="ListingSemaphore released" ts=2026-04-25T11:01:27.246Z
yt-diff-test         | level=info msg="Listed Engineering Stuff successfully" ts=2026-04-25T11:01:27.246Z
yt-diff-test         | level=info msg="Batch re-index completed" ts=2026-04-25T11:01:27.246Z total=1 completedCount=1
mock-tube            | ::1 - - [25/Apr/2026:11:01:28 +0000] "GET / HTTP/1.1" 200 3 "-" "curl/8.17.0" "-"
yt-diff-test         | level=trace msg="Request Received" ts=2026-04-25T11:01:28.967Z url="/ytdiff/ping" method="GET" encoding=""
mock-tube            | ::1 - - [25/Apr/2026:11:01:33 +0000] "GET / HTTP/1.1" 200 3 "-" "curl/8.17.0" "-"
yt-diff-test         | level=trace msg="Request Received" ts=2026-04-25T11:01:34.040Z url="/ytdiff/ping" method="GET" encoding=""
mock-tube            | ::1 - - [25/Apr/2026:11:01:38 +0000] "GET / HTTP/1.1" 200 3 "-" "curl/8.17.0" "-"
yt-diff-test         | level=trace msg="Request Received" ts=2026-04-25T11:01:39.117Z url="/ytdiff/ping" method="GET" encoding=""
mock-tube            | ::1 - - [25/Apr/2026:11:01:43 +0000] "GET / HTTP/1.1" 200 3 "-" "curl/8.17.0" "-"
yt-diff-test         | level=trace msg="Request Received" ts=2026-04-25T11:01:44.226Z url="/ytdiff/ping" method="GET" encoding=""
yt-diff-test         | level=trace msg="Fetching playlist videos" ts=2026-04-25T11:01:45.909Z startIndex=0 endIndex=8 searchQuery="" sortBy="positionInPlaylist" sortDirection="ASC" playlistUrl="http://mock-tube:80/playlists/engineering-playlist.rss?list=1"
yt-diff-test-runner  | TC-7.4 — Sublist repopulated after re-index completes ... [0m[32mok[0m [0m[38;5;245m(20s)[0m
yt-diff-test-runner  | TC-8.1 — Batch-resolve signed URLs for multiple files ... [0m[32mok[0m [0m[38;5;245m(26ms)[0m
yt-diff-test         | level=debug msg="Resolved Path /app/downloads/Screen recordings/video-big-15.mp4" ts=2026-04-25T11:01:46.049Z joined="/app/downloads/Screen recordings/video-big-15.mp4" resolved="/app/downloads/Screen recordings/video-big-15.mp4" saveRoot="/app/downloads"
yt-diff-test-runner  | TC-8.2 — Resolve a single signed URL ... [0m[32mok[0m [0m[38;5;245m(22ms)[0m
yt-diff-test-runner  | TC-8.3 — Stream file content using signed URL token ... [0m[32mok[0m [0m[38;5;245m(3ms)[0m
yt-diff-test-runner  | TC-8.4 — Refresh a signed URL token before expiry ... [0m[32mok[0m [0m[38;5;245m(8ms)[0m
yt-diff-test         | level=trace msg="Rate limit check for IP 172.22.0.6" ts=2026-04-25T11:01:46.067Z
yt-diff-test         | level=debug msg="Rate limiting disabled (maxRequestsPerWindow is 0)" ts=2026-04-25T11:01:46.067Z
yt-diff-test         | level=trace msg="Processing URL list" ts=2026-04-25T11:01:46.068Z urlCount=1 chunkSize=10 monitoringType="N/A"
yt-diff-test         | level=debug msg="Checking URL in database" ts=2026-04-25T11:01:46.068Z url="http://mock-tube:80/playlists/dup-test-1.rss?list=1"
yt-diff-test         | level=debug msg="URL not found in database, adding to list" ts=2026-04-25T11:01:46.071Z url="http://mock-tube:80/playlists/dup-test-1.rss?list=1"
yt-diff-test         | level=trace msg="Listing 1 items concurrently (chunk size: 10)" ts=2026-04-25T11:01:46.071Z
yt-diff-test         | level=trace msg="Starting listing with semaphore: {\"url\":\"http://mock-tube:80/playlists/dup-test-1.rss?list=1\",\"type\":\"undetermined\",\"currentMonitoringType\":\"N/A\",\"reason\":\"URL not found in database\"}" ts=2026-04-25T11:01:46.071Z
yt-diff-test         | level=debug msg="ListingSemaphore acquired, current concurrent: 1" ts=2026-04-25T11:01:46.071Z
yt-diff-test         | level=debug msg="Listing processes started" ts=2026-04-25T11:01:46.071Z itemCount=1
yt-diff-test         | level=debug msg="isScheduledUpdate: false" ts=2026-04-25T11:01:46.071Z item="{\"url\":\"http://mock-tube:80/playlists/dup-test-1.rss?list=1\",\"type\":\"undetermined\",\"currentMonitoringType\":\"N/A\",\"reason\":\"URL not found in database\"}" isScheduledUpdate=false
yt-diff-test         | level=debug msg="Playlist not found in database, adding to database" ts=2026-04-25T11:01:46.073Z url="http://mock-tube:80/playlists/dup-test-1.rss?list=1"
yt-diff-test         | level=debug msg="Trying to get playlist title" ts=2026-04-25T11:01:46.073Z url="http://mock-tube:80/playlists/dup-test-1.rss?list=1" fullCommand="yt-dlp --playlist-end 1 --dump-json --no-download http://mock-tube:80/playlists/dup-test-1.rss?list=1"
mock-tube            | 172.22.0.5 - - [25/Apr/2026:11:01:47 +0000] "GET /playlists/dup-test-1.rss?list=1 HTTP/1.1" 200 661 "-" "Mozilla/5.0 (Windows NT 10.0; Win64; x64) AppleWebKit/537.36 (KHTML, like Gecko) Chrome/137.0.0.0 Safari/537.36" "-"
yt-diff-test         | level=error msg="Error getting playlist title: WARNING: [generic] Falling back on generic information extractor\n" ts=2026-04-25T11:01:47.323Z
mock-tube            | 172.22.0.5 - - [25/Apr/2026:11:01:47 +0000] "GET /videos/video-dup.mp4 HTTP/1.1" 200 2237 "-" "Mozilla/5.0 (Windows NT 10.0; Win64; x64) AppleWebKit/537.36 (KHTML, like Gecko) Chrome/137.0.0.0 Safari/537.36" "-"
yt-diff-test         | level=debug msg="Creating playlist with title: Dup Test" ts=2026-04-25T11:01:47.495Z url="http://mock-tube:80/playlists/dup-test-1.rss?list=1" pid=524 code=0 monitoringType="N/A" lastUpdatedByScheduler=1777114907495
yt-diff-test         | level=info msg="Starting streaming listing for playlist" ts=2026-04-25T11:01:47.505Z url="http://mock-tube:80/playlists/dup-test-1.rss?list=1"
yt-diff-test         | level=trace msg="Starting streaming fetch for items" ts=2026-04-25T11:01:47.505Z url="http://mock-tube:80/playlists/dup-test-1.rss?list=1" processKey="pending_http://mock-tube:80/playlists/dup-test-1.rss?list=1_1777114906071" startIndex=1
yt-diff-test         | level=debug msg="Starting streaming listing for http://mock-tube:80/playlists/dup-test-1.rss?list=1" ts=2026-04-25T11:01:47.506Z url="http://mock-tube:80/playlists/dup-test-1.rss?list=1" fullCommand="yt-dlp --playlist-start 1 --dump-json --no-download http://mock-tube:80/playlists/dup-test-1.rss?list=1"
mock-tube            | ::1 - - [25/Apr/2026:11:01:48 +0000] "GET / HTTP/1.1" 200 3 "-" "curl/8.17.0" "-"
mock-tube            | 172.22.0.5 - - [25/Apr/2026:11:01:48 +0000] "GET /playlists/dup-test-1.rss?list=1 HTTP/1.1" 200 661 "-" "Mozilla/5.0 (Windows NT 10.0; Win64; x64) AppleWebKit/537.36 (KHTML, like Gecko) Chrome/141.0.0.0 Safari/537.36" "-"
yt-diff-test         | level=error msg="List process error" ts=2026-04-25T11:01:48.939Z error="WARNING: [generic] Falling back on generic information extractor\n" pid=529
mock-tube            | 172.22.0.5 - - [25/Apr/2026:11:01:48 +0000] "GET /videos/video-dup.mp4 HTTP/1.1" 200 2237 "-" "Mozilla/5.0 (Windows NT 10.0; Win64; x64) AppleWebKit/537.36 (KHTML, like Gecko) Chrome/141.0.0.0 Safari/537.36" "-"
mock-tube            | 172.22.0.5 - - [25/Apr/2026:11:01:49 +0000] "GET /videos/video-dup.mp4 HTTP/1.1" 200 2237 "-" "Mozilla/5.0 (Windows NT 10.0; Win64; x64) AppleWebKit/537.36 (KHTML, like Gecko) Chrome/141.0.0.0 Safari/537.36" "-"
yt-diff-test         | level=trace msg="Processing video information chunk" ts=2026-04-25T11:01:49.150Z playlistUrl="http://mock-tube:80/playlists/dup-test-1.rss?list=1" chunkStartIndex=1 isUpdate=false itemCount=2
yt-diff-test         | level=debug msg="Processed video item in memory" ts=2026-04-25T11:01:49.154Z videoUrl="http://mock-tube:80/videos/video-dup.mp4" title="video-dup.mp4 - Dup Test" playlistUrl="http://mock-tube:80/playlists/dup-test-1.rss?list=1" index=1
yt-diff-test         | level=debug msg="Processed video item in memory" ts=2026-04-25T11:01:49.154Z videoUrl="http://mock-tube:80/videos/video-dup.mp4" title="video-dup.mp4 - Dup Test" playlistUrl="http://mock-tube:80/playlists/dup-test-1.rss?list=1" index=2
yt-diff-test         | level=info msg="Playlist listing completed" ts=2026-04-25T11:01:49.161Z url="http://mock-tube:80/playlists/dup-test-1.rss?list=1" processedChunks=1 playlistTitle="Dup Test" seekPlaylistListTo=1
yt-diff-test         | level=trace msg="Listing completed" ts=2026-04-25T11:01:49.161Z result="{\"url\":\"http://mock-tube:80/playlists/dup-test-1.rss?list=1\",\"type\":\"Playlist\",\"status\":\"completed\",\"processedChunks\":1,\"playlistTitle\":\"Dup Test\",\"seekPlaylistListTo\":1}" listEntry="{\"url\":\"http://mock-tube:80/playlists/dup-test-1.rss?list=1\",\"type\":\"undetermined\",\"monitoringType\":\"N/A\",\"spawnType\":\"list\",\"lastActivity\":1777114909161,\"lastStdoutActivity\":1777114909161,\"spawnTimeStamp\":1777114907507,\"status\":\"completed\",\"spawnedProcess\":null}"
yt-diff-test         | level=debug msg="ListingSemaphore released" ts=2026-04-25T11:01:49.162Z
yt-diff-test         | level=info msg="Listed Dup Test successfully" ts=2026-04-25T11:01:49.162Z
yt-diff-test         | level=trace msg="Request Received" ts=2026-04-25T11:01:49.318Z url="/ytdiff/ping" method="GET" encoding=""
mock-tube            | ::1 - - [25/Apr/2026:11:01:53 +0000] "GET / HTTP/1.1" 200 3 "-" "curl/8.17.0" "-"
yt-diff-test         | level=trace msg="Request Received" ts=2026-04-25T11:01:54.389Z url="/ytdiff/ping" method="GET" encoding=""
mock-tube            | ::1 - - [25/Apr/2026:11:01:58 +0000] "GET / HTTP/1.1" 200 3 "-" "curl/8.17.0" "-"
yt-diff-test         | level=trace msg="Request Received" ts=2026-04-25T11:01:59.467Z url="/ytdiff/ping" method="GET" encoding=""
yt-diff-test         | level=debug msg="Starting scheduled process cleanup" ts=2026-04-25T11:02:00.016Z
yt-diff-test         | level=info msg="Cleaning up processes older than 300 seconds in download processes" ts=2026-04-25T11:02:00.016Z
yt-diff-test         | level=trace msg="Current process states:" ts=2026-04-25T11:02:00.017Z states="{}"
yt-diff-test         | level=info msg="Cleaned up 0 processes" ts=2026-04-25T11:02:00.017Z
yt-diff-test         | level=trace msg="Updated process states:" ts=2026-04-25T11:02:00.017Z states="{}"
yt-diff-test         | level=info msg="Cleaning up processes older than 300 seconds in list processes" ts=2026-04-25T11:02:00.017Z
yt-diff-test         | level=trace msg="Current process states:" ts=2026-04-25T11:02:00.017Z states="{}"
yt-diff-test         | level=info msg="Cleaned up 0 processes" ts=2026-04-25T11:02:00.018Z
yt-diff-test         | level=trace msg="Updated process states:" ts=2026-04-25T11:02:00.018Z states="{}"
yt-diff-test         | level=info msg="Completed scheduled process cleanup" ts=2026-04-25T11:02:00.028Z cleanedDownloads=0 cleanedLists=0 nextRun="Sat, Apr 25, 04:33 PM"
yt-diff-test         | level=debug msg="Starting scheduled update" ts=2026-04-25T11:02:00.043Z time="4/25/2026, 4:32:00 PM" timeZone="Asia/Kolkata" nextRun="Sat, Apr 25, 04:33 PM"
yt-diff-test         | level=debug msg="Starting scheduled DB prune process" ts=2026-04-25T11:02:00.048Z
yt-diff-test         | level=info msg="No playlists with Start/End/Full monitoring found; skipping update" ts=2026-04-25T11:02:00.075Z
yt-diff-test         | level=info msg="No unreferenced videos found to prune" ts=2026-04-25T11:02:00.077Z
yt-diff-test-runner  | Setup Suite 10: Restore Dup Test with duplicates ... [0m[32mok[0m [0m[38;5;245m(15s)[0m
yt-diff-test         | level=trace msg="Fetching playlist videos" ts=2026-04-25T11:02:01.081Z startIndex=0 endIndex=8 searchQuery="" sortBy="positionInPlaylist" sortDirection="ASC" playlistUrl="http://mock-tube:80/playlists/dup-test-1.rss?list=1"
yt-diff-test-runner  | TC-10.1 — /getsub returns a mapping id for each row ... [0m[32mok[0m [0m[38;5;245m(54ms)[0m
yt-diff-test         | level=debug msg="Received video delete request" ts=2026-04-25T11:02:01.136Z requestBody="{\"playListUrl\":\"http://mock-tube:80/playlists/dup-test-1.rss?list=1\",\"mappingIds\":[\"eafabe44-20d5-4a35-9ed0-ade5a87301f8\"],\"cleanUp\":false,\"deleteVideoMappings\":true,\"deleteVideosInDB\":false}"
yt-diff-test-runner  | TC-10.2 — Delete only the first duplicate by mapping ID ... [0m[32mok[0m [0m[38;5;245m(34ms)[0m
yt-diff-test         | level=trace msg="Fetching playlist videos" ts=2026-04-25T11:02:01.176Z startIndex=0 endIndex=8 searchQuery="" sortBy="positionInPlaylist" sortDirection="ASC" playlistUrl="http://mock-tube:80/playlists/dup-test-1.rss?list=1"
yt-diff-test-runner  | TC-10.3 — Only one mapping remains (position 2 is intact) ... [0m[32mok[0m [0m[38;5;245m(24ms)[0m
yt-diff-test         | level=debug msg="Received playlist delete request" ts=2026-04-25T11:02:01.194Z requestBody="{\"playListUrl\":\"http://mock-tube:80/playlists/engineering-playlist.rss?list=1\",\"deleteAllVideosInPlaylist\":true,\"deletePlaylist\":true,\"cleanUp\":true}"
yt-diff-test         | level=debug msg="Updated sortOrder for playlists after deleted playlist" ts=2026-04-25T11:02:01.201Z deletedSortOrder=0
yt-diff-test         | level=debug msg="Cleaning up playlist directory" ts=2026-04-25T11:02:01.201Z saveDirectory="Engineering Stuff" absolutePath="/app/downloads/Engineering Stuff"
yt-diff-test         | level=debug msg="Playlist directory cleaned up" ts=2026-04-25T11:02:01.202Z saveDirectory="Engineering Stuff"
yt-diff-test         | level=debug msg="Received playlist delete request" ts=2026-04-25T11:02:01.210Z requestBody="{\"playListUrl\":\"http://mock-tube:80/playlists/dup-test-1.rss?list=1\",\"deleteAllVideosInPlaylist\":true,\"deletePlaylist\":true,\"cleanUp\":true}"
yt-diff-test         | level=debug msg="Updated sortOrder for playlists after deleted playlist" ts=2026-04-25T11:02:01.215Z deletedSortOrder=0
yt-diff-test         | level=debug msg="Cleaning up playlist directory" ts=2026-04-25T11:02:01.215Z saveDirectory="Dup Test" absolutePath="/app/downloads/Dup Test"
yt-diff-test         | level=debug msg="Playlist directory cleaned up" ts=2026-04-25T11:02:01.215Z saveDirectory="Dup Test"
yt-diff-test         | level=trace msg="Fetching playlists for display" ts=2026-04-25T11:02:01.220Z startIndex=0 pageSize=10 sortBy="sortOrder" sortDirection="ASC" searchQuery=""
yt-diff-test-runner  | TC-11.1 — Baseline: Delete Engineering Stuff and clear all ... [0m[32mok[0m [0m[38;5;245m(35ms)[0m
yt-diff-test         | level=trace msg="Rate limit check for IP 172.22.0.6" ts=2026-04-25T11:02:01.227Z
yt-diff-test         | level=debug msg="Rate limiting disabled (maxRequestsPerWindow is 0)" ts=2026-04-25T11:02:01.227Z
yt-diff-test         | level=trace msg="Processing URL list" ts=2026-04-25T11:02:01.228Z urlCount=1 chunkSize=10 monitoringType="N/A"
yt-diff-test         | level=debug msg="Checking URL in database" ts=2026-04-25T11:02:01.228Z url="http://mock-tube:80/playlists/failed-playlist.rss?list=1"
yt-diff-test         | level=debug msg="URL not found in database, adding to list" ts=2026-04-25T11:02:01.230Z url="http://mock-tube:80/playlists/failed-playlist.rss?list=1"
yt-diff-test         | level=trace msg="Listing 1 items concurrently (chunk size: 10)" ts=2026-04-25T11:02:01.230Z
yt-diff-test         | level=trace msg="Starting listing with semaphore: {\"url\":\"http://mock-tube:80/playlists/failed-playlist.rss?list=1\",\"type\":\"undetermined\",\"currentMonitoringType\":\"N/A\",\"reason\":\"URL not found in database\"}" ts=2026-04-25T11:02:01.230Z
yt-diff-test         | level=debug msg="ListingSemaphore acquired, current concurrent: 1" ts=2026-04-25T11:02:01.231Z
yt-diff-test         | level=debug msg="Listing processes started" ts=2026-04-25T11:02:01.231Z itemCount=1
yt-diff-test         | level=debug msg="isScheduledUpdate: false" ts=2026-04-25T11:02:01.231Z item="{\"url\":\"http://mock-tube:80/playlists/failed-playlist.rss?list=1\",\"type\":\"undetermined\",\"currentMonitoringType\":\"N/A\",\"reason\":\"URL not found in database\"}" isScheduledUpdate=false
yt-diff-test         | level=debug msg="Playlist not found in database, adding to database" ts=2026-04-25T11:02:01.232Z url="http://mock-tube:80/playlists/failed-playlist.rss?list=1"
yt-diff-test         | level=debug msg="Trying to get playlist title" ts=2026-04-25T11:02:01.233Z url="http://mock-tube:80/playlists/failed-playlist.rss?list=1" fullCommand="yt-dlp --playlist-end 1 --dump-json --no-download http://mock-tube:80/playlists/failed-playlist.rss?list=1"
mock-tube            | 172.22.0.5 - - [25/Apr/2026:11:02:02 +0000] "GET /playlists/failed-playlist.rss?list=1 HTTP/1.1" 200 246 "-" "Mozilla/5.0 (Windows NT 10.0; Win64; x64) AppleWebKit/537.36 (KHTML, like Gecko) Chrome/137.0.0.0 Safari/537.36" "-"
yt-diff-test         | level=error msg="Error getting playlist title: WARNING: [generic] Falling back on generic information extractor\n" ts=2026-04-25T11:02:02.449Z
yt-diff-test         | level=error msg="Failed to parse playlist title JSON" ts=2026-04-25T11:02:02.602Z playlistTitle="" error="Unexpected end of JSON input" error_stack="SyntaxError: Unexpected end of JSON input\n    at JSON.parse (<anonymous>)\n    at file:///app/src/handlers/pipeline/listing.ts:1375:35"
yt-diff-test         | level=debug msg="Creating playlist with title: playlists_failed-playlist.rss" ts=2026-04-25T11:02:02.603Z url="http://mock-tube:80/playlists/failed-playlist.rss?list=1" pid=556 code=0 monitoringType="N/A" lastUpdatedByScheduler=1777114922603
yt-diff-test         | level=info msg="Starting streaming listing for playlist" ts=2026-04-25T11:02:02.625Z url="http://mock-tube:80/playlists/failed-playlist.rss?list=1"
yt-diff-test         | level=trace msg="Starting streaming fetch for items" ts=2026-04-25T11:02:02.625Z url="http://mock-tube:80/playlists/failed-playlist.rss?list=1" processKey="pending_http://mock-tube:80/playlists/failed-playlist.rss?list=1_1777114921231" startIndex=1
yt-diff-test         | level=debug msg="Starting streaming listing for http://mock-tube:80/playlists/failed-playlist.rss?list=1" ts=2026-04-25T11:02:02.626Z url="http://mock-tube:80/playlists/failed-playlist.rss?list=1" fullCommand="yt-dlp --playlist-start 1 --dump-json --no-download http://mock-tube:80/playlists/failed-playlist.rss?list=1"
mock-tube            | ::1 - - [25/Apr/2026:11:02:03 +0000] "GET / HTTP/1.1" 200 3 "-" "curl/8.17.0" "-"
mock-tube            | 172.22.0.5 - - [25/Apr/2026:11:02:04 +0000] "GET /playlists/failed-playlist.rss?list=1 HTTP/1.1" 200 246 "-" "Mozilla/5.0 (Windows NT 10.0; Win64; x64) AppleWebKit/537.36 (KHTML, like Gecko) Chrome/139.0.0.0 Safari/537.36" "-"
yt-diff-test         | level=error msg="List process error" ts=2026-04-25T11:02:04.179Z error="WARNING: [generic] Falling back on generic information extractor\n" pid=560
yt-diff-test         | level=trace msg="Listing completed" ts=2026-04-25T11:02:04.304Z result="{\"url\":\"http://mock-tube:80/playlists/failed-playlist.rss?list=1\",\"title\":\"Video\",\"status\":\"failed\",\"error\":\"No items found\"}" listEntry="{\"url\":\"http://mock-tube:80/playlists/failed-playlist.rss?list=1\",\"type\":\"undetermined\",\"monitoringType\":\"N/A\",\"spawnType\":\"list\",\"lastActivity\":1777114924304,\"lastStdoutActivity\":1777114922629,\"spawnTimeStamp\":1777114922629,\"status\":\"completed\",\"spawnedProcess\":null}"
yt-diff-test         | level=debug msg="ListingSemaphore released" ts=2026-04-25T11:02:04.305Z
yt-diff-test         | level=error msg="Failed to list Video: {\"url\":\"http://mock-tube:80/playlists/failed-playlist.rss?list=1\",\"title\":\"Video\",\"status\":\"failed\",\"error\":\"No items found\"}" ts=2026-04-25T11:02:04.306Z
yt-diff-test         | level=trace msg="Request Received" ts=2026-04-25T11:02:04.548Z url="/ytdiff/ping" method="GET" encoding=""
mock-tube            | ::1 - - [25/Apr/2026:11:02:09 +0000] "GET / HTTP/1.1" 200 3 "-" "curl/8.17.0" "-"
yt-diff-test         | level=trace msg="Request Received" ts=2026-04-25T11:02:09.610Z url="/ytdiff/ping" method="GET" encoding=""
yt-diff-test         | level=trace msg="Fetching playlists for display" ts=2026-04-25T11:02:11.235Z startIndex=0 pageSize=10 sortBy="sortOrder" sortDirection="ASC" searchQuery=""
yt-diff-test-runner  | TC-11.2 — Trigger a failed playlist bootstrap ... [0m[32mok[0m [0m[38;5;245m(10s)[0m
yt-diff-test         | level=trace msg="Rate limit check for IP 172.22.0.6" ts=2026-04-25T11:02:11.240Z
yt-diff-test         | level=debug msg="Rate limiting disabled (maxRequestsPerWindow is 0)" ts=2026-04-25T11:02:11.240Z
yt-diff-test         | level=trace msg="Processing URL list" ts=2026-04-25T11:02:11.242Z urlCount=1 chunkSize=10 monitoringType="N/A"
yt-diff-test         | level=debug msg="Checking URL in database" ts=2026-04-25T11:02:11.242Z url="http://mock-tube:80/playlists/engineering-playlist.rss?list=1"
yt-diff-test         | level=debug msg="URL not found in database, adding to list" ts=2026-04-25T11:02:11.245Z url="http://mock-tube:80/playlists/engineering-playlist.rss?list=1"
yt-diff-test         | level=trace msg="Listing 1 items concurrently (chunk size: 10)" ts=2026-04-25T11:02:11.246Z
yt-diff-test         | level=trace msg="Starting listing with semaphore: {\"url\":\"http://mock-tube:80/playlists/engineering-playlist.rss?list=1\",\"type\":\"undetermined\",\"currentMonitoringType\":\"N/A\",\"reason\":\"URL not found in database\"}" ts=2026-04-25T11:02:11.246Z
yt-diff-test         | level=debug msg="ListingSemaphore acquired, current concurrent: 1" ts=2026-04-25T11:02:11.246Z
yt-diff-test         | level=debug msg="Listing processes started" ts=2026-04-25T11:02:11.246Z itemCount=1
yt-diff-test         | level=debug msg="isScheduledUpdate: false" ts=2026-04-25T11:02:11.246Z item="{\"url\":\"http://mock-tube:80/playlists/engineering-playlist.rss?list=1\",\"type\":\"undetermined\",\"currentMonitoringType\":\"N/A\",\"reason\":\"URL not found in database\"}" isScheduledUpdate=false
yt-diff-test         | level=debug msg="Playlist not found in database, adding to database" ts=2026-04-25T11:02:11.247Z url="http://mock-tube:80/playlists/engineering-playlist.rss?list=1"
yt-diff-test         | level=debug msg="Trying to get playlist title" ts=2026-04-25T11:02:11.248Z url="http://mock-tube:80/playlists/engineering-playlist.rss?list=1" fullCommand="yt-dlp --playlist-end 1 --dump-json --no-download http://mock-tube:80/playlists/engineering-playlist.rss?list=1"
mock-tube            | 172.22.0.5 - - [25/Apr/2026:11:02:12 +0000] "GET /playlists/engineering-playlist.rss?list=1 HTTP/1.1" 200 505 "-" "Mozilla/5.0 (Windows NT 10.0; Win64; x64) AppleWebKit/537.36 (KHTML, like Gecko) Chrome/137.0.0.0 Safari/537.36" "-"
yt-diff-test         | level=error msg="Error getting playlist title: WARNING: [generic] Falling back on generic information extractor\n" ts=2026-04-25T11:02:12.374Z
mock-tube            | 172.22.0.5 - - [25/Apr/2026:11:02:12 +0000] "GET /videos/video-engineering.mp4 HTTP/1.1" 200 2237 "-" "Mozilla/5.0 (Windows NT 10.0; Win64; x64) AppleWebKit/537.36 (KHTML, like Gecko) Chrome/137.0.0.0 Safari/537.36" "-"
yt-diff-test         | level=debug msg="Creating playlist with title: Engineering Stuff" ts=2026-04-25T11:02:12.552Z url="http://mock-tube:80/playlists/engineering-playlist.rss?list=1" pid=576 code=0 monitoringType="N/A" lastUpdatedByScheduler=1777114932552
yt-diff-test         | level=info msg="Starting streaming listing for playlist" ts=2026-04-25T11:02:12.559Z url="http://mock-tube:80/playlists/engineering-playlist.rss?list=1"
yt-diff-test         | level=trace msg="Starting streaming fetch for items" ts=2026-04-25T11:02:12.560Z url="http://mock-tube:80/playlists/engineering-playlist.rss?list=1" processKey="pending_http://mock-tube:80/playlists/engineering-playlist.rss?list=1_1777114931246" startIndex=1
yt-diff-test         | level=debug msg="Starting streaming listing for http://mock-tube:80/playlists/engineering-playlist.rss?list=1" ts=2026-04-25T11:02:12.561Z url="http://mock-tube:80/playlists/engineering-playlist.rss?list=1" fullCommand="yt-dlp --playlist-start 1 --dump-json --no-download http://mock-tube:80/playlists/engineering-playlist.rss?list=1"
mock-tube            | 172.22.0.5 - - [25/Apr/2026:11:02:13 +0000] "GET /playlists/engineering-playlist.rss?list=1 HTTP/1.1" 200 505 "-" "Mozilla/5.0 (Windows NT 10.0; Win64; x64) AppleWebKit/537.36 (KHTML, like Gecko) Chrome/140.0.0.0 Safari/537.36" "-"
yt-diff-test         | level=error msg="List process error" ts=2026-04-25T11:02:13.955Z error="WARNING: [generic] Falling back on generic information extractor\n" pid=581
mock-tube            | 172.22.0.5 - - [25/Apr/2026:11:02:13 +0000] "GET /videos/video-engineering.mp4 HTTP/1.1" 200 2237 "-" "Mozilla/5.0 (Windows NT 10.0; Win64; x64) AppleWebKit/537.36 (KHTML, like Gecko) Chrome/140.0.0.0 Safari/537.36" "-"
yt-diff-test         | level=trace msg="Processing video information chunk" ts=2026-04-25T11:02:14.162Z playlistUrl="http://mock-tube:80/playlists/engineering-playlist.rss?list=1" chunkStartIndex=1 isUpdate=false itemCount=1
yt-diff-test         | level=debug msg="Processed video item in memory" ts=2026-04-25T11:02:14.165Z videoUrl="http://mock-tube:80/videos/video-engineering.mp4" title="video-engineering.mp4 - Engineering Stuff" playlistUrl="http://mock-tube:80/playlists/engineering-playlist.rss?list=1" index=1
mock-tube            | ::1 - - [25/Apr/2026:11:02:14 +0000] "GET / HTTP/1.1" 200 3 "-" "curl/8.17.0" "-"
yt-diff-test         | level=info msg="Playlist listing completed" ts=2026-04-25T11:02:14.173Z url="http://mock-tube:80/playlists/engineering-playlist.rss?list=1" processedChunks=1 playlistTitle="Engineering Stuff" seekPlaylistListTo=1
yt-diff-test         | level=trace msg="Listing completed" ts=2026-04-25T11:02:14.173Z result="{\"url\":\"http://mock-tube:80/playlists/engineering-playlist.rss?list=1\",\"type\":\"Playlist\",\"status\":\"completed\",\"processedChunks\":1,\"playlistTitle\":\"Engineering Stuff\",\"seekPlaylistListTo\":1}" listEntry="{\"url\":\"http://mock-tube:80/playlists/engineering-playlist.rss?list=1\",\"type\":\"undetermined\",\"monitoringType\":\"N/A\",\"spawnType\":\"list\",\"lastActivity\":1777114934172,\"lastStdoutActivity\":1777114934172,\"spawnTimeStamp\":1777114932562,\"status\":\"completed\",\"spawnedProcess\":null}"
yt-diff-test         | level=debug msg="ListingSemaphore released" ts=2026-04-25T11:02:14.173Z
yt-diff-test         | level=info msg="Listed Engineering Stuff successfully" ts=2026-04-25T11:02:14.173Z
yt-diff-test         | level=trace msg="Request Received" ts=2026-04-25T11:02:14.729Z url="/ytdiff/ping" method="GET" encoding=""
mock-tube            | ::1 - - [25/Apr/2026:11:02:19 +0000] "GET / HTTP/1.1" 200 3 "-" "curl/8.17.0" "-"
yt-diff-test         | level=trace msg="Request Received" ts=2026-04-25T11:02:19.800Z url="/ytdiff/ping" method="GET" encoding=""
mock-tube            | ::1 - - [25/Apr/2026:11:02:24 +0000] "GET / HTTP/1.1" 200 3 "-" "curl/8.17.0" "-"
yt-diff-test         | level=trace msg="Request Received" ts=2026-04-25T11:02:24.876Z url="/ytdiff/ping" method="GET" encoding=""
yt-diff-test-runner  | TC-11.3 — Add a valid playlist immediately after the failure ... [0m[32mok[0m [0m[38;5;245m(15s)[0m
yt-diff-test         | level=trace msg="Fetching playlists for display" ts=2026-04-25T11:02:26.253Z startIndex=0 pageSize=10 sortBy="sortOrder" sortDirection="ASC" searchQuery=""
yt-diff-test-runner  | TC-11.4 — Valid playlist gets sortOrder === 0 with no gap ... [0m[32mok[0m [0m[38;5;245m(17ms)[0m
yt-diff-test         | level=debug msg="Received playlist delete request" ts=2026-04-25T11:02:26.270Z requestBody="{\"playListUrl\":\"http://mock-tube:80/playlists/engineering-playlist.rss?list=1\",\"deleteAllVideosInPlaylist\":true,\"deletePlaylist\":true,\"cleanUp\":false}"
yt-diff-test         | level=debug msg="Updated sortOrder for playlists after deleted playlist" ts=2026-04-25T11:02:26.276Z deletedSortOrder=1
yt-diff-test         | level=trace msg="Fetching playlists for display" ts=2026-04-25T11:02:26.278Z startIndex=0 pageSize=10 sortBy="sortOrder" sortDirection="ASC" searchQuery=""
yt-diff-test-runner  | TC-11.5 — Teardown: delete the Engineering Stuff playlist ... [0m[32mok[0m [0m[38;5;245m(14ms)[0m
yt-diff-test         | level=trace msg="Rate limit check for IP 172.22.0.6" ts=2026-04-25T11:02:26.284Z
yt-diff-test         | level=debug msg="Rate limiting disabled (maxRequestsPerWindow is 0)" ts=2026-04-25T11:02:26.284Z
yt-diff-test         | level=trace msg="Processing URL list" ts=2026-04-25T11:02:26.286Z urlCount=1 chunkSize=10 monitoringType="N/A"
yt-diff-test         | level=debug msg="Checking URL in database" ts=2026-04-25T11:02:26.286Z url="http://mock-tube:80/playlists/e7-shorts.rss?list=1"
yt-diff-test         | level=debug msg="URL not found in database, adding to list" ts=2026-04-25T11:02:26.290Z url="http://mock-tube:80/playlists/e7-shorts.rss?list=1"
yt-diff-test         | level=trace msg="Listing 1 items concurrently (chunk size: 10)" ts=2026-04-25T11:02:26.290Z
yt-diff-test         | level=trace msg="Starting listing with semaphore: {\"url\":\"http://mock-tube:80/playlists/e7-shorts.rss?list=1\",\"type\":\"undetermined\",\"currentMonitoringType\":\"N/A\",\"reason\":\"URL not found in database\"}" ts=2026-04-25T11:02:26.290Z
yt-diff-test         | level=debug msg="ListingSemaphore acquired, current concurrent: 1" ts=2026-04-25T11:02:26.290Z
yt-diff-test         | level=debug msg="Listing processes started" ts=2026-04-25T11:02:26.290Z itemCount=1
yt-diff-test         | level=debug msg="isScheduledUpdate: false" ts=2026-04-25T11:02:26.290Z item="{\"url\":\"http://mock-tube:80/playlists/e7-shorts.rss?list=1\",\"type\":\"undetermined\",\"currentMonitoringType\":\"N/A\",\"reason\":\"URL not found in database\"}" isScheduledUpdate=false
yt-diff-test         | level=debug msg="Playlist not found in database, adding to database" ts=2026-04-25T11:02:26.292Z url="http://mock-tube:80/playlists/e7-shorts.rss?list=1"
yt-diff-test         | level=debug msg="Trying to get playlist title" ts=2026-04-25T11:02:26.292Z url="http://mock-tube:80/playlists/e7-shorts.rss?list=1" fullCommand="yt-dlp --playlist-end 1 --dump-json --no-download http://mock-tube:80/playlists/e7-shorts.rss?list=1"
mock-tube            | 172.22.0.5 - - [25/Apr/2026:11:02:27 +0000] "GET /playlists/e7-shorts.rss?list=1 HTTP/1.1" 200 670 "-" "Mozilla/5.0 (Windows NT 10.0; Win64; x64) AppleWebKit/537.36 (KHTML, like Gecko) Chrome/142.0.0.0 Safari/537.36" "-"
yt-diff-test         | level=error msg="Error getting playlist title: WARNING: [generic] Falling back on generic information extractor\n" ts=2026-04-25T11:02:27.363Z
mock-tube            | 172.22.0.5 - - [25/Apr/2026:11:02:27 +0000] "GET /videos/video-e7-1.mp4 HTTP/1.1" 200 2237 "-" "Mozilla/5.0 (Windows NT 10.0; Win64; x64) AppleWebKit/537.36 (KHTML, like Gecko) Chrome/142.0.0.0 Safari/537.36" "-"
yt-diff-test         | level=debug msg="Creating playlist with title: E7 Shorts" ts=2026-04-25T11:02:27.526Z url="http://mock-tube:80/playlists/e7-shorts.rss?list=1" pid=606 code=0 monitoringType="N/A" lastUpdatedByScheduler=1777114947526
yt-diff-test         | level=info msg="Starting streaming listing for playlist" ts=2026-04-25T11:02:27.539Z url="http://mock-tube:80/playlists/e7-shorts.rss?list=1"
yt-diff-test         | level=trace msg="Starting streaming fetch for items" ts=2026-04-25T11:02:27.539Z url="http://mock-tube:80/playlists/e7-shorts.rss?list=1" processKey="pending_http://mock-tube:80/playlists/e7-shorts.rss?list=1_1777114946290" startIndex=1
yt-diff-test         | level=debug msg="Starting streaming listing for http://mock-tube:80/playlists/e7-shorts.rss?list=1" ts=2026-04-25T11:02:27.539Z url="http://mock-tube:80/playlists/e7-shorts.rss?list=1" fullCommand="yt-dlp --playlist-start 1 --dump-json --no-download http://mock-tube:80/playlists/e7-shorts.rss?list=1"
mock-tube            | 172.22.0.5 - - [25/Apr/2026:11:02:28 +0000] "GET /playlists/e7-shorts.rss?list=1 HTTP/1.1" 200 670 "-" "Mozilla/5.0 (Windows NT 10.0; Win64; x64) AppleWebKit/537.36 (KHTML, like Gecko) Chrome/140.0.0.0 Safari/537.36" "-"
yt-diff-test         | level=error msg="List process error" ts=2026-04-25T11:02:28.880Z error="WARNING: [generic] Falling back on generic information extractor\n" pid=611
mock-tube            | 172.22.0.5 - - [25/Apr/2026:11:02:28 +0000] "GET /videos/video-e7-1.mp4 HTTP/1.1" 200 2237 "-" "Mozilla/5.0 (Windows NT 10.0; Win64; x64) AppleWebKit/537.36 (KHTML, like Gecko) Chrome/140.0.0.0 Safari/537.36" "-"
mock-tube            | 172.22.0.5 - - [25/Apr/2026:11:02:28 +0000] "GET /videos/video-e7-2.mp4 HTTP/1.1" 200 2237 "-" "Mozilla/5.0 (Windows NT 10.0; Win64; x64) AppleWebKit/537.36 (KHTML, like Gecko) Chrome/140.0.0.0 Safari/537.36" "-"
yt-diff-test         | level=trace msg="Processing video information chunk" ts=2026-04-25T11:02:29.080Z playlistUrl="http://mock-tube:80/playlists/e7-shorts.rss?list=1" chunkStartIndex=1 isUpdate=false itemCount=2
yt-diff-test         | level=debug msg="Processed video item in memory" ts=2026-04-25T11:02:29.083Z videoUrl="http://mock-tube:80/videos/video-e7-1.mp4" title="video-e7-1.mp4 - E7 Shorts" playlistUrl="http://mock-tube:80/playlists/e7-shorts.rss?list=1" index=1
yt-diff-test         | level=debug msg="Processed video item in memory" ts=2026-04-25T11:02:29.084Z videoUrl="http://mock-tube:80/videos/video-e7-2.mp4" title="video-e7-2.mp4 - E7 Shorts" playlistUrl="http://mock-tube:80/playlists/e7-shorts.rss?list=1" index=2
yt-diff-test         | level=info msg="Playlist listing completed" ts=2026-04-25T11:02:29.090Z url="http://mock-tube:80/playlists/e7-shorts.rss?list=1" processedChunks=1 playlistTitle="E7 Shorts" seekPlaylistListTo=1
yt-diff-test         | level=trace msg="Listing completed" ts=2026-04-25T11:02:29.091Z result="{\"url\":\"http://mock-tube:80/playlists/e7-shorts.rss?list=1\",\"type\":\"Playlist\",\"status\":\"completed\",\"processedChunks\":1,\"playlistTitle\":\"E7 Shorts\",\"seekPlaylistListTo\":1}" listEntry="{\"url\":\"http://mock-tube:80/playlists/e7-shorts.rss?list=1\",\"type\":\"undetermined\",\"monitoringType\":\"N/A\",\"spawnType\":\"list\",\"lastActivity\":1777114949090,\"lastStdoutActivity\":1777114949090,\"spawnTimeStamp\":1777114947541,\"status\":\"completed\",\"spawnedProcess\":null}"
yt-diff-test         | level=debug msg="ListingSemaphore released" ts=2026-04-25T11:02:29.091Z
yt-diff-test         | level=info msg="Listed E7 Shorts successfully" ts=2026-04-25T11:02:29.091Z
mock-tube            | ::1 - - [25/Apr/2026:11:02:29 +0000] "GET / HTTP/1.1" 200 3 "-" "curl/8.17.0" "-"
yt-diff-test         | level=trace msg="Request Received" ts=2026-04-25T11:02:29.946Z url="/ytdiff/ping" method="GET" encoding=""
mock-tube            | ::1 - - [25/Apr/2026:11:02:34 +0000] "GET / HTTP/1.1" 200 3 "-" "curl/8.17.0" "-"
yt-diff-test         | level=trace msg="Request Received" ts=2026-04-25T11:02:35.019Z url="/ytdiff/ping" method="GET" encoding=""
mock-tube            | ::1 - - [25/Apr/2026:11:02:39 +0000] "GET / HTTP/1.1" 200 3 "-" "curl/8.17.0" "-"
yt-diff-test         | level=trace msg="Request Received" ts=2026-04-25T11:02:40.100Z url="/ytdiff/ping" method="GET" encoding=""
yt-diff-test         | level=trace msg="Rate limit check for IP 172.22.0.6" ts=2026-04-25T11:02:41.292Z
yt-diff-test         | level=debug msg="Rate limiting disabled (maxRequestsPerWindow is 0)" ts=2026-04-25T11:02:41.293Z
yt-diff-test         | level=trace msg="Processing URL list" ts=2026-04-25T11:02:41.293Z urlCount=1 chunkSize=10 monitoringType="N/A"
yt-diff-test         | level=debug msg="Checking URL in database" ts=2026-04-25T11:02:41.294Z url="http://mock-tube:80/videos/video-e7-1.mp4"
yt-diff-test         | level=debug msg="Video found in database" ts=2026-04-25T11:02:41.309Z url="http://mock-tube:80/videos/video-e7-1.mp4"
yt-diff-test         | level=trace msg="Listing 0 items concurrently (chunk size: 10)" ts=2026-04-25T11:02:41.317Z
yt-diff-test         | level=trace msg="No items to list" ts=2026-04-25T11:02:41.317Z
yt-diff-test         | level=debug msg="Listing processes started" ts=2026-04-25T11:02:41.317Z itemCount=0
yt-diff-test-runner  | TC-12.1 — Adding a known-but-unmapped video to 'None' uses fast-path insert ... [0m[32mok[0m [0m[38;5;245m(15s)[0m
yt-diff-test         | level=trace msg="Rate limit check for IP 172.22.0.6" ts=2026-04-25T11:02:41.320Z
yt-diff-test         | level=debug msg="Rate limiting disabled (maxRequestsPerWindow is 0)" ts=2026-04-25T11:02:41.320Z
yt-diff-test         | level=trace msg="Processing URL list" ts=2026-04-25T11:02:41.321Z urlCount=1 chunkSize=10 monitoringType="N/A"
yt-diff-test         | level=debug msg="Checking URL in database" ts=2026-04-25T11:02:41.321Z url="http://mock-tube:80/videos/video-e7-1.mp4"
yt-diff-test         | level=debug msg="Video found in database" ts=2026-04-25T11:02:41.327Z url="http://mock-tube:80/videos/video-e7-1.mp4"
yt-diff-test         | level=trace msg="Listing 0 items concurrently (chunk size: 10)" ts=2026-04-25T11:02:41.335Z
yt-diff-test         | level=trace msg="No items to list" ts=2026-04-25T11:02:41.335Z
yt-diff-test         | level=debug msg="Listing processes started" ts=2026-04-25T11:02:41.335Z itemCount=0
yt-diff-test-runner  | TC-12.2 — Duplicate add to 'None' returns standardized message ... [0m[32mok[0m [0m[38;5;245m(17ms)[0m
yt-diff-test         | level=trace msg="Fetching playlist videos" ts=2026-04-25T11:02:41.338Z startIndex=0 endIndex=8 searchQuery="" sortBy="positionInPlaylist" sortDirection="ASC" playlistUrl="None"
yt-diff-test-runner  | TC-12.3 — No filesystem paths in any 'None'-related response ... [0m[32mok[0m [0m[38;5;245m(11ms)[0m
yt-diff-test         | level=trace msg="Fetching playlist videos" ts=2026-04-25T11:02:41.349Z startIndex=0 endIndex=50 searchQuery="" sortBy="positionInPlaylist" sortDirection="ASC" playlistUrl="None"
yt-diff-test         | level=debug msg="Received video delete request" ts=2026-04-25T11:02:41.358Z requestBody="{\"playListUrl\":\"None\",\"videoUrls\":[\"http://mock-tube:80/videos/video-big-15.mp4\"],\"cleanUp\":true,\"deleteVideoMappings\":true,\"deleteVideosInDB\":true}"
yt-diff-test         | level=debug msg="Removing files for video" ts=2026-04-25T11:02:41.361Z videoUrl="http://mock-tube:80/videos/video-big-15.mp4" filesToRemove="{\"fileName\":\"video-big-15.mp4\",\"thumbNailFile\":null,\"subTitleFile\":null,\"commentsFile\":\"video-big-15.info.json\",\"descriptionFile\":null}"
yt-diff-test         | level=debug msg="Removing file" ts=2026-04-25T11:02:41.361Z videoUrl="http://mock-tube:80/videos/video-big-15.mp4" key="fileName" value="video-big-15.mp4" filePath="/app/downloads/Screen recordings/video-big-15.mp4"
yt-diff-test         | level=debug msg="Removed file" ts=2026-04-25T11:02:41.361Z videoUrl="http://mock-tube:80/videos/video-big-15.mp4" key="fileName" value="video-big-15.mp4" filePath="/app/downloads/Screen recordings/video-big-15.mp4"
yt-diff-test         | level=debug msg="Removing file" ts=2026-04-25T11:02:41.361Z videoUrl="http://mock-tube:80/videos/video-big-15.mp4" key="commentsFile" value="video-big-15.info.json" filePath="/app/downloads/Screen recordings/video-big-15.info.json"
yt-diff-test         | level=debug msg="Removed file" ts=2026-04-25T11:02:41.361Z videoUrl="http://mock-tube:80/videos/video-big-15.mp4" key="commentsFile" value="video-big-15.info.json" filePath="/app/downloads/Screen recordings/video-big-15.info.json"
yt-diff-test         | level=debug msg="Received video delete request" ts=2026-04-25T11:02:41.365Z requestBody="{\"playListUrl\":\"None\",\"videoUrls\":[\"http://mock-tube:80/videos/video-big-16.mp4\"],\"cleanUp\":true,\"deleteVideoMappings\":true,\"deleteVideosInDB\":true}"
yt-diff-test         | level=debug msg="Removing files for video" ts=2026-04-25T11:02:41.367Z videoUrl="http://mock-tube:80/videos/video-big-16.mp4" filesToRemove="{\"fileName\":\"video-big-16.mp4\",\"thumbNailFile\":null,\"subTitleFile\":null,\"commentsFile\":\"video-big-16.info.json\",\"descriptionFile\":null}"
yt-diff-test         | level=debug msg="Removing file" ts=2026-04-25T11:02:41.367Z videoUrl="http://mock-tube:80/videos/video-big-16.mp4" key="fileName" value="video-big-16.mp4" filePath="/app/downloads/Screen recordings/video-big-16.mp4"
yt-diff-test         | level=debug msg="Removed file" ts=2026-04-25T11:02:41.368Z videoUrl="http://mock-tube:80/videos/video-big-16.mp4" key="fileName" value="video-big-16.mp4" filePath="/app/downloads/Screen recordings/video-big-16.mp4"
yt-diff-test         | level=debug msg="Removing file" ts=2026-04-25T11:02:41.368Z videoUrl="http://mock-tube:80/videos/video-big-16.mp4" key="commentsFile" value="video-big-16.info.json" filePath="/app/downloads/Screen recordings/video-big-16.info.json"
yt-diff-test         | level=debug msg="Removed file" ts=2026-04-25T11:02:41.368Z videoUrl="http://mock-tube:80/videos/video-big-16.mp4" key="commentsFile" value="video-big-16.info.json" filePath="/app/downloads/Screen recordings/video-big-16.info.json"
yt-diff-test         | level=debug msg="Received video delete request" ts=2026-04-25T11:02:41.376Z requestBody="{\"playListUrl\":\"None\",\"videoUrls\":[\"http://mock-tube:80/videos/video-single.mp4\"],\"cleanUp\":false,\"deleteVideoMappings\":true,\"deleteVideosInDB\":true}"
yt-diff-test         | level=debug msg="Received video delete request" ts=2026-04-25T11:02:41.382Z requestBody="{\"playListUrl\":\"None\",\"videoUrls\":[\"http://mock-tube:80/videos/video-e7-1.mp4\"],\"cleanUp\":false,\"deleteVideoMappings\":true,\"deleteVideosInDB\":true}"
yt-diff-test         | level=trace msg="Fetching playlist videos" ts=2026-04-25T11:02:41.386Z startIndex=0 endIndex=8 searchQuery="" sortBy="positionInPlaylist" sortDirection="ASC" playlistUrl="None"
yt-diff-test-runner  | TC-9.1 — Remove remaining videos from 'None' playlist ... [0m[32mok[0m [0m[38;5;245m(44ms)[0m
yt-diff-test         | level=trace msg="Fetching playlists for display" ts=2026-04-25T11:02:41.395Z startIndex=0 pageSize=50 sortBy="sortOrder" sortDirection="ASC" searchQuery=""
yt-diff-test         | level=debug msg="Received playlist delete request" ts=2026-04-25T11:02:41.398Z requestBody="{\"playListUrl\":\"http://mock-tube:80/playlists/failed-playlist.rss?list=1\",\"deleteAllVideosInPlaylist\":true,\"deletePlaylist\":true,\"cleanUp\":true}"
yt-diff-test         | level=debug msg="Updated sortOrder for playlists after deleted playlist" ts=2026-04-25T11:02:41.402Z deletedSortOrder=0
yt-diff-test         | level=debug msg="Cleaning up playlist directory" ts=2026-04-25T11:02:41.402Z saveDirectory="playlists_failed-playlist.rss" absolutePath="/app/downloads/playlists_failed-playlist.rss"
yt-diff-test         | level=debug msg="Playlist directory cleaned up" ts=2026-04-25T11:02:41.402Z saveDirectory="playlists_failed-playlist.rss"
yt-diff-test         | level=debug msg="Received playlist delete request" ts=2026-04-25T11:02:41.407Z requestBody="{\"playListUrl\":\"http://mock-tube:80/playlists/e7-shorts.rss?list=1\",\"deleteAllVideosInPlaylist\":true,\"deletePlaylist\":true,\"cleanUp\":true}"
yt-diff-test         | level=debug msg="Updated sortOrder for playlists after deleted playlist" ts=2026-04-25T11:02:41.411Z deletedSortOrder=0
yt-diff-test         | level=debug msg="Cleaning up playlist directory" ts=2026-04-25T11:02:41.411Z saveDirectory="E7 Shorts" absolutePath="/app/downloads/E7 Shorts"
yt-diff-test         | level=debug msg="Playlist directory cleaned up" ts=2026-04-25T11:02:41.411Z saveDirectory="E7 Shorts"
yt-diff-test         | level=trace msg="Fetching playlists for display" ts=2026-04-25T11:02:41.415Z startIndex=0 pageSize=10 sortBy="sortOrder" sortDirection="ASC" searchQuery=""
yt-diff-test-runner  | TC-9.2 — Delete any remaining playlists with full cleanup ... [0m[32mok[0m [0m[38;5;245m(24ms)[0m
yt-diff-test-runner  | 
yt-diff-test-runner  | [0m[32mok[0m | 63 passed | 0 failed [0m[38;5;245m(6m21s)[0m
yt-diff-test-runner  | 
[Kyt-diff-test-runner exited with code 0
 Compose Stopping Aborting on container exit...
 Container yt-diff-test-runner Stopping 
 Container yt-diff-test-runner Stopped 
 Container yt-diff-test Stopping 
 Container mock-tube Stopping 
mock-tube            | 2026/04/25 11:02:41 [notice] 1#1: signal 3 (SIGQUIT) received, shutting down
mock-tube            | 2026/04/25 11:02:41 [notice] 30#30: gracefully shutting down
mock-tube            | 2026/04/25 11:02:41 [notice] 30#30: exiting
mock-tube            | 2026/04/25 11:02:41 [notice] 31#31: gracefully shutting down
mock-tube            | 2026/04/25 11:02:41 [notice] 31#31: exiting
mock-tube            | 2026/04/25 11:02:41 [notice] 30#30: exit
mock-tube            | 2026/04/25 11:02:41 [notice] 31#31: exit
mock-tube            | 2026/04/25 11:02:41 [notice] 32#32: gracefully shutting down
mock-tube            | 2026/04/25 11:02:41 [notice] 32#32: exiting
mock-tube            | 2026/04/25 11:02:41 [notice] 33#33: gracefully shutting down
mock-tube            | 2026/04/25 11:02:41 [notice] 33#33: exiting
mock-tube            | 2026/04/25 11:02:41 [notice] 32#32: exit
mock-tube            | 2026/04/25 11:02:41 [notice] 33#33: exit
mock-tube            | 2026/04/25 11:02:41 [notice] 1#1: signal 17 (SIGCHLD) received from 32
mock-tube            | 2026/04/25 11:02:41 [notice] 1#1: worker process 32 exited with code 0
mock-tube            | 2026/04/25 11:02:41 [notice] 1#1: signal 29 (SIGIO) received
mock-tube            | 2026/04/25 11:02:41 [notice] 1#1: signal 17 (SIGCHLD) received from 33
mock-tube            | 2026/04/25 11:02:41 [notice] 1#1: worker process 33 exited with code 0
mock-tube            | 2026/04/25 11:02:41 [notice] 1#1: signal 29 (SIGIO) received
mock-tube            | 2026/04/25 11:02:41 [notice] 1#1: signal 17 (SIGCHLD) received from 30
mock-tube            | 2026/04/25 11:02:41 [notice] 1#1: worker process 30 exited with code 0
mock-tube            | 2026/04/25 11:02:41 [notice] 1#1: signal 29 (SIGIO) received
mock-tube            | 2026/04/25 11:02:41 [notice] 1#1: signal 17 (SIGCHLD) received from 31
mock-tube            | 2026/04/25 11:02:41 [notice] 1#1: worker process 31 exited with code 0
mock-tube            | 2026/04/25 11:02:41 [notice] 1#1: exit
 Container yt-diff-test Stopped 
 Container valkey-test Stopping 
 Container yt-db-test Stopping 
[Kyt-diff-test exited with code 143
valkey-test          | 1:signal-handler (1777114962) Received SIGTERM scheduling shutdown...
yt-db-test           | 2026-04-25 11:02:42.292 UTC [1] LOG:  received fast shutdown request
yt-db-test           | 2026-04-25 11:02:42.292 UTC [1] LOG:  aborting any active transactions
yt-db-test           | 2026-04-25 11:02:42.299 UTC [1] LOG:  background worker "logical replication launcher" (PID 56) exited with exit code 1
yt-db-test           | 2026-04-25 11:02:42.305 UTC [51] LOG:  shutting down
yt-db-test           | 2026-04-25 11:02:42.305 UTC [51] LOG:  checkpoint starting: shutdown immediate
yt-db-test           | 2026-04-25 11:02:42.307 UTC [51] LOG:  checkpoint complete: wrote 42 buffers (0.3%); 0 WAL file(s) added, 0 removed, 0 recycled; write=0.002 s, sync=0.001 s, total=0.003 s; sync files=25, longest=0.001 s, average=0.001 s; distance=149 kB, estimate=958 kB; lsn=0/1A472D8, redo lsn=0/1A472D8
yt-db-test           | 2026-04-25 11:02:42.316 UTC [1] LOG:  database system is shut down
 Container mock-tube Stopped 
[Kmock-tube exited with code 0
valkey-test          | 1:M 25 Apr 2026 11:02:42.377 * User requested shutdown...
valkey-test          | 1:M 25 Apr 2026 11:02:42.377 * Saving the final RDB snapshot before exiting.
valkey-test          | 1:M 25 Apr 2026 11:02:42.383 * DB saved on disk
valkey-test          | 1:M 25 Apr 2026 11:02:42.383 # Valkey is now ready to exit, bye bye...
 Container yt-db-test Stopped 
[Kyt-db-test exited with code 0
 Container valkey-test Stopped 
[Kvalkey-test exited with code 0

✅ Tests completed successfully.
Cleaning up test environment...
 Container yt-diff-test-runner Stopping 
 Container yt-diff-test-runner Stopped 
 Container yt-diff-test-runner Removing 
 Container yt-diff-test-runner Removed 
 Container mock-tube Stopping 
 Container yt-diff-test Stopping 
 Container mock-tube Stopped 
 Container mock-tube Removing 
 Container yt-diff-test Stopped 
 Container yt-diff-test Removing 
 Container mock-tube Removed 
 Container yt-diff-test Removed 
 Container valkey-test Stopping 
 Container yt-db-test Stopping 
 Container yt-db-test Stopped 
 Container yt-db-test Removing 
 Container valkey-test Stopped 
 Container valkey-test Removing 
 Container valkey-test Removed 
 Container yt-db-test Removed 
 Network tests_default Removing 
 Network tests_default Removed 
